graph: { title: "/home/sogilis/XReq-Enhanced/src/xreqlib/common/xreqlib-asserts.adb"
node: { title: "system__exception_table__register_exception" label: "Register_Exception\n/home/sogilis/opt/GNAT/2019/lib/gcc/x86_64-pc-linux-gnu/8.3.1/adainclude/s-exctab.ads:45:14" shape : ellipse }
node: { title: "system__concat_8__str_concat_8" label: "Str_Concat_8\n/home/sogilis/opt/GNAT/2019/lib/gcc/x86_64-pc-linux-gnu/8.3.1/adainclude/s-conca8.ads:39:14" shape : ellipse }
node: { title: "memcpy" label: "builtin_memcpy\n<built-in>" shape : ellipse }
node: { title: "memcmp" label: "builtin_memcmp\n<built-in>" shape : ellipse }
node: { title: "__gnat_raise_exception" label: "Raise_Exception_Always\n/home/sogilis/opt/GNAT/2019/lib/gcc/x86_64-pc-linux-gnu/8.3.1/adainclude/a-except.ads:188:14" shape : ellipse }
node: { title: "xreqlib__asserts___elabs" label: "Asserts\n/home/sogilis/XReq-Enhanced/src/xreqlib/common/xreqlib-asserts.ads:20:1\n16 bytes (static)\n0 dynamic objects" }
edge: { sourcename: "xreqlib__asserts___elabs" targetname: "system__exception_table__register_exception" label: "/home/sogilis/XReq-Enhanced/src/xreqlib/common/xreqlib-asserts.ads:22:12" }
node: { title: "xreqlib__asserts__equals" label: "Equals\n/home/sogilis/XReq-Enhanced/src/xreqlib/common/xreqlib-asserts.adb:41:4\n448 bytes (dynamic)\n2 dynamic objects\n S31b /home/sogilis/XReq-Enhanced/src/xreqlib/common/xreqlib-asserts.adb:55:24\n S57b /home/sogilis/XReq-Enhanced/src/xreqlib/common/xreqlib-asserts.adb:66:24" }
edge: { sourcename: "xreqlib__asserts__equals" targetname: "__gnat_raise_exception" label: "/home/sogilis/XReq-Enhanced/src/xreqlib/common/xreqlib-asserts.adb:58:13" }
edge: { sourcename: "xreqlib__asserts__equals" targetname: "system__concat_8__str_concat_8" label: "/home/sogilis/XReq-Enhanced/src/xreqlib/common/xreqlib-asserts.adb:66:24" }
edge: { sourcename: "xreqlib__asserts__equals" targetname: "__gnat_raise_exception" label: "/home/sogilis/XReq-Enhanced/src/xreqlib/common/xreqlib-asserts.adb:45:13" }
edge: { sourcename: "xreqlib__asserts__equals" targetname: "memcpy" }
edge: { sourcename: "xreqlib__asserts__equals" targetname: "memcpy" }
edge: { sourcename: "xreqlib__asserts__equals" targetname: "memcpy" }
edge: { sourcename: "xreqlib__asserts__equals" targetname: "memcmp" label: "/home/sogilis/XReq-Enhanced/src/xreqlib/common/xreqlib-asserts.adb:43:13" }
node: { title: "xreqlib__asserts__assert" label: "Assert\n/home/sogilis/XReq-Enhanced/src/xreqlib/common/xreqlib-asserts.adb:26:4\n64 bytes (static)\n0 dynamic objects" }
edge: { sourcename: "xreqlib__asserts__assert" targetname: "__gnat_raise_exception" label: "/home/sogilis/XReq-Enhanced/src/xreqlib/common/xreqlib-asserts.adb:32:13" }
edge: { sourcename: "xreqlib__asserts__assert" targetname: "__gnat_raise_exception" label: "/home/sogilis/XReq-Enhanced/src/xreqlib/common/xreqlib-asserts.adb:30:13" }
}
