edge: { sourcename: "xreqlib__containers__string_vectors__vector_iterator_interfaces__Tforward_iteratorCFD"
  targetname: "-9:xreqlib__containers__string_vectors__vector_iterator_interfaces__forward_iterator,xreqlib__containers__string_vectors__vector_iterator_interfaces__forward_iterator"
  label: "a-iteint.ads:24:9 [a-convec.ads:111:4 [xreqlib-containers.ads:13:4]]"
}
edge: { sourcename: "xreqlib__containers__string_vectors__vector_iterator_interfaces__Treversible_iteratorCFD"
  targetname: "-9:xreqlib__containers__string_vectors__vector_iterator_interfaces__reversible_iterator,xreqlib__containers__string_vectors__vector_iterator_interfaces__reversible_iterator"
  label: "a-iteint.ads:32:9 [a-convec.ads:111:4 [xreqlib-containers.ads:13:4]]"
}
class {
  classname: "xreqlib__containers__string_vectors__vector_iterator_interfaces__forward_iterator"
  label: "xreqlib__containers__string_vectors__vector_iterator_interfaces__forward_iterator\a-iteint.ads:24:9 [a-convec.ads:111:4 [xreqlib-containers.ads:13:4]]"
  virtuals: "1:xreqlib__containers__string_vectors__vector_iterator_interfaces__first\n
             2:xreqlib__containers__string_vectors__vector_iterator_interfaces__next\n
             -1:xreqlib__containers__string_vectors__vector_iterator_interfaces___size\n
             -2:xreqlib__containers__string_vectors__vector_iterator_interfaces__forward_iteratorSR\n
             -3:xreqlib__containers__string_vectors__vector_iterator_interfaces__forward_iteratorSW\n
             -4:xreqlib__containers__string_vectors__vector_iterator_interfaces__forward_iteratorSI\n
             -5:xreqlib__containers__string_vectors__vector_iterator_interfaces__forward_iteratorSO\n
             -10:xreqlib__containers__string_vectors__vector_iterator_interfaces___disp_asynchronous_select\n
             -11:xreqlib__containers__string_vectors__vector_iterator_interfaces___disp_conditional_select\n
             -12:xreqlib__containers__string_vectors__vector_iterator_interfaces___disp_get_prim_op_kind\n
             -13:xreqlib__containers__string_vectors__vector_iterator_interfaces___disp_get_task_id\n
             -14:xreqlib__containers__string_vectors__vector_iterator_interfaces___disp_requeue\n
             -15:xreqlib__containers__string_vectors__vector_iterator_interfaces___disp_timed_select\n
             -9:xreqlib__containers__string_vectors__vector_iterator_interfaces__forward_iteratorDF"
}
class {
  classname: "xreqlib__containers__string_vectors__vector_iterator_interfaces__reversible_iterator"
  label: "xreqlib__containers__string_vectors__vector_iterator_interfaces__reversible_iterator\a-iteint.ads:32:9 [a-convec.ads:111:4 [xreqlib-containers.ads:13:4]]"
  parent: "xreqlib__containers__string_vectors__vector_iterator_interfaces__forward_iterator"
  virtuals: "-1:xreqlib__containers__string_vectors__vector_iterator_interfaces___size__2,-1:xreqlib__containers__string_vectors__vector_iterator_interfaces__forward_iterator\n
             -2:xreqlib__containers__string_vectors__vector_iterator_interfaces__reversible_iteratorSR,-2:xreqlib__containers__string_vectors__vector_iterator_interfaces__forward_iterator\n
             -3:xreqlib__containers__string_vectors__vector_iterator_interfaces__reversible_iteratorSW,-3:xreqlib__containers__string_vectors__vector_iterator_interfaces__forward_iterator\n
             -5:xreqlib__containers__string_vectors__vector_iterator_interfaces__reversible_iteratorSO,-5:xreqlib__containers__string_vectors__vector_iterator_interfaces__forward_iterator\n
             -10:xreqlib__containers__string_vectors__vector_iterator_interfaces___disp_asynchronous_select__2,-10:xreqlib__containers__string_vectors__vector_iterator_interfaces__forward_iterator\n
             -11:xreqlib__containers__string_vectors__vector_iterator_interfaces___disp_conditional_select__2,-11:xreqlib__containers__string_vectors__vector_iterator_interfaces__forward_iterator\n
             -12:xreqlib__containers__string_vectors__vector_iterator_interfaces___disp_get_prim_op_kind__2,-12:xreqlib__containers__string_vectors__vector_iterator_interfaces__forward_iterator\n
             -13:xreqlib__containers__string_vectors__vector_iterator_interfaces___disp_get_task_id__2,-13:xreqlib__containers__string_vectors__vector_iterator_interfaces__forward_iterator\n
             -14:xreqlib__containers__string_vectors__vector_iterator_interfaces___disp_requeue__2,-14:xreqlib__containers__string_vectors__vector_iterator_interfaces__forward_iterator\n
             -15:xreqlib__containers__string_vectors__vector_iterator_interfaces___disp_timed_select__2,-15:xreqlib__containers__string_vectors__vector_iterator_interfaces__forward_iterator\n
             -9:xreqlib__containers__string_vectors__vector_iterator_interfaces__reversible_iteratorDF,-9:xreqlib__containers__string_vectors__vector_iterator_interfaces__forward_iterator\n
             3:xreqlib__containers__string_vectors__vector_iterator_interfaces__last\n
             4:xreqlib__containers__string_vectors__vector_iterator_interfaces__previous"
}
edge: { sourcename: "xreqlib__containers__string_vectors__implementation__Treference_control_typeCFD"
  targetname: "-9:xreqlib__containers__string_vectors__implementation__reference_control_type,xreqlib__containers__string_vectors__implementation__reference_control_type"
  label: "a-conhel.ads:84:12 [a-convec.ads:678:4 [xreqlib-containers.ads:13:4]]"
}
edge: { sourcename: "xreqlib__containers__string_vectors__implementation__Twith_busyCFD"
  targetname: "-9:xreqlib__containers__string_vectors__implementation__with_busy,xreqlib__containers__string_vectors__implementation__with_busy"
  label: "a-conhel.ads:136:12 [a-convec.ads:678:4 [xreqlib-containers.ads:13:4]]"
}
edge: { sourcename: "xreqlib__containers__string_vectors__implementation__Twith_lockCFD"
  targetname: "-9:xreqlib__containers__string_vectors__implementation__with_lock,xreqlib__containers__string_vectors__implementation__with_lock"
  label: "a-conhel.ads:142:12 [a-convec.ads:678:4 [xreqlib-containers.ads:13:4]]"
}
class {
  classname: "xreqlib__containers__string_vectors__implementation__reference_control_type"
  label: "xreqlib__containers__string_vectors__implementation__reference_control_type\a-conhel.ads:84:12 [a-convec.ads:678:4 [xreqlib-containers.ads:13:4]]"
  parent: "ada__finalization__controlled"
  virtuals: "1:xreqlib__containers__string_vectors__implementation__adjust,1:ada__finalization__controlled\n
             2:xreqlib__containers__string_vectors__implementation__finalize,2:ada__finalization__controlled\n
             -1:xreqlib__containers__string_vectors__implementation___size,-1:ada__finalization__controlled\n
             -2:xreqlib__containers__string_vectors__implementation__reference_control_typeSR,-2:ada__finalization__controlled\n
             -3:xreqlib__containers__string_vectors__implementation__reference_control_typeSW,-3:ada__finalization__controlled\n
             -4:xreqlib__containers__string_vectors__implementation__reference_control_typeSI,-4:ada__finalization__controlled\n
             -5:xreqlib__containers__string_vectors__implementation__reference_control_typeSO,-5:ada__finalization__controlled\n
             -6:xreqlib__containers__string_vectors__implementation__Oeq__3,-6:ada__finalization__controlled\n
             -7:xreqlib__containers__string_vectors__implementation___assign__3,-7:ada__finalization__controlled\n
             -8:xreqlib__containers__string_vectors__implementation__reference_control_typeDA,-8:ada__finalization__controlled\n
             -9:xreqlib__containers__string_vectors__implementation__reference_control_typeDF,-9:ada__finalization__controlled"
}
class {
  classname: "xreqlib__containers__string_vectors__implementation__with_busy"
  label: "xreqlib__containers__string_vectors__implementation__with_busy\a-conhel.ads:136:12 [a-convec.ads:678:4 [xreqlib-containers.ads:13:4]]"
  parent: "ada__finalization__limited_controlled"
  virtuals: "2:xreqlib__containers__string_vectors__implementation__finalize__2,2:ada__finalization__limited_controlled\n
             3:xreqlib__containers__string_vectors__implementation__initialize__2,3:ada__finalization__limited_controlled\n
             -1:xreqlib__containers__string_vectors__implementation___size__2,-1:ada__finalization__limited_controlled\n
             -9:xreqlib__containers__string_vectors__implementation__with_busyDF,-9:ada__finalization__limited_controlled"
}
class {
  classname: "xreqlib__containers__string_vectors__implementation__with_lock"
  label: "xreqlib__containers__string_vectors__implementation__with_lock\a-conhel.ads:142:12 [a-convec.ads:678:4 [xreqlib-containers.ads:13:4]]"
  parent: "ada__finalization__limited_controlled"
  virtuals: "2:xreqlib__containers__string_vectors__implementation__finalize__3,2:ada__finalization__limited_controlled\n
             3:xreqlib__containers__string_vectors__implementation__initialize__3,3:ada__finalization__limited_controlled\n
             -1:xreqlib__containers__string_vectors__implementation___size__3,-1:ada__finalization__limited_controlled\n
             -9:xreqlib__containers__string_vectors__implementation__with_lockDF,-9:ada__finalization__limited_controlled"
}
edge: { sourcename: "xreqlib__containers__string_vectors__TvectorCFD"
  targetname: "-9:xreqlib__containers__string_vectors__vector,xreqlib__containers__string_vectors__vector"
  label: "a-convec.ads:88:9 [xreqlib-containers.ads:13:4]"
}
class {
  classname: "xreqlib__containers__string_vectors__vector"
  label: "xreqlib__containers__string_vectors__vector\a-convec.ads:88:9 [xreqlib-containers.ads:13:4]"
  parent: "xreqlib__containers__string_vectors__vector"
  virtuals: "1:xreqlib__containers__string_vectors__adjust__2,1:ada__finalization__controlled\n
             2:xreqlib__containers__string_vectors__finalize__2,2:ada__finalization__controlled\n
             -1:xreqlib__containers__string_vectors___size__2,-1:ada__finalization__controlled\n
             -2:xreqlib__containers__string_vectors__vectorSR__2,-2:ada__finalization__controlled\n
             -3:xreqlib__containers__string_vectors__vectorSW__2,-3:ada__finalization__controlled\n
             -4:xreqlib__containers__string_vectors__vectorSI__2,-4:ada__finalization__controlled\n
             -5:xreqlib__containers__string_vectors__vectorSO__2,-5:ada__finalization__controlled\n
             -6:xreqlib__containers__string_vectors__Oeq__2,-6:ada__finalization__controlled\n
             -7:xreqlib__containers__string_vectors___assign__2,-7:ada__finalization__controlled\n
             -8:xreqlib__containers__string_vectors__vectorDA__2,-8:ada__finalization__controlled\n
             -9:xreqlib__containers__string_vectors__vectorDF__2,-9:ada__finalization__controlled\n
             4:xreqlib__containers__string_vectors__to_vector\n
             5:xreqlib__containers__string_vectors__to_vector__2\n
             6:xreqlib__containers__string_vectors__Oconcat\n
             7:xreqlib__containers__string_vectors__Oconcat__2\n
             8:xreqlib__containers__string_vectors__Oconcat__3\n
             9:xreqlib__containers__string_vectors__Oconcat__4\n
             10:xreqlib__containers__string_vectors__capacity\n
             11:xreqlib__containers__string_vectors__reserve_capacity\n
             12:xreqlib__containers__string_vectors__length\n
             13:xreqlib__containers__string_vectors__set_length\n
             14:xreqlib__containers__string_vectors__is_empty\n
             15:xreqlib__containers__string_vectors__clear\n
             16:xreqlib__containers__string_vectors__to_cursor\n
             17:xreqlib__containers__string_vectors__element\n
             18:xreqlib__containers__string_vectors__replace_element\n
             19:xreqlib__containers__string_vectors__replace_element__2\n
             20:xreqlib__containers__string_vectors__query_element\n
             21:xreqlib__containers__string_vectors__update_element\n
             22:xreqlib__containers__string_vectors__update_element__2\n
             23:xreqlib__containers__string_vectors__constant_reference\n
             24:xreqlib__containers__string_vectors__reference\n
             25:xreqlib__containers__string_vectors__constant_reference__2\n
             26:xreqlib__containers__string_vectors__reference__2\n
             27:xreqlib__containers__string_vectors__assign\n
             28:xreqlib__containers__string_vectors__copy\n
             29:xreqlib__containers__string_vectors__move\n
             30:xreqlib__containers__string_vectors__insert\n
             31:xreqlib__containers__string_vectors__insert__2\n
             32:xreqlib__containers__string_vectors__insert__3\n
             33:xreqlib__containers__string_vectors__insert__4\n
             34:xreqlib__containers__string_vectors__insert__5\n
             35:xreqlib__containers__string_vectors__insert__6\n
             36:xreqlib__containers__string_vectors__insert__7\n
             37:xreqlib__containers__string_vectors__insert__8\n
             38:xreqlib__containers__string_vectors__prepend\n
             39:xreqlib__containers__string_vectors__prepend__2\n
             40:xreqlib__containers__string_vectors__append\n
             41:xreqlib__containers__string_vectors__append__2\n
             42:xreqlib__containers__string_vectors__insert_space\n
             43:xreqlib__containers__string_vectors__insert_space__2\n
             44:xreqlib__containers__string_vectors__delete\n
             45:xreqlib__containers__string_vectors__delete__2\n
             46:xreqlib__containers__string_vectors__delete_first\n
             47:xreqlib__containers__string_vectors__delete_last\n
             48:xreqlib__containers__string_vectors__reverse_elements\n
             49:xreqlib__containers__string_vectors__swap\n
             50:xreqlib__containers__string_vectors__swap__2\n
             51:xreqlib__containers__string_vectors__first_index\n
             52:xreqlib__containers__string_vectors__first\n
             53:xreqlib__containers__string_vectors__first_element\n
             54:xreqlib__containers__string_vectors__last_index\n
             55:xreqlib__containers__string_vectors__last\n
             56:xreqlib__containers__string_vectors__last_element\n
             57:xreqlib__containers__string_vectors__find_index\n
             58:xreqlib__containers__string_vectors__find\n
             59:xreqlib__containers__string_vectors__reverse_find_index\n
             60:xreqlib__containers__string_vectors__reverse_find\n
             61:xreqlib__containers__string_vectors__contains\n
             62:xreqlib__containers__string_vectors__iterate\n
             63:xreqlib__containers__string_vectors__reverse_iterate\n
             64:xreqlib__containers__string_vectors__iterate__2\n
             65:xreqlib__containers__string_vectors__iterate__3\n
             66:xreqlib__containers__string_vectors__write\n
             67:xreqlib__containers__string_vectors__read"
}
edge: { sourcename: "xreqlib__containers__string_vectors__TiteratorCFD"
  targetname: "-9:xreqlib__containers__string_vectors__iterator,xreqlib__containers__string_vectors__iterator"
  label: "a-convec.ads:803:9 [xreqlib-containers.ads:13:4]"
}
class {
  classname: "xreqlib__containers__string_vectors__iterator"
  label: "xreqlib__containers__string_vectors__iterator\a-convec.ads:803:9 [xreqlib-containers.ads:13:4]"
  parent: "ada__finalization__limited_controlled, xreqlib__containers__string_vectors__vector_iterator_interfaces__reversible_iterator"
  virtuals: "2:xreqlib__containers__string_vectors__finalize__4,2:ada__finalization__limited_controlled\n
             -1:xreqlib__containers__string_vectors___size__4,-1:ada__finalization__limited_controlled\n
             -9:xreqlib__containers__string_vectors__iteratorDF__2,-9:ada__finalization__limited_controlled\n
             4:xreqlib__containers__string_vectors__first__3,1:xreqlib__containers__string_vectors__vector_iterator_interfaces__forward_iterator,1:xreqlib__containers__string_vectors__vector_iterator_interfaces__reversible_iterator\n
             5:xreqlib__containers__string_vectors__last__3,3:xreqlib__containers__string_vectors__vector_iterator_interfaces__reversible_iterator\n
             6:xreqlib__containers__string_vectors__next__4,2:xreqlib__containers__string_vectors__vector_iterator_interfaces__forward_iterator,2:xreqlib__containers__string_vectors__vector_iterator_interfaces__reversible_iterator\n
             7:xreqlib__containers__string_vectors__previous__4,4:xreqlib__containers__string_vectors__vector_iterator_interfaces__reversible_iterator"
}
graph: { title: "/home/sogilis/XReq-Enhanced/src/xreqlib/common/xreqlib-containers.ads"
node: { title: "_Unwind_Resume" label: "builtin_unwind_resume\n<built-in>" shape : ellipse }
node: { title: "system__finalization_masters__set_finalize_address" label: "Set_Finalize_Address\n/home/sogilis/opt/GNAT/2019/lib/gcc/x86_64-pc-linux-gnu/8.3.1/adainclude/s-finmas.ads:126:14" shape : ellipse }
node: { title: "system__finalization_masters__set_base_pool" label: "Set_Base_Pool\n/home/sogilis/opt/GNAT/2019/lib/gcc/x86_64-pc-linux-gnu/8.3.1/adainclude/s-finmas.ads:201:14" shape : ellipse }
node: { title: "system__finalization_masters__initialize__2" label: "Initialize\n/home/sogilis/opt/GNAT/2019/lib/gcc/x86_64-pc-linux-gnu/8.3.1/adainclude/s-finmas.ads:198:25" shape : ellipse }
node: { title: "system__finalization_masters__finalization_masterIP" label: "Finalization_Masterip\n/home/sogilis/opt/GNAT/2019/lib/gcc/x86_64-pc-linux-gnu/8.3.1/adainclude/s-finmas.ads:161:9" shape : ellipse }
node: { title: "ada__tags__register_tag" label: "Register_Tag\n/home/sogilis/opt/GNAT/2019/lib/gcc/x86_64-pc-linux-gnu/8.3.1/adainclude/a-tags.ads:552:14" shape : ellipse }
node: { title: "ada__tags__check_tsd" label: "Check_Tsd\n/home/sogilis/opt/GNAT/2019/lib/gcc/x86_64-pc-linux-gnu/8.3.1/adainclude/a-tags.ads:465:14" shape : ellipse }
node: { title: "system__soft_links__save_library_occurrence" label: "Save_Library_Occurrence\n/home/sogilis/opt/GNAT/2019/lib/gcc/x86_64-pc-linux-gnu/8.3.1/adainclude/s-soflin.ads:315:14" shape : ellipse }
node: { title: "system__finalization_masters__finalize" label: "Finalize\n/home/sogilis/opt/GNAT/2019/lib/gcc/x86_64-pc-linux-gnu/8.3.1/adainclude/s-finmas.ads:96:25" shape : ellipse }
node: { title: "ada__tags__unregister_tag" label: "Unregister_Tag\n/home/sogilis/opt/GNAT/2019/lib/gcc/x86_64-pc-linux-gnu/8.3.1/adainclude/a-tags.ads:588:14" shape : ellipse }
node: { title: "system__finalization_root___assign" label: "Finalization_Root\n/home/sogilis/opt/GNAT/2019/lib/gcc/x86_64-pc-linux-gnu/8.3.1/adainclude/s-finroo.ads:40:9" shape : ellipse }
node: { title: "system__finalization_root__Oeq" label: "=\n/home/sogilis/opt/GNAT/2019/lib/gcc/x86_64-pc-linux-gnu/8.3.1/adainclude/s-finroo.ads:40:9" shape : ellipse }
node: { title: "system__finalization_root__root_controlledSO" label: "Root_Controlledso\n/home/sogilis/opt/GNAT/2019/lib/gcc/x86_64-pc-linux-gnu/8.3.1/adainclude/s-finroo.ads:40:9" shape : ellipse }
node: { title: "system__finalization_root__root_controlledSW" label: "Root_Controlledsw\n/home/sogilis/opt/GNAT/2019/lib/gcc/x86_64-pc-linux-gnu/8.3.1/adainclude/s-finroo.ads:40:9" shape : ellipse }
node: { title: "system__finalization_root__root_controlledSR" label: "Root_Controlledsr\n/home/sogilis/opt/GNAT/2019/lib/gcc/x86_64-pc-linux-gnu/8.3.1/adainclude/s-finroo.ads:40:9" shape : ellipse }
node: { title: "ada__tags__offset_to_top" label: "Offset_To_Top\n/home/sogilis/opt/GNAT/2019/lib/gcc/x86_64-pc-linux-gnu/8.3.1/adainclude/a-tags.ads:518:13" shape : ellipse }
node: { title: "__gnat_rcheck_CE_Access_Check_ext" label: "gnat_rcheck_CE_Access_Check_ext\n<built-in>" shape : ellipse }
node: { title: "__gnat_rcheck_CE_Overflow_Check" label: "gnat_rcheck_CE_Overflow_Check\n<built-in>" shape : ellipse }
node: { title: "system__finalization_masters__add_offset_to_address" label: "Add_Offset_To_Address\n/home/sogilis/opt/GNAT/2019/lib/gcc/x86_64-pc-linux-gnu/8.3.1/adainclude/s-finmas.ads:189:13" shape : ellipse }
node: { title: "__gnat_set_exception_parameter" label: "gnat_set_exception_parameter\n<built-in>" shape : ellipse }
node: { title: "ada__finalization__Oeq__3" label: "=\n/home/sogilis/opt/GNAT/2019/lib/gcc/x86_64-pc-linux-gnu/8.3.1/adainclude/a-finali.ads:59:9" shape : ellipse }
node: { title: "system__stream_attributes__w_as" label: "W_As\n/home/sogilis/opt/GNAT/2019/lib/gcc/x86_64-pc-linux-gnu/8.3.1/adainclude/s-stratt.ads:133:14" shape : ellipse }
node: { title: "ada__finalization__controlledSW__2" label: "Controlledsw\n/home/sogilis/opt/GNAT/2019/lib/gcc/x86_64-pc-linux-gnu/8.3.1/adainclude/a-finali.ads:59:9" shape : ellipse }
node: { title: "system__stream_attributes__i_as" label: "I_As\n/home/sogilis/opt/GNAT/2019/lib/gcc/x86_64-pc-linux-gnu/8.3.1/adainclude/s-stratt.ads:102:13" shape : ellipse }
node: { title: "ada__finalization__controlledSR__2" label: "Controlledsr\n/home/sogilis/opt/GNAT/2019/lib/gcc/x86_64-pc-linux-gnu/8.3.1/adainclude/a-finali.ads:59:9" shape : ellipse }
node: { title: "system__strings__stream_ops__string_output_blk_io" label: "String_Output_Blk_Io\n/home/sogilis/opt/GNAT/2019/lib/gcc/x86_64-pc-linux-gnu/8.3.1/adainclude/s-ststop.ads:168:14" shape : ellipse }
node: { title: "ada__strings__unbounded__to_string" label: "To_String\n/home/sogilis/opt/GNAT/2019/lib/gcc/x86_64-pc-linux-gnu/8.3.1/adainclude/a-strunb.ads:116:13" shape : ellipse }
node: { title: "system__stream_attributes__w_u" label: "W_U\n/home/sogilis/opt/GNAT/2019/lib/gcc/x86_64-pc-linux-gnu/8.3.1/adainclude/s-stratt.ads:151:14" shape : ellipse }
node: { title: "ada__containers__helpers__tamper_countsIP" label: "Tamper_Countsip\n/home/sogilis/opt/GNAT/2019/lib/gcc/x86_64-pc-linux-gnu/8.3.1/adainclude/a-conhel.ads:43:9" shape : ellipse }
node: { title: "ada__strings__unbounded__to_unbounded_string" label: "To_Unbounded_String\n/home/sogilis/opt/GNAT/2019/lib/gcc/x86_64-pc-linux-gnu/8.3.1/adainclude/a-strunb.ads:103:13" shape : ellipse }
node: { title: "system__strings__stream_ops__string_input_blk_io" label: "String_Input_Blk_Io\n/home/sogilis/opt/GNAT/2019/lib/gcc/x86_64-pc-linux-gnu/8.3.1/adainclude/s-ststop.ads:154:13" shape : ellipse }
node: { title: "system__stream_attributes__i_u" label: "I_U\n/home/sogilis/opt/GNAT/2019/lib/gcc/x86_64-pc-linux-gnu/8.3.1/adainclude/s-stratt.ads:119:13" shape : ellipse }
node: { title: "system__secondary_stack__ss_release" label: "Ss_Release\n/home/sogilis/opt/GNAT/2019/lib/gcc/x86_64-pc-linux-gnu/8.3.1/adainclude/s-secsta.ads:95:14" shape : ellipse }
node: { title: "ada__tags__needs_finalization" label: "Needs_Finalization\n/home/sogilis/opt/GNAT/2019/lib/gcc/x86_64-pc-linux-gnu/8.3.1/adainclude/a-tags.ads:525:13" shape : ellipse }
node: { title: "ada__finalization__limited_controlledIP" label: "Limited_Controlledip\n/home/sogilis/opt/GNAT/2019/lib/gcc/x86_64-pc-linux-gnu/8.3.1/adainclude/a-finali.ads:65:9" shape : ellipse }
node: { title: "__gnat_rcheck_PE_Build_In_Place_Mismatch" label: "gnat_rcheck_PE_Build_In_Place_Mismatch\n<built-in>" shape : ellipse }
node: { title: "system__storage_pools__allocate_any" label: "Allocate_Any\n/home/sogilis/opt/GNAT/2019/lib/gcc/x86_64-pc-linux-gnu/8.3.1/adainclude/s-stopoo.ads:88:14" shape : ellipse }
node: { title: "system__finalization_masters__base_pool" label: "Base_Pool\n/home/sogilis/opt/GNAT/2019/lib/gcc/x86_64-pc-linux-gnu/8.3.1/adainclude/s-finmas.ads:193:13" shape : ellipse }
node: { title: "__gnat_malloc" label: "gnat_malloc\n<built-in>" shape : ellipse }
node: { title: "system__secondary_stack__ss_mark" label: "Ss_Mark\n/home/sogilis/opt/GNAT/2019/lib/gcc/x86_64-pc-linux-gnu/8.3.1/adainclude/s-secsta.ads:92:13" shape : ellipse }
node: { title: "ada__strings__unbounded__finalize__2" label: "Finalize\n/home/sogilis/opt/GNAT/2019/lib/gcc/x86_64-pc-linux-gnu/8.3.1/adainclude/a-strunb.ads:749:25" shape : ellipse }
node: { title: "ada__strings__unbounded__initialize__2" label: "Initialize\n/home/sogilis/opt/GNAT/2019/lib/gcc/x86_64-pc-linux-gnu/8.3.1/adainclude/a-strunb.ads:747:25" shape : ellipse }
node: { title: "ada__strings__unbounded__unbounded_stringIP" label: "Unbounded_Stringip\n/home/sogilis/opt/GNAT/2019/lib/gcc/x86_64-pc-linux-gnu/8.3.1/adainclude/a-strunb.ads:737:9" shape : ellipse }
node: { title: "__gnat_reraise_zcx" label: "gnat_reraise_zcx\n<built-in>" shape : ellipse }
node: { title: "system__storage_pools__subpools__deallocate_any_controlled" label: "Deallocate_Any_Controlled\n/home/sogilis/opt/GNAT/2019/lib/gcc/x86_64-pc-linux-gnu/8.3.1/adainclude/s-stposu.ads:305:14" shape : ellipse }
node: { title: "ada__strings__unbounded__adjust__2" label: "Adjust\n/home/sogilis/opt/GNAT/2019/lib/gcc/x86_64-pc-linux-gnu/8.3.1/adainclude/a-strunb.ads:748:25" shape : ellipse }
node: { title: "ada__finalization__controlledIP" label: "Controlledip\n/home/sogilis/opt/GNAT/2019/lib/gcc/x86_64-pc-linux-gnu/8.3.1/adainclude/a-finali.ads:59:9" shape : ellipse }
node: { title: "ada__strings__unbounded___assign__2" label: "Unbounded\n/home/sogilis/opt/GNAT/2019/lib/gcc/x86_64-pc-linux-gnu/8.3.1/adainclude/a-strunb.ads:737:9" shape : ellipse }
node: { title: "system__storage_pools__subpools__allocate_any_controlled" label: "Allocate_Any_Controlled\n/home/sogilis/opt/GNAT/2019/lib/gcc/x86_64-pc-linux-gnu/8.3.1/adainclude/s-stposu.ads:263:14" shape : ellipse }
node: { title: "ada__strings__unbounded__Oeq" label: "=\n/home/sogilis/opt/GNAT/2019/lib/gcc/x86_64-pc-linux-gnu/8.3.1/adainclude/a-strunb.ads:238:13" shape : ellipse }
node: { title: "__gnat_end_handler" label: "gnat_end_handler\n<built-in>" shape : ellipse }
node: { title: "ada__exceptions__save_occurrence" label: "Save_Occurrence\n/home/sogilis/opt/GNAT/2019/lib/gcc/x86_64-pc-linux-gnu/8.3.1/adainclude/a-except.ads:123:14" shape : ellipse }
node: { title: "__gnat_begin_handler" label: "gnat_begin_handler\n<built-in>" shape : ellipse }
node: { title: "__gnat_raise_from_controlled_operation" label: "Raise_From_Controlled_Operation\n/home/sogilis/opt/GNAT/2019/lib/gcc/x86_64-pc-linux-gnu/8.3.1/adainclude/a-except.ads:215:14" shape : ellipse }
node: { title: "ada__exceptions__triggered_by_abort" label: "Triggered_By_Abort\n/home/sogilis/opt/GNAT/2019/lib/gcc/x86_64-pc-linux-gnu/8.3.1/adainclude/a-except.ads:245:13" shape : ellipse }
node: { title: "system__secondary_stack__ss_allocate" label: "Ss_Allocate\n/home/sogilis/opt/GNAT/2019/lib/gcc/x86_64-pc-linux-gnu/8.3.1/adainclude/s-secsta.ads:72:14" shape : ellipse }
node: { title: "system__standard_library__abort_undefer_direct" label: "Abort_Undefer_Direct\n/home/sogilis/opt/GNAT/2019/lib/gcc/x86_64-pc-linux-gnu/8.3.1/adainclude/s-stalib.ads:254:14" shape : ellipse }
node: { title: "__gnat_raise_exception" label: "Raise_Exception_Always\n/home/sogilis/opt/GNAT/2019/lib/gcc/x86_64-pc-linux-gnu/8.3.1/adainclude/a-except.ads:188:14" shape : ellipse }
node: { title: "xreqlib__containers___elabs" label: "Containers\n/home/sogilis/XReq-Enhanced/src/xreqlib/common/xreqlib-containers.ads:7:1\n48 bytes (static)\n0 dynamic objects" }
edge: { sourcename: "xreqlib__containers___elabs" targetname: "_Unwind_Resume" }
edge: { sourcename: "xreqlib__containers___elabs" targetname: "_Unwind_Resume" }
edge: { sourcename: "xreqlib__containers___elabs" targetname: "xreqlib__containers__string_vectors__adjust__2" label: "/home/sogilis/XReq-Enhanced/src/xreqlib/common/xreqlib-containers.ads:20:4" }
edge: { sourcename: "xreqlib__containers___elabs" targetname: "ada__tags__register_tag" label: "/home/sogilis/opt/GNAT/2019/lib/gcc/x86_64-pc-linux-gnu/8.3.1/adainclude/a-convec.ads:803:9" }
edge: { sourcename: "xreqlib__containers___elabs" targetname: "ada__tags__check_tsd" label: "/home/sogilis/opt/GNAT/2019/lib/gcc/x86_64-pc-linux-gnu/8.3.1/adainclude/a-convec.ads:803:9" }
edge: { sourcename: "xreqlib__containers___elabs" targetname: "system__finalization_masters__set_finalize_address" label: "/home/sogilis/opt/GNAT/2019/lib/gcc/x86_64-pc-linux-gnu/8.3.1/adainclude/a-convec.ads:793:9" }
edge: { sourcename: "xreqlib__containers___elabs" targetname: "system__finalization_masters__set_base_pool" label: "/home/sogilis/opt/GNAT/2019/lib/gcc/x86_64-pc-linux-gnu/8.3.1/adainclude/a-convec.ads:793:9" }
edge: { sourcename: "xreqlib__containers___elabs" targetname: "system__standard_library__abort_undefer_direct" label: "/home/sogilis/opt/GNAT/2019/lib/gcc/x86_64-pc-linux-gnu/8.3.1/adainclude/a-convec.ads:793:0" }
edge: { sourcename: "xreqlib__containers___elabs" targetname: "system__finalization_masters__initialize__2" label: "/home/sogilis/opt/GNAT/2019/lib/gcc/x86_64-pc-linux-gnu/8.3.1/adainclude/a-convec.ads:793:9" }
edge: { sourcename: "xreqlib__containers___elabs" targetname: "system__finalization_masters__finalization_masterIP" label: "/home/sogilis/opt/GNAT/2019/lib/gcc/x86_64-pc-linux-gnu/8.3.1/adainclude/a-convec.ads:793:9" }
edge: { sourcename: "xreqlib__containers___elabs" targetname: "__indirect_call" label: "/home/sogilis/opt/GNAT/2019/lib/gcc/x86_64-pc-linux-gnu/8.3.1/adainclude/a-convec.ads:793:9" }
node: { title: "__indirect_call" label: "Indirect Call Placeholder" shape : ellipse }
edge: { sourcename: "xreqlib__containers___elabs" targetname: "system__finalization_masters__set_finalize_address" label: "/home/sogilis/opt/GNAT/2019/lib/gcc/x86_64-pc-linux-gnu/8.3.1/adainclude/a-convec.ads:820:15" }
edge: { sourcename: "xreqlib__containers___elabs" targetname: "ada__containers__helpers__tamper_countsIP" label: "/home/sogilis/opt/GNAT/2019/lib/gcc/x86_64-pc-linux-gnu/8.3.1/adainclude/a-convec.ads:801:38" }
edge: { sourcename: "xreqlib__containers___elabs" targetname: "ada__finalization__controlledIP" label: "/home/sogilis/opt/GNAT/2019/lib/gcc/x86_64-pc-linux-gnu/8.3.1/adainclude/a-convec.ads:801:38" }
edge: { sourcename: "xreqlib__containers___elabs" targetname: "ada__tags__register_tag" label: "/home/sogilis/opt/GNAT/2019/lib/gcc/x86_64-pc-linux-gnu/8.3.1/adainclude/a-convec.ads:693:9" }
edge: { sourcename: "xreqlib__containers___elabs" targetname: "ada__tags__check_tsd" label: "/home/sogilis/opt/GNAT/2019/lib/gcc/x86_64-pc-linux-gnu/8.3.1/adainclude/a-convec.ads:693:9" }
edge: { sourcename: "xreqlib__containers___elabs" targetname: "system__finalization_masters__set_base_pool" label: "/home/sogilis/opt/GNAT/2019/lib/gcc/x86_64-pc-linux-gnu/8.3.1/adainclude/a-convec.ads:688:9" }
edge: { sourcename: "xreqlib__containers___elabs" targetname: "system__standard_library__abort_undefer_direct" label: "/home/sogilis/opt/GNAT/2019/lib/gcc/x86_64-pc-linux-gnu/8.3.1/adainclude/a-convec.ads:688:0" }
edge: { sourcename: "xreqlib__containers___elabs" targetname: "system__finalization_masters__initialize__2" label: "/home/sogilis/opt/GNAT/2019/lib/gcc/x86_64-pc-linux-gnu/8.3.1/adainclude/a-convec.ads:688:9" }
edge: { sourcename: "xreqlib__containers___elabs" targetname: "system__finalization_masters__finalization_masterIP" label: "/home/sogilis/opt/GNAT/2019/lib/gcc/x86_64-pc-linux-gnu/8.3.1/adainclude/a-convec.ads:688:9" }
edge: { sourcename: "xreqlib__containers___elabs" targetname: "__indirect_call" label: "/home/sogilis/opt/GNAT/2019/lib/gcc/x86_64-pc-linux-gnu/8.3.1/adainclude/a-convec.ads:688:9" }
edge: { sourcename: "xreqlib__containers___elabs" targetname: "ada__tags__register_tag" label: "/home/sogilis/opt/GNAT/2019/lib/gcc/x86_64-pc-linux-gnu/8.3.1/adainclude/a-conhel.ads:142:12" }
edge: { sourcename: "xreqlib__containers___elabs" targetname: "ada__tags__check_tsd" label: "/home/sogilis/opt/GNAT/2019/lib/gcc/x86_64-pc-linux-gnu/8.3.1/adainclude/a-conhel.ads:142:12" }
edge: { sourcename: "xreqlib__containers___elabs" targetname: "ada__tags__register_tag" label: "/home/sogilis/opt/GNAT/2019/lib/gcc/x86_64-pc-linux-gnu/8.3.1/adainclude/a-conhel.ads:136:12" }
edge: { sourcename: "xreqlib__containers___elabs" targetname: "ada__tags__check_tsd" label: "/home/sogilis/opt/GNAT/2019/lib/gcc/x86_64-pc-linux-gnu/8.3.1/adainclude/a-conhel.ads:136:12" }
edge: { sourcename: "xreqlib__containers___elabs" targetname: "ada__tags__register_tag" label: "/home/sogilis/opt/GNAT/2019/lib/gcc/x86_64-pc-linux-gnu/8.3.1/adainclude/a-conhel.ads:84:12" }
edge: { sourcename: "xreqlib__containers___elabs" targetname: "ada__tags__check_tsd" label: "/home/sogilis/opt/GNAT/2019/lib/gcc/x86_64-pc-linux-gnu/8.3.1/adainclude/a-conhel.ads:84:12" }
edge: { sourcename: "xreqlib__containers___elabs" targetname: "ada__tags__register_tag" label: "/home/sogilis/opt/GNAT/2019/lib/gcc/x86_64-pc-linux-gnu/8.3.1/adainclude/a-iteint.ads:32:9" }
edge: { sourcename: "xreqlib__containers___elabs" targetname: "ada__tags__check_tsd" label: "/home/sogilis/opt/GNAT/2019/lib/gcc/x86_64-pc-linux-gnu/8.3.1/adainclude/a-iteint.ads:32:9" }
edge: { sourcename: "xreqlib__containers___elabs" targetname: "ada__tags__register_tag" label: "/home/sogilis/opt/GNAT/2019/lib/gcc/x86_64-pc-linux-gnu/8.3.1/adainclude/a-iteint.ads:24:9" }
edge: { sourcename: "xreqlib__containers___elabs" targetname: "ada__tags__check_tsd" label: "/home/sogilis/opt/GNAT/2019/lib/gcc/x86_64-pc-linux-gnu/8.3.1/adainclude/a-iteint.ads:24:9" }
node: { title: "xreqlib__containers__finalize_spec" label: "Finalize_Spec\n/home/sogilis/XReq-Enhanced/src/xreqlib/common/xreqlib-containers.ads:7:1\n752 bytes (static)\n0 dynamic objects" }
edge: { sourcename: "xreqlib__containers__finalize_spec" targetname: "_Unwind_Resume" }
edge: { sourcename: "xreqlib__containers__finalize_spec" targetname: "__gnat_end_handler" label: "/home/sogilis/XReq-Enhanced/src/xreqlib/common/xreqlib-containers.ads:7:0" }
edge: { sourcename: "xreqlib__containers__finalize_spec" targetname: "system__soft_links__save_library_occurrence" label: "/home/sogilis/XReq-Enhanced/src/xreqlib/common/xreqlib-containers.ads:7:1" }
edge: { sourcename: "xreqlib__containers__finalize_spec" targetname: "__indirect_call" label: "/home/sogilis/XReq-Enhanced/src/xreqlib/common/xreqlib-containers.ads:7:1" }
edge: { sourcename: "xreqlib__containers__finalize_spec" targetname: "__gnat_begin_handler" label: "/home/sogilis/XReq-Enhanced/src/xreqlib/common/xreqlib-containers.ads:7:1" }
edge: { sourcename: "xreqlib__containers__finalize_spec" targetname: "_Unwind_Resume" }
edge: { sourcename: "xreqlib__containers__finalize_spec" targetname: "_Unwind_Resume" }
edge: { sourcename: "xreqlib__containers__finalize_spec" targetname: "__gnat_end_handler" label: "/home/sogilis/XReq-Enhanced/src/xreqlib/common/xreqlib-containers.ads:7:0" }
edge: { sourcename: "xreqlib__containers__finalize_spec" targetname: "system__soft_links__save_library_occurrence" label: "/home/sogilis/XReq-Enhanced/src/xreqlib/common/xreqlib-containers.ads:7:1" }
edge: { sourcename: "xreqlib__containers__finalize_spec" targetname: "__indirect_call" label: "/home/sogilis/XReq-Enhanced/src/xreqlib/common/xreqlib-containers.ads:7:1" }
edge: { sourcename: "xreqlib__containers__finalize_spec" targetname: "__gnat_begin_handler" label: "/home/sogilis/XReq-Enhanced/src/xreqlib/common/xreqlib-containers.ads:7:1" }
edge: { sourcename: "xreqlib__containers__finalize_spec" targetname: "_Unwind_Resume" }
edge: { sourcename: "xreqlib__containers__finalize_spec" targetname: "_Unwind_Resume" }
edge: { sourcename: "xreqlib__containers__finalize_spec" targetname: "__gnat_end_handler" label: "/home/sogilis/XReq-Enhanced/src/xreqlib/common/xreqlib-containers.ads:7:0" }
edge: { sourcename: "xreqlib__containers__finalize_spec" targetname: "system__soft_links__save_library_occurrence" label: "/home/sogilis/XReq-Enhanced/src/xreqlib/common/xreqlib-containers.ads:7:1" }
edge: { sourcename: "xreqlib__containers__finalize_spec" targetname: "__indirect_call" label: "/home/sogilis/XReq-Enhanced/src/xreqlib/common/xreqlib-containers.ads:7:1" }
edge: { sourcename: "xreqlib__containers__finalize_spec" targetname: "__gnat_begin_handler" label: "/home/sogilis/XReq-Enhanced/src/xreqlib/common/xreqlib-containers.ads:7:1" }
edge: { sourcename: "xreqlib__containers__finalize_spec" targetname: "_Unwind_Resume" }
edge: { sourcename: "xreqlib__containers__finalize_spec" targetname: "_Unwind_Resume" }
edge: { sourcename: "xreqlib__containers__finalize_spec" targetname: "__gnat_end_handler" label: "/home/sogilis/XReq-Enhanced/src/xreqlib/common/xreqlib-containers.ads:7:0" }
edge: { sourcename: "xreqlib__containers__finalize_spec" targetname: "system__soft_links__save_library_occurrence" label: "/home/sogilis/XReq-Enhanced/src/xreqlib/common/xreqlib-containers.ads:7:1" }
edge: { sourcename: "xreqlib__containers__finalize_spec" targetname: "__indirect_call" label: "/home/sogilis/XReq-Enhanced/src/xreqlib/common/xreqlib-containers.ads:7:1" }
edge: { sourcename: "xreqlib__containers__finalize_spec" targetname: "__gnat_begin_handler" label: "/home/sogilis/XReq-Enhanced/src/xreqlib/common/xreqlib-containers.ads:7:1" }
edge: { sourcename: "xreqlib__containers__finalize_spec" targetname: "_Unwind_Resume" }
edge: { sourcename: "xreqlib__containers__finalize_spec" targetname: "__indirect_call" label: "/home/sogilis/XReq-Enhanced/src/xreqlib/common/xreqlib-containers.ads:7:1" }
edge: { sourcename: "xreqlib__containers__finalize_spec" targetname: "system__finalization_masters__finalize" label: "/home/sogilis/opt/GNAT/2019/lib/gcc/x86_64-pc-linux-gnu/8.3.1/adainclude/a-convec.ads:688:9" }
edge: { sourcename: "xreqlib__containers__finalize_spec" targetname: "xreqlib__containers__string_vectors__finalize__2" label: "/home/sogilis/opt/GNAT/2019/lib/gcc/x86_64-pc-linux-gnu/8.3.1/adainclude/a-convec.ads:801:4" }
edge: { sourcename: "xreqlib__containers__finalize_spec" targetname: "system__finalization_masters__finalize" label: "/home/sogilis/opt/GNAT/2019/lib/gcc/x86_64-pc-linux-gnu/8.3.1/adainclude/a-convec.ads:793:9" }
edge: { sourcename: "xreqlib__containers__finalize_spec" targetname: "xreqlib__containers__string_vectors__finalize__2" label: "/home/sogilis/XReq-Enhanced/src/xreqlib/common/xreqlib-containers.ads:20:4" }
edge: { sourcename: "xreqlib__containers__finalize_spec" targetname: "ada__tags__unregister_tag" label: "/home/sogilis/XReq-Enhanced/src/xreqlib/common/xreqlib-containers.ads:7:1" }
edge: { sourcename: "xreqlib__containers__finalize_spec" targetname: "ada__tags__unregister_tag" label: "/home/sogilis/XReq-Enhanced/src/xreqlib/common/xreqlib-containers.ads:7:1" }
edge: { sourcename: "xreqlib__containers__finalize_spec" targetname: "ada__tags__unregister_tag" label: "/home/sogilis/XReq-Enhanced/src/xreqlib/common/xreqlib-containers.ads:7:1" }
edge: { sourcename: "xreqlib__containers__finalize_spec" targetname: "ada__tags__unregister_tag" label: "/home/sogilis/XReq-Enhanced/src/xreqlib/common/xreqlib-containers.ads:7:1" }
edge: { sourcename: "xreqlib__containers__finalize_spec" targetname: "ada__tags__unregister_tag" label: "/home/sogilis/XReq-Enhanced/src/xreqlib/common/xreqlib-containers.ads:7:1" }
edge: { sourcename: "xreqlib__containers__finalize_spec" targetname: "__indirect_call" label: "/home/sogilis/XReq-Enhanced/src/xreqlib/common/xreqlib-containers.ads:7:1" }
node: { title: "xreqlib__containers__string_vectors__T655s" label: "T655s\n/home/sogilis/opt/GNAT/2019/lib/gcc/x86_64-pc-linux-gnu/8.3.1/adainclude/a-convec.ads:803:9\n0 bytes\n0 dynamic objects" }
node: { title: "/home/sogilis/XReq-Enhanced/src/xreqlib/common/xreqlib-containers.ads:*.LTHUNK5" label: "*.Lthunk5\n/home/sogilis/opt/GNAT/2019/lib/gcc/x86_64-pc-linux-gnu/8.3.1/adainclude/a-convec.adb:2263:4\n64 bytes (static)\n0 dynamic objects" }
edge: { sourcename: "xreqlib__containers__string_vectors__previous__4" targetname: "xreqlib__containers__string_vectors__previous" label: "/home/sogilis/opt/GNAT/2019/lib/gcc/x86_64-pc-linux-gnu/8.3.1/adainclude/a-convec.adb:2271:17" }
edge: { sourcename: "xreqlib__containers__string_vectors__previous__4" targetname: "__gnat_raise_exception" label: "/home/sogilis/opt/GNAT/2019/lib/gcc/x86_64-pc-linux-gnu/8.3.1/adainclude/a-convec.adb:2268:10" }
node: { title: "xreqlib__containers__string_vectors__T652s" label: "T652s\n/home/sogilis/opt/GNAT/2019/lib/gcc/x86_64-pc-linux-gnu/8.3.1/adainclude/a-convec.ads:803:9\n0 bytes\n0 dynamic objects" }
node: { title: "/home/sogilis/XReq-Enhanced/src/xreqlib/common/xreqlib-containers.ads:*.LTHUNK4" label: "*.Lthunk4\n/home/sogilis/opt/GNAT/2019/lib/gcc/x86_64-pc-linux-gnu/8.3.1/adainclude/a-convec.adb:2087:4\n32 bytes (static)\n0 dynamic objects" }
edge: { sourcename: "xreqlib__containers__string_vectors__last__3" targetname: "xreqlib__containers__string_vectors__last" label: "/home/sogilis/opt/GNAT/2019/lib/gcc/x86_64-pc-linux-gnu/8.3.1/adainclude/a-convec.adb:2103:17" }
node: { title: "xreqlib__containers__string_vectors__T649s" label: "T649s\n/home/sogilis/opt/GNAT/2019/lib/gcc/x86_64-pc-linux-gnu/8.3.1/adainclude/a-convec.ads:803:9\n0 bytes\n0 dynamic objects" }
node: { title: "/home/sogilis/XReq-Enhanced/src/xreqlib/common/xreqlib-containers.ads:*.LTHUNK3" label: "*.Lthunk3\n/home/sogilis/opt/GNAT/2019/lib/gcc/x86_64-pc-linux-gnu/8.3.1/adainclude/a-convec.adb:2207:4\n64 bytes (static)\n0 dynamic objects" }
edge: { sourcename: "xreqlib__containers__string_vectors__next__4" targetname: "xreqlib__containers__string_vectors__next" label: "/home/sogilis/opt/GNAT/2019/lib/gcc/x86_64-pc-linux-gnu/8.3.1/adainclude/a-convec.adb:2215:17" }
edge: { sourcename: "xreqlib__containers__string_vectors__next__4" targetname: "__gnat_raise_exception" label: "/home/sogilis/opt/GNAT/2019/lib/gcc/x86_64-pc-linux-gnu/8.3.1/adainclude/a-convec.adb:2212:10" }
node: { title: "xreqlib__containers__string_vectors__T646s" label: "T646s\n/home/sogilis/opt/GNAT/2019/lib/gcc/x86_64-pc-linux-gnu/8.3.1/adainclude/a-convec.ads:803:9\n0 bytes\n0 dynamic objects" }
node: { title: "/home/sogilis/XReq-Enhanced/src/xreqlib/common/xreqlib-containers.ads:*.LTHUNK2" label: "*.Lthunk2\n/home/sogilis/opt/GNAT/2019/lib/gcc/x86_64-pc-linux-gnu/8.3.1/adainclude/a-convec.adb:696:4\n32 bytes (static)\n0 dynamic objects" }
edge: { sourcename: "xreqlib__containers__string_vectors__first__3" targetname: "xreqlib__containers__string_vectors__first" label: "/home/sogilis/opt/GNAT/2019/lib/gcc/x86_64-pc-linux-gnu/8.3.1/adainclude/a-convec.adb:713:17" }
node: { title: "xreqlib__containers__string_vectors__T642s" label: "T642s\n/home/sogilis/opt/GNAT/2019/lib/gcc/x86_64-pc-linux-gnu/8.3.1/adainclude/a-convec.ads:803:9\n0 bytes\n0 dynamic objects" }
node: { title: "/home/sogilis/XReq-Enhanced/src/xreqlib/common/xreqlib-containers.ads:*.LTHUNK1" label: "*.Lthunk1\n/home/sogilis/opt/GNAT/2019/lib/gcc/x86_64-pc-linux-gnu/8.3.1/adainclude/a-convec.ads:803:9\n32 bytes (static)\n0 dynamic objects" }
edge: { sourcename: "xreqlib__containers__string_vectors__iteratorDF__2" targetname: "xreqlib__containers__string_vectors__finalize__4" label: "/home/sogilis/opt/GNAT/2019/lib/gcc/x86_64-pc-linux-gnu/8.3.1/adainclude/a-convec.ads:803:9" }
node: { title: "xreqlib__containers__string_vectors__T639s" label: "T639s\n/home/sogilis/opt/GNAT/2019/lib/gcc/x86_64-pc-linux-gnu/8.3.1/adainclude/a-convec.ads:803:9\n16 bytes (static)\n0 dynamic objects" }
edge: { sourcename: "xreqlib__containers__string_vectors__T639s" targetname: "system__finalization_root__root_controlledDA" }
node: { title: "system__finalization_root__root_controlledDA" label: "Root_Controlledda\n/home/sogilis/opt/GNAT/2019/lib/gcc/x86_64-pc-linux-gnu/8.3.1/adainclude/s-finroo.ads:40:9" shape : ellipse }
node: { title: "xreqlib__containers__string_vectors__T636s" label: "T636s\n/home/sogilis/opt/GNAT/2019/lib/gcc/x86_64-pc-linux-gnu/8.3.1/adainclude/a-convec.ads:803:9\n48 bytes (static)\n0 dynamic objects" }
edge: { sourcename: "xreqlib__containers__string_vectors__T636s" targetname: "system__finalization_root___assign" label: "/home/sogilis/opt/GNAT/2019/lib/gcc/x86_64-pc-linux-gnu/8.3.1/adainclude/a-convec.ads:803:9" }
edge: { sourcename: "xreqlib__containers__string_vectors__T636s" targetname: "ada__tags__offset_to_top" label: "/home/sogilis/opt/GNAT/2019/lib/gcc/x86_64-pc-linux-gnu/8.3.1/adainclude/a-convec.ads:803:9" }
edge: { sourcename: "xreqlib__containers__string_vectors__T636s" targetname: "ada__tags__offset_to_top" label: "/home/sogilis/opt/GNAT/2019/lib/gcc/x86_64-pc-linux-gnu/8.3.1/adainclude/a-convec.ads:803:9" }
node: { title: "xreqlib__containers__string_vectors__T631s" label: "T631s\n/home/sogilis/opt/GNAT/2019/lib/gcc/x86_64-pc-linux-gnu/8.3.1/adainclude/a-convec.ads:803:9\n48 bytes (static)\n0 dynamic objects" }
edge: { sourcename: "xreqlib__containers__string_vectors__T631s" targetname: "system__finalization_root__Oeq" label: "/home/sogilis/opt/GNAT/2019/lib/gcc/x86_64-pc-linux-gnu/8.3.1/adainclude/a-convec.ads:803:9" }
edge: { sourcename: "xreqlib__containers__string_vectors__T631s" targetname: "ada__tags__offset_to_top" label: "/home/sogilis/opt/GNAT/2019/lib/gcc/x86_64-pc-linux-gnu/8.3.1/adainclude/a-convec.ads:803:9" }
edge: { sourcename: "xreqlib__containers__string_vectors__T631s" targetname: "ada__tags__offset_to_top" label: "/home/sogilis/opt/GNAT/2019/lib/gcc/x86_64-pc-linux-gnu/8.3.1/adainclude/a-convec.ads:803:9" }
node: { title: "xreqlib__containers__string_vectors__T626s" label: "T626s\n/home/sogilis/opt/GNAT/2019/lib/gcc/x86_64-pc-linux-gnu/8.3.1/adainclude/a-convec.ads:803:9\n48 bytes (static)\n0 dynamic objects" }
edge: { sourcename: "xreqlib__containers__string_vectors__T626s" targetname: "system__finalization_root__root_controlledSO" label: "/home/sogilis/opt/GNAT/2019/lib/gcc/x86_64-pc-linux-gnu/8.3.1/adainclude/a-convec.ads:803:9" }
edge: { sourcename: "xreqlib__containers__string_vectors__T626s" targetname: "ada__tags__offset_to_top" label: "/home/sogilis/opt/GNAT/2019/lib/gcc/x86_64-pc-linux-gnu/8.3.1/adainclude/a-convec.ads:803:9" }
node: { title: "xreqlib__containers__string_vectors__T623s" label: "T623s\n/home/sogilis/opt/GNAT/2019/lib/gcc/x86_64-pc-linux-gnu/8.3.1/adainclude/a-convec.ads:803:9\n48 bytes (static)\n0 dynamic objects" }
edge: { sourcename: "xreqlib__containers__string_vectors__T623s" targetname: "system__finalization_root__root_controlledSW" label: "/home/sogilis/opt/GNAT/2019/lib/gcc/x86_64-pc-linux-gnu/8.3.1/adainclude/a-convec.ads:803:9" }
edge: { sourcename: "xreqlib__containers__string_vectors__T623s" targetname: "ada__tags__offset_to_top" label: "/home/sogilis/opt/GNAT/2019/lib/gcc/x86_64-pc-linux-gnu/8.3.1/adainclude/a-convec.ads:803:9" }
node: { title: "xreqlib__containers__string_vectors__T620s" label: "T620s\n/home/sogilis/opt/GNAT/2019/lib/gcc/x86_64-pc-linux-gnu/8.3.1/adainclude/a-convec.ads:803:9\n48 bytes (static)\n0 dynamic objects" }
edge: { sourcename: "xreqlib__containers__string_vectors__T620s" targetname: "system__finalization_root__root_controlledSR" label: "/home/sogilis/opt/GNAT/2019/lib/gcc/x86_64-pc-linux-gnu/8.3.1/adainclude/a-convec.ads:803:9" }
edge: { sourcename: "xreqlib__containers__string_vectors__T620s" targetname: "ada__tags__offset_to_top" label: "/home/sogilis/opt/GNAT/2019/lib/gcc/x86_64-pc-linux-gnu/8.3.1/adainclude/a-convec.ads:803:9" }
node: { title: "xreqlib__containers__string_vectors__T617s" label: "T617s\n/home/sogilis/opt/GNAT/2019/lib/gcc/x86_64-pc-linux-gnu/8.3.1/adainclude/a-convec.ads:803:9\n0 bytes\n0 dynamic objects" }
node: { title: "/home/sogilis/XReq-Enhanced/src/xreqlib/common/xreqlib-containers.ads:*.LTHUNK0" label: "*.Lthunk0\n/home/sogilis/opt/GNAT/2019/lib/gcc/x86_64-pc-linux-gnu/8.3.1/adainclude/a-convec.ads:803:9\n16 bytes (static)\n0 dynamic objects" }
node: { title: "xreqlib__containers__string_vectors__reference_typeSR" label: "Reference_Typesr\n/home/sogilis/opt/GNAT/2019/lib/gcc/x86_64-pc-linux-gnu/8.3.1/adainclude/a-convec.ads:779:4\n48 bytes (static)\n0 dynamic objects" }
edge: { sourcename: "xreqlib__containers__string_vectors__reference_typeSR" targetname: "xreqlib__containers__string_vectors__read__4" label: "/home/sogilis/opt/GNAT/2019/lib/gcc/x86_64-pc-linux-gnu/8.3.1/adainclude/a-convec.ads:779:4" }
edge: { sourcename: "xreqlib__containers__string_vectors__reference_typeSR" targetname: "__gnat_rcheck_CE_Access_Check_ext" label: "/home/sogilis/opt/GNAT/2019/lib/gcc/x86_64-pc-linux-gnu/8.3.1/adainclude/a-convec.ads:779:4" }
node: { title: "xreqlib__containers__string_vectors__reference_typeSW" label: "Reference_Typesw\n/home/sogilis/opt/GNAT/2019/lib/gcc/x86_64-pc-linux-gnu/8.3.1/adainclude/a-convec.ads:773:4\n48 bytes (static)\n0 dynamic objects" }
edge: { sourcename: "xreqlib__containers__string_vectors__reference_typeSW" targetname: "xreqlib__containers__string_vectors__write__4" label: "/home/sogilis/opt/GNAT/2019/lib/gcc/x86_64-pc-linux-gnu/8.3.1/adainclude/a-convec.ads:773:4" }
edge: { sourcename: "xreqlib__containers__string_vectors__reference_typeSW" targetname: "__gnat_rcheck_CE_Access_Check_ext" label: "/home/sogilis/opt/GNAT/2019/lib/gcc/x86_64-pc-linux-gnu/8.3.1/adainclude/a-convec.ads:773:4" }
node: { title: "xreqlib__containers__string_vectors__constant_reference_typeSR" label: "Constant_Reference_Typesr\n/home/sogilis/opt/GNAT/2019/lib/gcc/x86_64-pc-linux-gnu/8.3.1/adainclude/a-convec.ads:757:4\n48 bytes (static)\n0 dynamic objects" }
edge: { sourcename: "xreqlib__containers__string_vectors__constant_reference_typeSR" targetname: "xreqlib__containers__string_vectors__read__3" label: "/home/sogilis/opt/GNAT/2019/lib/gcc/x86_64-pc-linux-gnu/8.3.1/adainclude/a-convec.ads:757:4" }
edge: { sourcename: "xreqlib__containers__string_vectors__constant_reference_typeSR" targetname: "__gnat_rcheck_CE_Access_Check_ext" label: "/home/sogilis/opt/GNAT/2019/lib/gcc/x86_64-pc-linux-gnu/8.3.1/adainclude/a-convec.ads:757:4" }
node: { title: "xreqlib__containers__string_vectors__constant_reference_typeSW" label: "Constant_Reference_Typesw\n/home/sogilis/opt/GNAT/2019/lib/gcc/x86_64-pc-linux-gnu/8.3.1/adainclude/a-convec.ads:751:4\n48 bytes (static)\n0 dynamic objects" }
edge: { sourcename: "xreqlib__containers__string_vectors__constant_reference_typeSW" targetname: "xreqlib__containers__string_vectors__write__3" label: "/home/sogilis/opt/GNAT/2019/lib/gcc/x86_64-pc-linux-gnu/8.3.1/adainclude/a-convec.ads:751:4" }
edge: { sourcename: "xreqlib__containers__string_vectors__constant_reference_typeSW" targetname: "__gnat_rcheck_CE_Access_Check_ext" label: "/home/sogilis/opt/GNAT/2019/lib/gcc/x86_64-pc-linux-gnu/8.3.1/adainclude/a-convec.ads:751:4" }
node: { title: "xreqlib__containers__string_vectors__cursorSW" label: "Cursorsw\n/home/sogilis/opt/GNAT/2019/lib/gcc/x86_64-pc-linux-gnu/8.3.1/adainclude/a-convec.ads:732:4\n48 bytes (static)\n0 dynamic objects" }
edge: { sourcename: "xreqlib__containers__string_vectors__cursorSW" targetname: "xreqlib__containers__string_vectors__write__2" label: "/home/sogilis/opt/GNAT/2019/lib/gcc/x86_64-pc-linux-gnu/8.3.1/adainclude/a-convec.ads:732:4" }
edge: { sourcename: "xreqlib__containers__string_vectors__cursorSW" targetname: "__gnat_rcheck_CE_Access_Check_ext" label: "/home/sogilis/opt/GNAT/2019/lib/gcc/x86_64-pc-linux-gnu/8.3.1/adainclude/a-convec.ads:732:4" }
node: { title: "xreqlib__containers__string_vectors__cursorSR" label: "Cursorsr\n/home/sogilis/opt/GNAT/2019/lib/gcc/x86_64-pc-linux-gnu/8.3.1/adainclude/a-convec.ads:726:4\n48 bytes (static)\n0 dynamic objects" }
edge: { sourcename: "xreqlib__containers__string_vectors__cursorSR" targetname: "xreqlib__containers__string_vectors__read__2" label: "/home/sogilis/opt/GNAT/2019/lib/gcc/x86_64-pc-linux-gnu/8.3.1/adainclude/a-convec.ads:726:4" }
edge: { sourcename: "xreqlib__containers__string_vectors__cursorSR" targetname: "__gnat_rcheck_CE_Access_Check_ext" label: "/home/sogilis/opt/GNAT/2019/lib/gcc/x86_64-pc-linux-gnu/8.3.1/adainclude/a-convec.ads:726:4" }
node: { title: "xreqlib__containers__string_vectors__TiteratorCFD" label: "Titeratorcfd\n/home/sogilis/opt/GNAT/2019/lib/gcc/x86_64-pc-linux-gnu/8.3.1/adainclude/a-convec.ads:803:9\n80 bytes (static)\n0 dynamic objects" }
edge: { sourcename: "xreqlib__containers__string_vectors__TiteratorCFD" targetname: "_Unwind_Resume" }
edge: { sourcename: "xreqlib__containers__string_vectors__TiteratorCFD" targetname: "/home/sogilis/XReq-Enhanced/src/xreqlib/common/xreqlib-containers.ads:xreqlib__containers__string_vectors__TiteratorCFD__B553s___finalizer.9275" label: "/home/sogilis/opt/GNAT/2019/lib/gcc/x86_64-pc-linux-gnu/8.3.1/adainclude/a-convec.ads:803:0" }
edge: { sourcename: "xreqlib__containers__string_vectors__TiteratorCFD" targetname: "__indirect_call" label: "/home/sogilis/opt/GNAT/2019/lib/gcc/x86_64-pc-linux-gnu/8.3.1/adainclude/a-convec.ads:803:9" }
edge: { sourcename: "xreqlib__containers__string_vectors__TiteratorCFD" targetname: "__indirect_call" label: "/home/sogilis/opt/GNAT/2019/lib/gcc/x86_64-pc-linux-gnu/8.3.1/adainclude/a-convec.ads:803:9" }
edge: { sourcename: "xreqlib__containers__string_vectors__TiteratorCFD" targetname: "__indirect_call" label: "/home/sogilis/opt/GNAT/2019/lib/gcc/x86_64-pc-linux-gnu/8.3.1/adainclude/a-convec.ads:803:9" }
node: { title: "/home/sogilis/XReq-Enhanced/src/xreqlib/common/xreqlib-containers.ads:xreqlib__containers__string_vectors__TiteratorCFD__B553s___finalizer.9275" label: "B553s\n/home/sogilis/opt/GNAT/2019/lib/gcc/x86_64-pc-linux-gnu/8.3.1/adainclude/a-convec.ads:803:9\n32 bytes (static)\n0 dynamic objects" }
edge: { sourcename: "/home/sogilis/XReq-Enhanced/src/xreqlib/common/xreqlib-containers.ads:xreqlib__containers__string_vectors__TiteratorCFD__B553s___finalizer.9275" targetname: "__indirect_call" label: "/home/sogilis/opt/GNAT/2019/lib/gcc/x86_64-pc-linux-gnu/8.3.1/adainclude/a-convec.ads:803:9" }
edge: { sourcename: "/home/sogilis/XReq-Enhanced/src/xreqlib/common/xreqlib-containers.ads:xreqlib__containers__string_vectors__TiteratorCFD__B553s___finalizer.9275" targetname: "__indirect_call" label: "/home/sogilis/opt/GNAT/2019/lib/gcc/x86_64-pc-linux-gnu/8.3.1/adainclude/a-convec.ads:803:9" }
edge: { sourcename: "/home/sogilis/XReq-Enhanced/src/xreqlib/common/xreqlib-containers.ads:xreqlib__containers__string_vectors__TiteratorCFD__B553s___finalizer.9275" targetname: "__indirect_call" label: "/home/sogilis/opt/GNAT/2019/lib/gcc/x86_64-pc-linux-gnu/8.3.1/adainclude/a-convec.ads:803:9" }
node: { title: "xreqlib__containers__string_vectors__iteratorDF__2" label: "Iteratordf\n/home/sogilis/opt/GNAT/2019/lib/gcc/x86_64-pc-linux-gnu/8.3.1/adainclude/a-convec.ads:803:9\n32 bytes (static)\n0 dynamic objects" }
edge: { sourcename: "xreqlib__containers__string_vectors__iteratorDF__2" targetname: "xreqlib__containers__string_vectors__finalize__4" label: "/home/sogilis/opt/GNAT/2019/lib/gcc/x86_64-pc-linux-gnu/8.3.1/adainclude/a-convec.ads:803:9" }
node: { title: "xreqlib__containers__string_vectors___size__4" label: "String_Vectors\n/home/sogilis/opt/GNAT/2019/lib/gcc/x86_64-pc-linux-gnu/8.3.1/adainclude/a-convec.ads:803:9\n16 bytes (static)\n0 dynamic objects" }
node: { title: "xreqlib__containers__string_vectors__iteratorFD" label: "Iteratorfd\n/home/sogilis/opt/GNAT/2019/lib/gcc/x86_64-pc-linux-gnu/8.3.1/adainclude/a-convec.ads:803:9\n32 bytes (static)\n0 dynamic objects" }
edge: { sourcename: "xreqlib__containers__string_vectors__iteratorFD" targetname: "xreqlib__containers__string_vectors__finalize__4" label: "/home/sogilis/opt/GNAT/2019/lib/gcc/x86_64-pc-linux-gnu/8.3.1/adainclude/a-convec.ads:803:9" }
node: { title: "xreqlib__containers__string_vectors__iteratorIP" label: "Iteratorip\n/home/sogilis/opt/GNAT/2019/lib/gcc/x86_64-pc-linux-gnu/8.3.1/adainclude/a-convec.ads:803:9\n32 bytes (static)\n0 dynamic objects" }
edge: { sourcename: "xreqlib__containers__string_vectors__iteratorIP" targetname: "ada__finalization__limited_controlledIP" label: "/home/sogilis/opt/GNAT/2019/lib/gcc/x86_64-pc-linux-gnu/8.3.1/adainclude/a-convec.ads:803:21" }
node: { title: "xreqlib__containers__string_vectors__elements_typeIP" label: "Elements_Typeip\n/home/sogilis/opt/GNAT/2019/lib/gcc/x86_64-pc-linux-gnu/8.3.1/adainclude/a-convec.ads:684:9\n112 bytes (static)\n0 dynamic objects" }
edge: { sourcename: "xreqlib__containers__string_vectors__elements_typeIP" targetname: "_Unwind_Resume" }
edge: { sourcename: "xreqlib__containers__string_vectors__elements_typeIP" targetname: "__gnat_end_handler" label: "/home/sogilis/opt/GNAT/2019/lib/gcc/x86_64-pc-linux-gnu/8.3.1/adainclude/a-convec.ads:684:0" }
edge: { sourcename: "xreqlib__containers__string_vectors__elements_typeIP" targetname: "__gnat_reraise_zcx" label: "/home/sogilis/opt/GNAT/2019/lib/gcc/x86_64-pc-linux-gnu/8.3.1/adainclude/a-convec.ads:684:9" }
edge: { sourcename: "xreqlib__containers__string_vectors__elements_typeIP" targetname: "/home/sogilis/XReq-Enhanced/src/xreqlib/common/xreqlib-containers.ads:xreqlib__containers__string_vectors__elements_typeIP___finalizer.9259" label: "/home/sogilis/opt/GNAT/2019/lib/gcc/x86_64-pc-linux-gnu/8.3.1/adainclude/a-convec.ads:684:9" }
edge: { sourcename: "xreqlib__containers__string_vectors__elements_typeIP" targetname: "__gnat_begin_handler" label: "/home/sogilis/opt/GNAT/2019/lib/gcc/x86_64-pc-linux-gnu/8.3.1/adainclude/a-convec.ads:684:9" }
edge: { sourcename: "xreqlib__containers__string_vectors__elements_typeIP" targetname: "_Unwind_Resume" }
edge: { sourcename: "xreqlib__containers__string_vectors__elements_typeIP" targetname: "__gnat_rcheck_CE_Overflow_Check" label: "/home/sogilis/opt/GNAT/2019/lib/gcc/x86_64-pc-linux-gnu/8.3.1/adainclude/a-convec.ads:685:7" }
edge: { sourcename: "xreqlib__containers__string_vectors__elements_typeIP" targetname: "xreqlib__containers__string_vectors__elements_arrayDI" label: "/home/sogilis/opt/GNAT/2019/lib/gcc/x86_64-pc-linux-gnu/8.3.1/adainclude/a-convec.ads:685:7" }
edge: { sourcename: "xreqlib__containers__string_vectors__elements_typeIP" targetname: "xreqlib__containers__string_vectors__elements_arrayIP" label: "/home/sogilis/opt/GNAT/2019/lib/gcc/x86_64-pc-linux-gnu/8.3.1/adainclude/a-convec.ads:685:7" }
node: { title: "/home/sogilis/XReq-Enhanced/src/xreqlib/common/xreqlib-containers.ads:xreqlib__containers__string_vectors__elements_typeIP___finalizer.9259" label: "Elements_Typeip\n/home/sogilis/opt/GNAT/2019/lib/gcc/x86_64-pc-linux-gnu/8.3.1/adainclude/a-convec.ads:684:9\n752 bytes (static)\n0 dynamic objects" }
edge: { sourcename: "/home/sogilis/XReq-Enhanced/src/xreqlib/common/xreqlib-containers.ads:xreqlib__containers__string_vectors__elements_typeIP___finalizer.9259" targetname: "_Unwind_Resume" }
edge: { sourcename: "/home/sogilis/XReq-Enhanced/src/xreqlib/common/xreqlib-containers.ads:xreqlib__containers__string_vectors__elements_typeIP___finalizer.9259" targetname: "__gnat_end_handler" label: "/home/sogilis/opt/GNAT/2019/lib/gcc/x86_64-pc-linux-gnu/8.3.1/adainclude/a-convec.ads:684:0" }
edge: { sourcename: "/home/sogilis/XReq-Enhanced/src/xreqlib/common/xreqlib-containers.ads:xreqlib__containers__string_vectors__elements_typeIP___finalizer.9259" targetname: "ada__exceptions__save_occurrence" label: "/home/sogilis/opt/GNAT/2019/lib/gcc/x86_64-pc-linux-gnu/8.3.1/adainclude/a-convec.ads:684:9" }
edge: { sourcename: "/home/sogilis/XReq-Enhanced/src/xreqlib/common/xreqlib-containers.ads:xreqlib__containers__string_vectors__elements_typeIP___finalizer.9259" targetname: "__indirect_call" label: "/home/sogilis/opt/GNAT/2019/lib/gcc/x86_64-pc-linux-gnu/8.3.1/adainclude/a-convec.ads:684:9" }
edge: { sourcename: "/home/sogilis/XReq-Enhanced/src/xreqlib/common/xreqlib-containers.ads:xreqlib__containers__string_vectors__elements_typeIP___finalizer.9259" targetname: "__gnat_begin_handler" label: "/home/sogilis/opt/GNAT/2019/lib/gcc/x86_64-pc-linux-gnu/8.3.1/adainclude/a-convec.ads:684:9" }
edge: { sourcename: "/home/sogilis/XReq-Enhanced/src/xreqlib/common/xreqlib-containers.ads:xreqlib__containers__string_vectors__elements_typeIP___finalizer.9259" targetname: "_Unwind_Resume" }
edge: { sourcename: "/home/sogilis/XReq-Enhanced/src/xreqlib/common/xreqlib-containers.ads:xreqlib__containers__string_vectors__elements_typeIP___finalizer.9259" targetname: "__gnat_raise_from_controlled_operation" label: "/home/sogilis/opt/GNAT/2019/lib/gcc/x86_64-pc-linux-gnu/8.3.1/adainclude/a-convec.ads:684:9" }
edge: { sourcename: "/home/sogilis/XReq-Enhanced/src/xreqlib/common/xreqlib-containers.ads:xreqlib__containers__string_vectors__elements_typeIP___finalizer.9259" targetname: "xreqlib__containers__string_vectors__elements_arrayDF" label: "/home/sogilis/opt/GNAT/2019/lib/gcc/x86_64-pc-linux-gnu/8.3.1/adainclude/a-convec.ads:684:9" }
edge: { sourcename: "/home/sogilis/XReq-Enhanced/src/xreqlib/common/xreqlib-containers.ads:xreqlib__containers__string_vectors__elements_typeIP___finalizer.9259" targetname: "ada__exceptions__triggered_by_abort" label: "/home/sogilis/opt/GNAT/2019/lib/gcc/x86_64-pc-linux-gnu/8.3.1/adainclude/a-convec.ads:684:9" }
node: { title: "xreqlib__containers__string_vectors__elements_typeFD" label: "Elements_Typefd\n/home/sogilis/opt/GNAT/2019/lib/gcc/x86_64-pc-linux-gnu/8.3.1/adainclude/a-convec.ads:684:9\n32 bytes (static)\n0 dynamic objects" }
edge: { sourcename: "xreqlib__containers__string_vectors__elements_typeFD" targetname: "xreqlib__containers__string_vectors__elements_typeDF" label: "/home/sogilis/opt/GNAT/2019/lib/gcc/x86_64-pc-linux-gnu/8.3.1/adainclude/a-convec.ads:684:9" }
node: { title: "xreqlib__containers__string_vectors__elements_typeDF" label: "Elements_Typedf\n/home/sogilis/opt/GNAT/2019/lib/gcc/x86_64-pc-linux-gnu/8.3.1/adainclude/a-convec.ads:684:9\n736 bytes (static)\n0 dynamic objects" }
edge: { sourcename: "xreqlib__containers__string_vectors__elements_typeDF" targetname: "_Unwind_Resume" }
edge: { sourcename: "xreqlib__containers__string_vectors__elements_typeDF" targetname: "__gnat_end_handler" label: "/home/sogilis/opt/GNAT/2019/lib/gcc/x86_64-pc-linux-gnu/8.3.1/adainclude/a-convec.ads:684:0" }
edge: { sourcename: "xreqlib__containers__string_vectors__elements_typeDF" targetname: "ada__exceptions__save_occurrence" label: "/home/sogilis/opt/GNAT/2019/lib/gcc/x86_64-pc-linux-gnu/8.3.1/adainclude/a-convec.ads:684:9" }
edge: { sourcename: "xreqlib__containers__string_vectors__elements_typeDF" targetname: "__indirect_call" label: "/home/sogilis/opt/GNAT/2019/lib/gcc/x86_64-pc-linux-gnu/8.3.1/adainclude/a-convec.ads:684:9" }
edge: { sourcename: "xreqlib__containers__string_vectors__elements_typeDF" targetname: "__gnat_begin_handler" label: "/home/sogilis/opt/GNAT/2019/lib/gcc/x86_64-pc-linux-gnu/8.3.1/adainclude/a-convec.ads:684:9" }
edge: { sourcename: "xreqlib__containers__string_vectors__elements_typeDF" targetname: "_Unwind_Resume" }
edge: { sourcename: "xreqlib__containers__string_vectors__elements_typeDF" targetname: "__gnat_raise_from_controlled_operation" label: "/home/sogilis/opt/GNAT/2019/lib/gcc/x86_64-pc-linux-gnu/8.3.1/adainclude/a-convec.ads:684:9" }
edge: { sourcename: "xreqlib__containers__string_vectors__elements_typeDF" targetname: "xreqlib__containers__string_vectors__elements_arrayDF" label: "/home/sogilis/opt/GNAT/2019/lib/gcc/x86_64-pc-linux-gnu/8.3.1/adainclude/a-convec.ads:684:9" }
edge: { sourcename: "xreqlib__containers__string_vectors__elements_typeDF" targetname: "ada__exceptions__triggered_by_abort" label: "/home/sogilis/opt/GNAT/2019/lib/gcc/x86_64-pc-linux-gnu/8.3.1/adainclude/a-convec.ads:684:9" }
node: { title: "xreqlib__containers__string_vectors__elements_typeDI" label: "Elements_Typedi\n/home/sogilis/opt/GNAT/2019/lib/gcc/x86_64-pc-linux-gnu/8.3.1/adainclude/a-convec.ads:684:9\n16 bytes (static)\n0 dynamic objects" }
node: { title: "xreqlib__containers__string_vectors__elements_arraySA" label: "Elements_Arraysa\n/home/sogilis/opt/GNAT/2019/lib/gcc/x86_64-pc-linux-gnu/8.3.1/adainclude/a-convec.ads:681:9\n112 bytes (static)\n0 dynamic objects" }
edge: { sourcename: "xreqlib__containers__string_vectors__elements_arraySA" targetname: "_Unwind_Resume" }
edge: { sourcename: "xreqlib__containers__string_vectors__elements_arraySA" targetname: "system__standard_library__abort_undefer_direct" label: "/home/sogilis/opt/GNAT/2019/lib/gcc/x86_64-pc-linux-gnu/8.3.1/adainclude/a-convec.ads:681:0" }
edge: { sourcename: "xreqlib__containers__string_vectors__elements_arraySA" targetname: "ada__strings__unbounded___assign__2" label: "/home/sogilis/opt/GNAT/2019/lib/gcc/x86_64-pc-linux-gnu/8.3.1/adainclude/a-convec.ads:681:9" }
edge: { sourcename: "xreqlib__containers__string_vectors__elements_arraySA" targetname: "__indirect_call" label: "/home/sogilis/opt/GNAT/2019/lib/gcc/x86_64-pc-linux-gnu/8.3.1/adainclude/a-convec.ads:681:9" }
node: { title: "xreqlib__containers__string_vectors__elements_arrayFD" label: "Elements_Arrayfd\n/home/sogilis/opt/GNAT/2019/lib/gcc/x86_64-pc-linux-gnu/8.3.1/adainclude/a-convec.ads:681:9\n64 bytes (static)\n0 dynamic objects" }
edge: { sourcename: "xreqlib__containers__string_vectors__elements_arrayFD" targetname: "xreqlib__containers__string_vectors__elements_arrayDF" label: "/home/sogilis/opt/GNAT/2019/lib/gcc/x86_64-pc-linux-gnu/8.3.1/adainclude/a-convec.ads:681:9" }
edge: { sourcename: "xreqlib__containers__string_vectors__elements_arrayFD" targetname: "system__finalization_masters__add_offset_to_address" label: "/home/sogilis/opt/GNAT/2019/lib/gcc/x86_64-pc-linux-gnu/8.3.1/adainclude/a-convec.ads:681:9" }
node: { title: "xreqlib__containers__string_vectors__elements_arrayDF" label: "Elements_Arraydf\n/home/sogilis/opt/GNAT/2019/lib/gcc/x86_64-pc-linux-gnu/8.3.1/adainclude/a-convec.ads:681:9\n736 bytes (static)\n0 dynamic objects" }
edge: { sourcename: "xreqlib__containers__string_vectors__elements_arrayDF" targetname: "_Unwind_Resume" }
edge: { sourcename: "xreqlib__containers__string_vectors__elements_arrayDF" targetname: "__gnat_end_handler" label: "/home/sogilis/opt/GNAT/2019/lib/gcc/x86_64-pc-linux-gnu/8.3.1/adainclude/a-convec.ads:681:0" }
edge: { sourcename: "xreqlib__containers__string_vectors__elements_arrayDF" targetname: "ada__exceptions__save_occurrence" label: "/home/sogilis/opt/GNAT/2019/lib/gcc/x86_64-pc-linux-gnu/8.3.1/adainclude/a-convec.ads:681:9" }
edge: { sourcename: "xreqlib__containers__string_vectors__elements_arrayDF" targetname: "__indirect_call" label: "/home/sogilis/opt/GNAT/2019/lib/gcc/x86_64-pc-linux-gnu/8.3.1/adainclude/a-convec.ads:681:9" }
edge: { sourcename: "xreqlib__containers__string_vectors__elements_arrayDF" targetname: "__gnat_begin_handler" label: "/home/sogilis/opt/GNAT/2019/lib/gcc/x86_64-pc-linux-gnu/8.3.1/adainclude/a-convec.ads:681:9" }
edge: { sourcename: "xreqlib__containers__string_vectors__elements_arrayDF" targetname: "_Unwind_Resume" }
edge: { sourcename: "xreqlib__containers__string_vectors__elements_arrayDF" targetname: "__gnat_raise_from_controlled_operation" label: "/home/sogilis/opt/GNAT/2019/lib/gcc/x86_64-pc-linux-gnu/8.3.1/adainclude/a-convec.ads:681:9" }
edge: { sourcename: "xreqlib__containers__string_vectors__elements_arrayDF" targetname: "ada__strings__unbounded__finalize__2" label: "/home/sogilis/opt/GNAT/2019/lib/gcc/x86_64-pc-linux-gnu/8.3.1/adainclude/a-convec.ads:681:9" }
edge: { sourcename: "xreqlib__containers__string_vectors__elements_arrayDF" targetname: "ada__exceptions__triggered_by_abort" label: "/home/sogilis/opt/GNAT/2019/lib/gcc/x86_64-pc-linux-gnu/8.3.1/adainclude/a-convec.ads:681:9" }
node: { title: "xreqlib__containers__string_vectors__elements_arrayDA" label: "Elements_Arrayda\n/home/sogilis/opt/GNAT/2019/lib/gcc/x86_64-pc-linux-gnu/8.3.1/adainclude/a-convec.ads:681:9\n736 bytes (static)\n0 dynamic objects" }
edge: { sourcename: "xreqlib__containers__string_vectors__elements_arrayDA" targetname: "_Unwind_Resume" }
edge: { sourcename: "xreqlib__containers__string_vectors__elements_arrayDA" targetname: "__gnat_end_handler" label: "/home/sogilis/opt/GNAT/2019/lib/gcc/x86_64-pc-linux-gnu/8.3.1/adainclude/a-convec.ads:681:0" }
edge: { sourcename: "xreqlib__containers__string_vectors__elements_arrayDA" targetname: "ada__exceptions__save_occurrence" label: "/home/sogilis/opt/GNAT/2019/lib/gcc/x86_64-pc-linux-gnu/8.3.1/adainclude/a-convec.ads:681:9" }
edge: { sourcename: "xreqlib__containers__string_vectors__elements_arrayDA" targetname: "__indirect_call" label: "/home/sogilis/opt/GNAT/2019/lib/gcc/x86_64-pc-linux-gnu/8.3.1/adainclude/a-convec.ads:681:9" }
edge: { sourcename: "xreqlib__containers__string_vectors__elements_arrayDA" targetname: "__gnat_begin_handler" label: "/home/sogilis/opt/GNAT/2019/lib/gcc/x86_64-pc-linux-gnu/8.3.1/adainclude/a-convec.ads:681:9" }
edge: { sourcename: "xreqlib__containers__string_vectors__elements_arrayDA" targetname: "_Unwind_Resume" }
edge: { sourcename: "xreqlib__containers__string_vectors__elements_arrayDA" targetname: "__gnat_raise_from_controlled_operation" label: "/home/sogilis/opt/GNAT/2019/lib/gcc/x86_64-pc-linux-gnu/8.3.1/adainclude/a-convec.ads:681:9" }
edge: { sourcename: "xreqlib__containers__string_vectors__elements_arrayDA" targetname: "ada__strings__unbounded__adjust__2" label: "/home/sogilis/opt/GNAT/2019/lib/gcc/x86_64-pc-linux-gnu/8.3.1/adainclude/a-convec.ads:681:9" }
edge: { sourcename: "xreqlib__containers__string_vectors__elements_arrayDA" targetname: "ada__exceptions__triggered_by_abort" label: "/home/sogilis/opt/GNAT/2019/lib/gcc/x86_64-pc-linux-gnu/8.3.1/adainclude/a-convec.ads:681:9" }
node: { title: "xreqlib__containers__string_vectors__elements_arrayDI" label: "Elements_Arraydi\n/home/sogilis/opt/GNAT/2019/lib/gcc/x86_64-pc-linux-gnu/8.3.1/adainclude/a-convec.ads:681:9\n752 bytes (static)\n0 dynamic objects" }
edge: { sourcename: "xreqlib__containers__string_vectors__elements_arrayDI" targetname: "_Unwind_Resume" }
edge: { sourcename: "xreqlib__containers__string_vectors__elements_arrayDI" targetname: "__gnat_end_handler" label: "/home/sogilis/opt/GNAT/2019/lib/gcc/x86_64-pc-linux-gnu/8.3.1/adainclude/a-convec.ads:681:0" }
edge: { sourcename: "xreqlib__containers__string_vectors__elements_arrayDI" targetname: "__gnat_end_handler" label: "/home/sogilis/opt/GNAT/2019/lib/gcc/x86_64-pc-linux-gnu/8.3.1/adainclude/a-convec.ads:681:0" }
edge: { sourcename: "xreqlib__containers__string_vectors__elements_arrayDI" targetname: "ada__exceptions__save_occurrence" label: "/home/sogilis/opt/GNAT/2019/lib/gcc/x86_64-pc-linux-gnu/8.3.1/adainclude/a-convec.ads:681:9" }
edge: { sourcename: "xreqlib__containers__string_vectors__elements_arrayDI" targetname: "__indirect_call" label: "/home/sogilis/opt/GNAT/2019/lib/gcc/x86_64-pc-linux-gnu/8.3.1/adainclude/a-convec.ads:681:9" }
edge: { sourcename: "xreqlib__containers__string_vectors__elements_arrayDI" targetname: "__gnat_begin_handler" label: "/home/sogilis/opt/GNAT/2019/lib/gcc/x86_64-pc-linux-gnu/8.3.1/adainclude/a-convec.ads:681:9" }
edge: { sourcename: "xreqlib__containers__string_vectors__elements_arrayDI" targetname: "__gnat_reraise_zcx" label: "/home/sogilis/opt/GNAT/2019/lib/gcc/x86_64-pc-linux-gnu/8.3.1/adainclude/a-convec.ads:681:9" }
edge: { sourcename: "xreqlib__containers__string_vectors__elements_arrayDI" targetname: "__gnat_raise_from_controlled_operation" label: "/home/sogilis/opt/GNAT/2019/lib/gcc/x86_64-pc-linux-gnu/8.3.1/adainclude/a-convec.ads:681:9" }
edge: { sourcename: "xreqlib__containers__string_vectors__elements_arrayDI" targetname: "ada__strings__unbounded__finalize__2" label: "/home/sogilis/opt/GNAT/2019/lib/gcc/x86_64-pc-linux-gnu/8.3.1/adainclude/a-convec.ads:681:9" }
edge: { sourcename: "xreqlib__containers__string_vectors__elements_arrayDI" targetname: "ada__exceptions__triggered_by_abort" label: "/home/sogilis/opt/GNAT/2019/lib/gcc/x86_64-pc-linux-gnu/8.3.1/adainclude/a-convec.ads:681:9" }
edge: { sourcename: "xreqlib__containers__string_vectors__elements_arrayDI" targetname: "__gnat_begin_handler" label: "/home/sogilis/opt/GNAT/2019/lib/gcc/x86_64-pc-linux-gnu/8.3.1/adainclude/a-convec.ads:681:9" }
edge: { sourcename: "xreqlib__containers__string_vectors__elements_arrayDI" targetname: "_Unwind_Resume" }
edge: { sourcename: "xreqlib__containers__string_vectors__elements_arrayDI" targetname: "ada__strings__unbounded__initialize__2" label: "/home/sogilis/opt/GNAT/2019/lib/gcc/x86_64-pc-linux-gnu/8.3.1/adainclude/a-convec.ads:681:9" }
node: { title: "xreqlib__containers__string_vectors__elements_arrayIP" label: "Elements_Arrayip\n/home/sogilis/opt/GNAT/2019/lib/gcc/x86_64-pc-linux-gnu/8.3.1/adainclude/a-convec.ads:681:9\n64 bytes (static)\n0 dynamic objects" }
edge: { sourcename: "xreqlib__containers__string_vectors__elements_arrayIP" targetname: "ada__strings__unbounded__unbounded_stringIP" label: "/home/sogilis/opt/GNAT/2019/lib/gcc/x86_64-pc-linux-gnu/8.3.1/adainclude/a-convec.ads:681:9" }
node: { title: "xreqlib__containers__string_vectors__vectorSR__2" label: "Vectorsr\n/home/sogilis/opt/GNAT/2019/lib/gcc/x86_64-pc-linux-gnu/8.3.1/adainclude/a-convec.ads:712:4\n48 bytes (static)\n0 dynamic objects" }
edge: { sourcename: "xreqlib__containers__string_vectors__vectorSR__2" targetname: "xreqlib__containers__string_vectors__read" label: "/home/sogilis/opt/GNAT/2019/lib/gcc/x86_64-pc-linux-gnu/8.3.1/adainclude/a-convec.ads:712:4" }
node: { title: "xreqlib__containers__string_vectors__vectorSW__2" label: "Vectorsw\n/home/sogilis/opt/GNAT/2019/lib/gcc/x86_64-pc-linux-gnu/8.3.1/adainclude/a-convec.ads:706:4\n48 bytes (static)\n0 dynamic objects" }
edge: { sourcename: "xreqlib__containers__string_vectors__vectorSW__2" targetname: "xreqlib__containers__string_vectors__write" label: "/home/sogilis/opt/GNAT/2019/lib/gcc/x86_64-pc-linux-gnu/8.3.1/adainclude/a-convec.ads:706:4" }
node: { title: "/home/sogilis/XReq-Enhanced/src/xreqlib/common/xreqlib-containers.ads:xreqlib__containers__string_vectors__reference_typeIP___finalizer__2.9145" label: "Reference_Typeip\n/home/sogilis/opt/GNAT/2019/lib/gcc/x86_64-pc-linux-gnu/8.3.1/adainclude/a-convec.ads:759:9\n704 bytes (static)\n0 dynamic objects" }
edge: { sourcename: "/home/sogilis/XReq-Enhanced/src/xreqlib/common/xreqlib-containers.ads:xreqlib__containers__string_vectors__reference_typeIP___finalizer__2.9145" targetname: "_Unwind_Resume" }
edge: { sourcename: "/home/sogilis/XReq-Enhanced/src/xreqlib/common/xreqlib-containers.ads:xreqlib__containers__string_vectors__reference_typeIP___finalizer__2.9145" targetname: "__gnat_end_handler" label: "/home/sogilis/opt/GNAT/2019/lib/gcc/x86_64-pc-linux-gnu/8.3.1/adainclude/a-convec.ads:759:0" }
edge: { sourcename: "/home/sogilis/XReq-Enhanced/src/xreqlib/common/xreqlib-containers.ads:xreqlib__containers__string_vectors__reference_typeIP___finalizer__2.9145" targetname: "ada__exceptions__save_occurrence" label: "/home/sogilis/opt/GNAT/2019/lib/gcc/x86_64-pc-linux-gnu/8.3.1/adainclude/a-convec.ads:759:9" }
edge: { sourcename: "/home/sogilis/XReq-Enhanced/src/xreqlib/common/xreqlib-containers.ads:xreqlib__containers__string_vectors__reference_typeIP___finalizer__2.9145" targetname: "__indirect_call" label: "/home/sogilis/opt/GNAT/2019/lib/gcc/x86_64-pc-linux-gnu/8.3.1/adainclude/a-convec.ads:759:9" }
edge: { sourcename: "/home/sogilis/XReq-Enhanced/src/xreqlib/common/xreqlib-containers.ads:xreqlib__containers__string_vectors__reference_typeIP___finalizer__2.9145" targetname: "__gnat_begin_handler" label: "/home/sogilis/opt/GNAT/2019/lib/gcc/x86_64-pc-linux-gnu/8.3.1/adainclude/a-convec.ads:759:9" }
edge: { sourcename: "/home/sogilis/XReq-Enhanced/src/xreqlib/common/xreqlib-containers.ads:xreqlib__containers__string_vectors__reference_typeIP___finalizer__2.9145" targetname: "_Unwind_Resume" }
edge: { sourcename: "/home/sogilis/XReq-Enhanced/src/xreqlib/common/xreqlib-containers.ads:xreqlib__containers__string_vectors__reference_typeIP___finalizer__2.9145" targetname: "__gnat_raise_from_controlled_operation" label: "/home/sogilis/opt/GNAT/2019/lib/gcc/x86_64-pc-linux-gnu/8.3.1/adainclude/a-convec.ads:759:9" }
edge: { sourcename: "/home/sogilis/XReq-Enhanced/src/xreqlib/common/xreqlib-containers.ads:xreqlib__containers__string_vectors__reference_typeIP___finalizer__2.9145" targetname: "__indirect_call" label: "/home/sogilis/opt/GNAT/2019/lib/gcc/x86_64-pc-linux-gnu/8.3.1/adainclude/a-convec.ads:759:9" }
edge: { sourcename: "/home/sogilis/XReq-Enhanced/src/xreqlib/common/xreqlib-containers.ads:xreqlib__containers__string_vectors__reference_typeIP___finalizer__2.9145" targetname: "xreqlib__containers__string_vectors__implementation__finalize" label: "/home/sogilis/opt/GNAT/2019/lib/gcc/x86_64-pc-linux-gnu/8.3.1/adainclude/a-convec.ads:763:12" }
edge: { sourcename: "/home/sogilis/XReq-Enhanced/src/xreqlib/common/xreqlib-containers.ads:xreqlib__containers__string_vectors__reference_typeIP___finalizer__2.9145" targetname: "__indirect_call" label: "/home/sogilis/opt/GNAT/2019/lib/gcc/x86_64-pc-linux-gnu/8.3.1/adainclude/a-convec.ads:759:9" }
edge: { sourcename: "/home/sogilis/XReq-Enhanced/src/xreqlib/common/xreqlib-containers.ads:xreqlib__containers__string_vectors__reference_typeIP___finalizer__2.9145" targetname: "ada__exceptions__triggered_by_abort" label: "/home/sogilis/opt/GNAT/2019/lib/gcc/x86_64-pc-linux-gnu/8.3.1/adainclude/a-convec.ads:759:9" }
node: { title: "xreqlib__containers__string_vectors__reference_typeIP" label: "Reference_Typeip\n/home/sogilis/opt/GNAT/2019/lib/gcc/x86_64-pc-linux-gnu/8.3.1/adainclude/a-convec.ads:759:9\n96 bytes (static)\n0 dynamic objects" }
edge: { sourcename: "xreqlib__containers__string_vectors__reference_typeIP" targetname: "_Unwind_Resume" }
edge: { sourcename: "xreqlib__containers__string_vectors__reference_typeIP" targetname: "__gnat_end_handler" label: "/home/sogilis/opt/GNAT/2019/lib/gcc/x86_64-pc-linux-gnu/8.3.1/adainclude/a-convec.ads:759:0" }
edge: { sourcename: "xreqlib__containers__string_vectors__reference_typeIP" targetname: "__gnat_reraise_zcx" label: "/home/sogilis/opt/GNAT/2019/lib/gcc/x86_64-pc-linux-gnu/8.3.1/adainclude/a-convec.ads:759:9" }
edge: { sourcename: "xreqlib__containers__string_vectors__reference_typeIP" targetname: "/home/sogilis/XReq-Enhanced/src/xreqlib/common/xreqlib-containers.ads:xreqlib__containers__string_vectors__reference_typeIP___finalizer.9150" label: "/home/sogilis/opt/GNAT/2019/lib/gcc/x86_64-pc-linux-gnu/8.3.1/adainclude/a-convec.ads:759:9" }
edge: { sourcename: "xreqlib__containers__string_vectors__reference_typeIP" targetname: "__gnat_begin_handler" label: "/home/sogilis/opt/GNAT/2019/lib/gcc/x86_64-pc-linux-gnu/8.3.1/adainclude/a-convec.ads:759:9" }
edge: { sourcename: "xreqlib__containers__string_vectors__reference_typeIP" targetname: "/home/sogilis/XReq-Enhanced/src/xreqlib/common/xreqlib-containers.ads:xreqlib__containers__string_vectors__reference_typeIP___finalizer__2.9145" label: "/home/sogilis/opt/GNAT/2019/lib/gcc/x86_64-pc-linux-gnu/8.3.1/adainclude/a-convec.ads:759:0" }
edge: { sourcename: "xreqlib__containers__string_vectors__reference_typeIP" targetname: "__gnat_raise_exception" label: "/home/sogilis/opt/GNAT/2019/lib/gcc/x86_64-pc-linux-gnu/8.3.1/adainclude/a-convec.ads:763:12" }
node: { title: "/home/sogilis/XReq-Enhanced/src/xreqlib/common/xreqlib-containers.ads:xreqlib__containers__string_vectors__reference_typeIP___finalizer.9150" label: "Reference_Typeip\n/home/sogilis/opt/GNAT/2019/lib/gcc/x86_64-pc-linux-gnu/8.3.1/adainclude/a-convec.ads:759:9\n720 bytes (static)\n0 dynamic objects" }
edge: { sourcename: "/home/sogilis/XReq-Enhanced/src/xreqlib/common/xreqlib-containers.ads:xreqlib__containers__string_vectors__reference_typeIP___finalizer.9150" targetname: "_Unwind_Resume" }
edge: { sourcename: "/home/sogilis/XReq-Enhanced/src/xreqlib/common/xreqlib-containers.ads:xreqlib__containers__string_vectors__reference_typeIP___finalizer.9150" targetname: "__gnat_end_handler" label: "/home/sogilis/opt/GNAT/2019/lib/gcc/x86_64-pc-linux-gnu/8.3.1/adainclude/a-convec.ads:759:0" }
edge: { sourcename: "/home/sogilis/XReq-Enhanced/src/xreqlib/common/xreqlib-containers.ads:xreqlib__containers__string_vectors__reference_typeIP___finalizer.9150" targetname: "ada__exceptions__save_occurrence" label: "/home/sogilis/opt/GNAT/2019/lib/gcc/x86_64-pc-linux-gnu/8.3.1/adainclude/a-convec.ads:759:9" }
[...]
edge: { sourcename: "/home/sogilis/XReq-Enhanced/src/xreqlib/common/xreqlib-containers.ads:xreqlib__containers__string_vectors__Oconcat__R825s___finalizer__3.7024" targetname: "__indirect_call" label: "/home/sogilis/opt/GNAT/2019/lib/gcc/x86_64-pc-linux-gnu/8.3.1/adainclude/a-convec.adb:80:7" }
edge: { sourcename: "/home/sogilis/XReq-Enhanced/src/xreqlib/common/xreqlib-containers.ads:xreqlib__containers__string_vectors__Oconcat__R825s___finalizer__3.7024" targetname: "__gnat_begin_handler" label: "/home/sogilis/opt/GNAT/2019/lib/gcc/x86_64-pc-linux-gnu/8.3.1/adainclude/a-convec.adb:80:7" }
edge: { sourcename: "/home/sogilis/XReq-Enhanced/src/xreqlib/common/xreqlib-containers.ads:xreqlib__containers__string_vectors__Oconcat__R825s___finalizer__3.7024" targetname: "_Unwind_Resume" }
edge: { sourcename: "/home/sogilis/XReq-Enhanced/src/xreqlib/common/xreqlib-containers.ads:xreqlib__containers__string_vectors__Oconcat__R825s___finalizer__3.7024" targetname: "__gnat_raise_from_controlled_operation" label: "/home/sogilis/opt/GNAT/2019/lib/gcc/x86_64-pc-linux-gnu/8.3.1/adainclude/a-convec.adb:80:7" }
edge: { sourcename: "/home/sogilis/XReq-Enhanced/src/xreqlib/common/xreqlib-containers.ads:xreqlib__containers__string_vectors__Oconcat__R825s___finalizer__3.7024" targetname: "__indirect_call" label: "/home/sogilis/opt/GNAT/2019/lib/gcc/x86_64-pc-linux-gnu/8.3.1/adainclude/a-convec.adb:80:7" }
edge: { sourcename: "/home/sogilis/XReq-Enhanced/src/xreqlib/common/xreqlib-containers.ads:xreqlib__containers__string_vectors__Oconcat__R825s___finalizer__3.7024" targetname: "xreqlib__containers__string_vectors__finalize__2" label: "/home/sogilis/opt/GNAT/2019/lib/gcc/x86_64-pc-linux-gnu/8.3.1/adainclude/a-convec.adb:80:14" }
edge: { sourcename: "/home/sogilis/XReq-Enhanced/src/xreqlib/common/xreqlib-containers.ads:xreqlib__containers__string_vectors__Oconcat__R825s___finalizer__3.7024" targetname: "__indirect_call" label: "/home/sogilis/opt/GNAT/2019/lib/gcc/x86_64-pc-linux-gnu/8.3.1/adainclude/a-convec.adb:80:7" }
edge: { sourcename: "/home/sogilis/XReq-Enhanced/src/xreqlib/common/xreqlib-containers.ads:xreqlib__containers__string_vectors__Oconcat__R825s___finalizer__3.7024" targetname: "ada__exceptions__triggered_by_abort" label: "/home/sogilis/opt/GNAT/2019/lib/gcc/x86_64-pc-linux-gnu/8.3.1/adainclude/a-convec.adb:80:7" }
node: { title: "xreqlib__containers__string_vectors__Oconcat__2" label: "&\n/home/sogilis/opt/GNAT/2019/lib/gcc/x86_64-pc-linux-gnu/8.3.1/adainclude/a-convec.adb:69:4\n128 bytes (static)\n0 dynamic objects" }
edge: { sourcename: "xreqlib__containers__string_vectors__Oconcat__2" targetname: "_Unwind_Resume" }
edge: { sourcename: "xreqlib__containers__string_vectors__Oconcat__2" targetname: "/home/sogilis/XReq-Enhanced/src/xreqlib/common/xreqlib-containers.ads:xreqlib__containers__string_vectors__Oconcat__R811s___finalizer__2.7009" label: "/home/sogilis/opt/GNAT/2019/lib/gcc/x86_64-pc-linux-gnu/8.3.1/adainclude/a-convec.adb:71:0" }
edge: { sourcename: "xreqlib__containers__string_vectors__Oconcat__2" targetname: "xreqlib__containers__string_vectors__adjust__2" label: "/home/sogilis/opt/GNAT/2019/lib/gcc/x86_64-pc-linux-gnu/8.3.1/adainclude/a-convec.adb:71:7" }
edge: { sourcename: "xreqlib__containers__string_vectors__Oconcat__2" targetname: "system__secondary_stack__ss_allocate" label: "/home/sogilis/opt/GNAT/2019/lib/gcc/x86_64-pc-linux-gnu/8.3.1/adainclude/a-convec.adb:71:7" }
edge: { sourcename: "xreqlib__containers__string_vectors__Oconcat__2" targetname: "xreqlib__containers__string_vectors__append__2" label: "/home/sogilis/opt/GNAT/2019/lib/gcc/x86_64-pc-linux-gnu/8.3.1/adainclude/a-convec.adb:74:10" }
edge: { sourcename: "xreqlib__containers__string_vectors__Oconcat__2" targetname: "xreqlib__containers__string_vectors__append" label: "/home/sogilis/opt/GNAT/2019/lib/gcc/x86_64-pc-linux-gnu/8.3.1/adainclude/a-convec.adb:73:10" }
edge: { sourcename: "xreqlib__containers__string_vectors__Oconcat__2" targetname: "xreqlib__containers__string_vectors__reserve_capacity" label: "/home/sogilis/opt/GNAT/2019/lib/gcc/x86_64-pc-linux-gnu/8.3.1/adainclude/a-convec.adb:72:10" }
edge: { sourcename: "xreqlib__containers__string_vectors__Oconcat__2" targetname: "xreqlib__containers__string_vectors__length" label: "/home/sogilis/opt/GNAT/2019/lib/gcc/x86_64-pc-linux-gnu/8.3.1/adainclude/a-convec.adb:72:36" }
edge: { sourcename: "xreqlib__containers__string_vectors__Oconcat__2" targetname: "system__standard_library__abort_undefer_direct" label: "/home/sogilis/opt/GNAT/2019/lib/gcc/x86_64-pc-linux-gnu/8.3.1/adainclude/a-convec.adb:71:0" }
edge: { sourcename: "xreqlib__containers__string_vectors__Oconcat__2" targetname: "xreqlib__containers__string_vectors__vectorIP" label: "/home/sogilis/opt/GNAT/2019/lib/gcc/x86_64-pc-linux-gnu/8.3.1/adainclude/a-convec.adb:71:14" }
edge: { sourcename: "xreqlib__containers__string_vectors__Oconcat__2" targetname: "__indirect_call" label: "/home/sogilis/opt/GNAT/2019/lib/gcc/x86_64-pc-linux-gnu/8.3.1/adainclude/a-convec.adb:71:14" }
node: { title: "/home/sogilis/XReq-Enhanced/src/xreqlib/common/xreqlib-containers.ads:xreqlib__containers__string_vectors__Oconcat__R811s___finalizer__2.7009" label: "R811s\n/home/sogilis/opt/GNAT/2019/lib/gcc/x86_64-pc-linux-gnu/8.3.1/adainclude/a-convec.adb:71:7\n704 bytes (static)\n0 dynamic objects" }
edge: { sourcename: "/home/sogilis/XReq-Enhanced/src/xreqlib/common/xreqlib-containers.ads:xreqlib__containers__string_vectors__Oconcat__R811s___finalizer__2.7009" targetname: "_Unwind_Resume" }
edge: { sourcename: "/home/sogilis/XReq-Enhanced/src/xreqlib/common/xreqlib-containers.ads:xreqlib__containers__string_vectors__Oconcat__R811s___finalizer__2.7009" targetname: "__gnat_end_handler" label: "/home/sogilis/opt/GNAT/2019/lib/gcc/x86_64-pc-linux-gnu/8.3.1/adainclude/a-convec.adb:71:0" }
edge: { sourcename: "/home/sogilis/XReq-Enhanced/src/xreqlib/common/xreqlib-containers.ads:xreqlib__containers__string_vectors__Oconcat__R811s___finalizer__2.7009" targetname: "ada__exceptions__save_occurrence" label: "/home/sogilis/opt/GNAT/2019/lib/gcc/x86_64-pc-linux-gnu/8.3.1/adainclude/a-convec.adb:71:7" }
edge: { sourcename: "/home/sogilis/XReq-Enhanced/src/xreqlib/common/xreqlib-containers.ads:xreqlib__containers__string_vectors__Oconcat__R811s___finalizer__2.7009" targetname: "__indirect_call" label: "/home/sogilis/opt/GNAT/2019/lib/gcc/x86_64-pc-linux-gnu/8.3.1/adainclude/a-convec.adb:71:7" }
edge: { sourcename: "/home/sogilis/XReq-Enhanced/src/xreqlib/common/xreqlib-containers.ads:xreqlib__containers__string_vectors__Oconcat__R811s___finalizer__2.7009" targetname: "__gnat_begin_handler" label: "/home/sogilis/opt/GNAT/2019/lib/gcc/x86_64-pc-linux-gnu/8.3.1/adainclude/a-convec.adb:71:7" }
edge: { sourcename: "/home/sogilis/XReq-Enhanced/src/xreqlib/common/xreqlib-containers.ads:xreqlib__containers__string_vectors__Oconcat__R811s___finalizer__2.7009" targetname: "_Unwind_Resume" }
edge: { sourcename: "/home/sogilis/XReq-Enhanced/src/xreqlib/common/xreqlib-containers.ads:xreqlib__containers__string_vectors__Oconcat__R811s___finalizer__2.7009" targetname: "__gnat_raise_from_controlled_operation" label: "/home/sogilis/opt/GNAT/2019/lib/gcc/x86_64-pc-linux-gnu/8.3.1/adainclude/a-convec.adb:71:7" }
edge: { sourcename: "/home/sogilis/XReq-Enhanced/src/xreqlib/common/xreqlib-containers.ads:xreqlib__containers__string_vectors__Oconcat__R811s___finalizer__2.7009" targetname: "__indirect_call" label: "/home/sogilis/opt/GNAT/2019/lib/gcc/x86_64-pc-linux-gnu/8.3.1/adainclude/a-convec.adb:71:7" }
edge: { sourcename: "/home/sogilis/XReq-Enhanced/src/xreqlib/common/xreqlib-containers.ads:xreqlib__containers__string_vectors__Oconcat__R811s___finalizer__2.7009" targetname: "xreqlib__containers__string_vectors__finalize__2" label: "/home/sogilis/opt/GNAT/2019/lib/gcc/x86_64-pc-linux-gnu/8.3.1/adainclude/a-convec.adb:71:14" }
edge: { sourcename: "/home/sogilis/XReq-Enhanced/src/xreqlib/common/xreqlib-containers.ads:xreqlib__containers__string_vectors__Oconcat__R811s___finalizer__2.7009" targetname: "__indirect_call" label: "/home/sogilis/opt/GNAT/2019/lib/gcc/x86_64-pc-linux-gnu/8.3.1/adainclude/a-convec.adb:71:7" }
edge: { sourcename: "/home/sogilis/XReq-Enhanced/src/xreqlib/common/xreqlib-containers.ads:xreqlib__containers__string_vectors__Oconcat__R811s___finalizer__2.7009" targetname: "ada__exceptions__triggered_by_abort" label: "/home/sogilis/opt/GNAT/2019/lib/gcc/x86_64-pc-linux-gnu/8.3.1/adainclude/a-convec.adb:71:7" }
node: { title: "xreqlib__containers__string_vectors__Oconcat" label: "&\n/home/sogilis/opt/GNAT/2019/lib/gcc/x86_64-pc-linux-gnu/8.3.1/adainclude/a-convec.adb:60:4\n128 bytes (static)\n0 dynamic objects" }
edge: { sourcename: "xreqlib__containers__string_vectors__Oconcat" targetname: "_Unwind_Resume" }
edge: { sourcename: "xreqlib__containers__string_vectors__Oconcat" targetname: "/home/sogilis/XReq-Enhanced/src/xreqlib/common/xreqlib-containers.ads:xreqlib__containers__string_vectors__Oconcat__R797s___finalizer.6935" label: "/home/sogilis/opt/GNAT/2019/lib/gcc/x86_64-pc-linux-gnu/8.3.1/adainclude/a-convec.adb:62:0" }
edge: { sourcename: "xreqlib__containers__string_vectors__Oconcat" targetname: "xreqlib__containers__string_vectors__adjust__2" label: "/home/sogilis/opt/GNAT/2019/lib/gcc/x86_64-pc-linux-gnu/8.3.1/adainclude/a-convec.adb:62:7" }
edge: { sourcename: "xreqlib__containers__string_vectors__Oconcat" targetname: "system__secondary_stack__ss_allocate" label: "/home/sogilis/opt/GNAT/2019/lib/gcc/x86_64-pc-linux-gnu/8.3.1/adainclude/a-convec.adb:62:7" }
edge: { sourcename: "xreqlib__containers__string_vectors__Oconcat" targetname: "xreqlib__containers__string_vectors__append" label: "/home/sogilis/opt/GNAT/2019/lib/gcc/x86_64-pc-linux-gnu/8.3.1/adainclude/a-convec.adb:65:10" }
edge: { sourcename: "xreqlib__containers__string_vectors__Oconcat" targetname: "xreqlib__containers__string_vectors__append" label: "/home/sogilis/opt/GNAT/2019/lib/gcc/x86_64-pc-linux-gnu/8.3.1/adainclude/a-convec.adb:64:10" }
edge: { sourcename: "xreqlib__containers__string_vectors__Oconcat" targetname: "xreqlib__containers__string_vectors__reserve_capacity" label: "/home/sogilis/opt/GNAT/2019/lib/gcc/x86_64-pc-linux-gnu/8.3.1/adainclude/a-convec.adb:63:10" }
edge: { sourcename: "xreqlib__containers__string_vectors__Oconcat" targetname: "xreqlib__containers__string_vectors__length" label: "/home/sogilis/opt/GNAT/2019/lib/gcc/x86_64-pc-linux-gnu/8.3.1/adainclude/a-convec.adb:63:52" }
edge: { sourcename: "xreqlib__containers__string_vectors__Oconcat" targetname: "xreqlib__containers__string_vectors__length" label: "/home/sogilis/opt/GNAT/2019/lib/gcc/x86_64-pc-linux-gnu/8.3.1/adainclude/a-convec.adb:63:36" }
edge: { sourcename: "xreqlib__containers__string_vectors__Oconcat" targetname: "system__standard_library__abort_undefer_direct" label: "/home/sogilis/opt/GNAT/2019/lib/gcc/x86_64-pc-linux-gnu/8.3.1/adainclude/a-convec.adb:62:0" }
edge: { sourcename: "xreqlib__containers__string_vectors__Oconcat" targetname: "xreqlib__containers__string_vectors__vectorIP" label: "/home/sogilis/opt/GNAT/2019/lib/gcc/x86_64-pc-linux-gnu/8.3.1/adainclude/a-convec.adb:62:14" }
edge: { sourcename: "xreqlib__containers__string_vectors__Oconcat" targetname: "__indirect_call" label: "/home/sogilis/opt/GNAT/2019/lib/gcc/x86_64-pc-linux-gnu/8.3.1/adainclude/a-convec.adb:62:14" }
node: { title: "/home/sogilis/XReq-Enhanced/src/xreqlib/common/xreqlib-containers.ads:xreqlib__containers__string_vectors__Oconcat__R797s___finalizer.6935" label: "R797s\n/home/sogilis/opt/GNAT/2019/lib/gcc/x86_64-pc-linux-gnu/8.3.1/adainclude/a-convec.adb:62:7\n704 bytes (static)\n0 dynamic objects" }
edge: { sourcename: "/home/sogilis/XReq-Enhanced/src/xreqlib/common/xreqlib-containers.ads:xreqlib__containers__string_vectors__Oconcat__R797s___finalizer.6935" targetname: "_Unwind_Resume" }
edge: { sourcename: "/home/sogilis/XReq-Enhanced/src/xreqlib/common/xreqlib-containers.ads:xreqlib__containers__string_vectors__Oconcat__R797s___finalizer.6935" targetname: "__gnat_end_handler" label: "/home/sogilis/opt/GNAT/2019/lib/gcc/x86_64-pc-linux-gnu/8.3.1/adainclude/a-convec.adb:62:0" }
edge: { sourcename: "/home/sogilis/XReq-Enhanced/src/xreqlib/common/xreqlib-containers.ads:xreqlib__containers__string_vectors__Oconcat__R797s___finalizer.6935" targetname: "ada__exceptions__save_occurrence" label: "/home/sogilis/opt/GNAT/2019/lib/gcc/x86_64-pc-linux-gnu/8.3.1/adainclude/a-convec.adb:62:7" }
edge: { sourcename: "/home/sogilis/XReq-Enhanced/src/xreqlib/common/xreqlib-containers.ads:xreqlib__containers__string_vectors__Oconcat__R797s___finalizer.6935" targetname: "__indirect_call" label: "/home/sogilis/opt/GNAT/2019/lib/gcc/x86_64-pc-linux-gnu/8.3.1/adainclude/a-convec.adb:62:7" }
edge: { sourcename: "/home/sogilis/XReq-Enhanced/src/xreqlib/common/xreqlib-containers.ads:xreqlib__containers__string_vectors__Oconcat__R797s___finalizer.6935" targetname: "__gnat_begin_handler" label: "/home/sogilis/opt/GNAT/2019/lib/gcc/x86_64-pc-linux-gnu/8.3.1/adainclude/a-convec.adb:62:7" }
edge: { sourcename: "/home/sogilis/XReq-Enhanced/src/xreqlib/common/xreqlib-containers.ads:xreqlib__containers__string_vectors__Oconcat__R797s___finalizer.6935" targetname: "_Unwind_Resume" }
edge: { sourcename: "/home/sogilis/XReq-Enhanced/src/xreqlib/common/xreqlib-containers.ads:xreqlib__containers__string_vectors__Oconcat__R797s___finalizer.6935" targetname: "__gnat_raise_from_controlled_operation" label: "/home/sogilis/opt/GNAT/2019/lib/gcc/x86_64-pc-linux-gnu/8.3.1/adainclude/a-convec.adb:62:7" }
edge: { sourcename: "/home/sogilis/XReq-Enhanced/src/xreqlib/common/xreqlib-containers.ads:xreqlib__containers__string_vectors__Oconcat__R797s___finalizer.6935" targetname: "__indirect_call" label: "/home/sogilis/opt/GNAT/2019/lib/gcc/x86_64-pc-linux-gnu/8.3.1/adainclude/a-convec.adb:62:7" }
edge: { sourcename: "/home/sogilis/XReq-Enhanced/src/xreqlib/common/xreqlib-containers.ads:xreqlib__containers__string_vectors__Oconcat__R797s___finalizer.6935" targetname: "xreqlib__containers__string_vectors__finalize__2" label: "/home/sogilis/opt/GNAT/2019/lib/gcc/x86_64-pc-linux-gnu/8.3.1/adainclude/a-convec.adb:62:14" }
edge: { sourcename: "/home/sogilis/XReq-Enhanced/src/xreqlib/common/xreqlib-containers.ads:xreqlib__containers__string_vectors__Oconcat__R797s___finalizer.6935" targetname: "__indirect_call" label: "/home/sogilis/opt/GNAT/2019/lib/gcc/x86_64-pc-linux-gnu/8.3.1/adainclude/a-convec.adb:62:7" }
edge: { sourcename: "/home/sogilis/XReq-Enhanced/src/xreqlib/common/xreqlib-containers.ads:xreqlib__containers__string_vectors__Oconcat__R797s___finalizer.6935" targetname: "ada__exceptions__triggered_by_abort" label: "/home/sogilis/opt/GNAT/2019/lib/gcc/x86_64-pc-linux-gnu/8.3.1/adainclude/a-convec.adb:62:7" }
node: { title: "xreqlib__containers__string_vectors__implementation__zero_counts" label: "Zero_Counts\n/home/sogilis/opt/GNAT/2019/lib/gcc/x86_64-pc-linux-gnu/8.3.1/adainclude/a-conhel.adb:177:7\n16 bytes (static)\n0 dynamic objects" }
node: { title: "xreqlib__containers__string_vectors__implementation__unlock" label: "Unlock\n/home/sogilis/opt/GNAT/2019/lib/gcc/x86_64-pc-linux-gnu/8.3.1/adainclude/a-conhel.adb:165:7\n16 bytes (static)\n0 dynamic objects" }
node: { title: "xreqlib__containers__string_vectors__implementation__unbusy" label: "Unbusy\n/home/sogilis/opt/GNAT/2019/lib/gcc/x86_64-pc-linux-gnu/8.3.1/adainclude/a-conhel.adb:154:7\n16 bytes (static)\n0 dynamic objects" }
node: { title: "xreqlib__containers__string_vectors__implementation__te_check" label: "Te_Check\n/home/sogilis/opt/GNAT/2019/lib/gcc/x86_64-pc-linux-gnu/8.3.1/adainclude/a-conhel.adb:142:7\n48 bytes (static)\n0 dynamic objects" }
edge: { sourcename: "xreqlib__containers__string_vectors__implementation__te_check" targetname: "__gnat_raise_exception" label: "/home/sogilis/opt/GNAT/2019/lib/gcc/x86_64-pc-linux-gnu/8.3.1/adainclude/a-conhel.adb:145:13" }
node: { title: "xreqlib__containers__string_vectors__implementation__tc_check" label: "Tc_Check\n/home/sogilis/opt/GNAT/2019/lib/gcc/x86_64-pc-linux-gnu/8.3.1/adainclude/a-conhel.adb:123:7\n48 bytes (static)\n0 dynamic objects" }
edge: { sourcename: "xreqlib__containers__string_vectors__implementation__tc_check" targetname: "__gnat_raise_exception" label: "/home/sogilis/opt/GNAT/2019/lib/gcc/x86_64-pc-linux-gnu/8.3.1/adainclude/a-conhel.adb:126:13" }
node: { title: "xreqlib__containers__string_vectors__implementation__lock" label: "Lock\n/home/sogilis/opt/GNAT/2019/lib/gcc/x86_64-pc-linux-gnu/8.3.1/adainclude/a-conhel.adb:111:7\n16 bytes (static)\n0 dynamic objects" }
node: { title: "xreqlib__containers__string_vectors__implementation__initialize__3" label: "Initialize\n/home/sogilis/opt/GNAT/2019/lib/gcc/x86_64-pc-linux-gnu/8.3.1/adainclude/a-conhel.adb:99:7\n32 bytes (static)\n0 dynamic objects" }
edge: { sourcename: "xreqlib__containers__string_vectors__implementation__initialize__3" targetname: "xreqlib__containers__string_vectors__implementation__lock" label: "/home/sogilis/opt/GNAT/2019/lib/gcc/x86_64-pc-linux-gnu/8.3.1/adainclude/a-conhel.adb:104:32" }
node: { title: "xreqlib__containers__string_vectors__implementation__initialize__2" label: "Initialize\n/home/sogilis/opt/GNAT/2019/lib/gcc/x86_64-pc-linux-gnu/8.3.1/adainclude/a-conhel.adb:91:7\n32 bytes (static)\n0 dynamic objects" }
edge: { sourcename: "xreqlib__containers__string_vectors__implementation__initialize__2" targetname: "xreqlib__containers__string_vectors__implementation__busy" label: "/home/sogilis/opt/GNAT/2019/lib/gcc/x86_64-pc-linux-gnu/8.3.1/adainclude/a-conhel.adb:96:32" }
node: { title: "xreqlib__containers__string_vectors__implementation__finalize__3" label: "Finalize\n/home/sogilis/opt/GNAT/2019/lib/gcc/x86_64-pc-linux-gnu/8.3.1/adainclude/a-conhel.adb:79:7\n32 bytes (static)\n0 dynamic objects" }
edge: { sourcename: "xreqlib__containers__string_vectors__implementation__finalize__3" targetname: "xreqlib__containers__string_vectors__implementation__unlock" label: "/home/sogilis/opt/GNAT/2019/lib/gcc/x86_64-pc-linux-gnu/8.3.1/adainclude/a-conhel.adb:84:10" }
node: { title: "xreqlib__containers__string_vectors__implementation__finalize__2" label: "Finalize\n/home/sogilis/opt/GNAT/2019/lib/gcc/x86_64-pc-linux-gnu/8.3.1/adainclude/a-conhel.adb:71:7\n32 bytes (static)\n0 dynamic objects" }
edge: { sourcename: "xreqlib__containers__string_vectors__implementation__finalize__2" targetname: "xreqlib__containers__string_vectors__implementation__unbusy" label: "/home/sogilis/opt/GNAT/2019/lib/gcc/x86_64-pc-linux-gnu/8.3.1/adainclude/a-conhel.adb:76:10" }
node: { title: "xreqlib__containers__string_vectors__implementation__finalize" label: "Finalize\n/home/sogilis/opt/GNAT/2019/lib/gcc/x86_64-pc-linux-gnu/8.3.1/adainclude/a-conhel.adb:60:7\n32 bytes (static)\n0 dynamic objects" }
edge: { sourcename: "xreqlib__containers__string_vectors__implementation__finalize" targetname: "xreqlib__containers__string_vectors__implementation__unlock" label: "/home/sogilis/opt/GNAT/2019/lib/gcc/x86_64-pc-linux-gnu/8.3.1/adainclude/a-conhel.adb:63:13" }
node: { title: "xreqlib__containers__string_vectors__implementation__busy" label: "Busy\n/home/sogilis/opt/GNAT/2019/lib/gcc/x86_64-pc-linux-gnu/8.3.1/adainclude/a-conhel.adb:49:7\n16 bytes (static)\n0 dynamic objects" }
node: { title: "xreqlib__containers__string_vectors__implementation__adjust" label: "Adjust\n/home/sogilis/opt/GNAT/2019/lib/gcc/x86_64-pc-linux-gnu/8.3.1/adainclude/a-conhel.adb:38:7\n32 bytes (static)\n0 dynamic objects" }
edge: { sourcename: "xreqlib__containers__string_vectors__implementation__adjust" targetname: "xreqlib__containers__string_vectors__implementation__lock" label: "/home/sogilis/opt/GNAT/2019/lib/gcc/x86_64-pc-linux-gnu/8.3.1/adainclude/a-conhel.adb:41:13" }
}
