edge: { sourcename: "xreqlib__format__base__Tbase_format_typeCFD"
  targetname: "-9:xreqlib__format__base__base_format_type,xreqlib__format__base__base_format_type"
  label: "xreqlib-format-base.ads:36:9"
}
class {
  classname: "xreqlib__format__base__base_format_type"
  label: "xreqlib__format__base__base_format_type\xreqlib-format-base.ads:36:9"
  parent: "xreqlib__format__format_type"
  virtuals: "1:xreqlib__format__base__start_tests,1:xreqlib__format__format_type\n
             2:xreqlib__format__base__begin_tests,2:xreqlib__format__format_type\n
             3:xreqlib__format__base__put_summary,3:xreqlib__format__format_type\n
             4:xreqlib__format__base__end_tests,4:xreqlib__format__format_type\n
             5:xreqlib__format__base__stop_tests,5:xreqlib__format__format_type\n
             6:xreqlib__format__base__start_feature,6:xreqlib__format__format_type\n
             7:xreqlib__format__base__begin_feature,7:xreqlib__format__format_type\n
             8:xreqlib__format__base__put_feature,8:xreqlib__format__format_type\n
             9:xreqlib__format__base__end_feature,9:xreqlib__format__format_type\n
             10:xreqlib__format__base__stop_feature,10:xreqlib__format__format_type\n
             11:xreqlib__format__base__start_outline,11:xreqlib__format__format_type\n
             12:xreqlib__format__base__enter_outline,12:xreqlib__format__format_type\n
             13:xreqlib__format__base__begin_outline,13:xreqlib__format__format_type\n
             14:xreqlib__format__base__put_outline_report,14:xreqlib__format__format_type\n
             15:xreqlib__format__base__end_outline,15:xreqlib__format__format_type\n
             16:xreqlib__format__base__stop_outline,16:xreqlib__format__format_type\n
             17:xreqlib__format__base__start_scenario,17:xreqlib__format__format_type\n
             18:xreqlib__format__base__enter_scenario,18:xreqlib__format__format_type\n
             19:xreqlib__format__base__begin_scenario,19:xreqlib__format__format_type\n
             20:xreqlib__format__base__end_scenario,20:xreqlib__format__format_type\n
             21:xreqlib__format__base__stop_scenario,21:xreqlib__format__format_type\n
             22:xreqlib__format__base__start_background,22:xreqlib__format__format_type\n
             23:xreqlib__format__base__begin_background,23:xreqlib__format__format_type\n
             24:xreqlib__format__base__put_background,24:xreqlib__format__format_type\n
             25:xreqlib__format__base__end_background,25:xreqlib__format__format_type\n
             26:xreqlib__format__base__stop_background,26:xreqlib__format__format_type\n
             27:xreqlib__format__base__start_step,27:xreqlib__format__format_type\n
             28:xreqlib__format__base__begin_step,28:xreqlib__format__format_type\n
             29:xreqlib__format__base__put_step,29:xreqlib__format__format_type\n
             30:xreqlib__format__base__put_error,30:xreqlib__format__format_type\n
             31:xreqlib__format__base__end_step,31:xreqlib__format__format_type\n
             32:xreqlib__format__base__stop_step,32:xreqlib__format__format_type\n
             33:xreqlib__format__base__set_output,33:xreqlib__format__format_type\n
             34:xreqlib__format__base__set_debug,34:xreqlib__format__format_type\n
             35:xreqlib__format__base__set_num_steps,35:xreqlib__format__format_type\n
             36:xreqlib__format__base__list_feature,36:xreqlib__format__format_type\n
             37:xreqlib__format__base__list_scenario,37:xreqlib__format__format_type\n
             38:xreqlib__format__base__s_feature,38:xreqlib__format__format_type\n
             39:xreqlib__format__base__s_scenario,39:xreqlib__format__format_type\n
             40:xreqlib__format__base__s_outline,40:xreqlib__format__format_type\n
             41:xreqlib__format__base__s_examples,41:xreqlib__format__format_type\n
             -1:xreqlib__format__base___size,-1:xreqlib__format__format_type\n
             -2:xreqlib__format__base__base_format_typeSR,-2:xreqlib__format__format_type\n
             -3:xreqlib__format__base__base_format_typeSW,-3:xreqlib__format__format_type\n
             -5:xreqlib__format__base__base_format_typeSO,-5:xreqlib__format__format_type\n
             -10:xreqlib__format__base___disp_asynchronous_select,-10:xreqlib__format__format_type\n
             -11:xreqlib__format__base___disp_conditional_select,-11:xreqlib__format__format_type\n
             -12:xreqlib__format__base___disp_get_prim_op_kind,-12:xreqlib__format__format_type\n
             -13:xreqlib__format__base___disp_get_task_id,-13:xreqlib__format__format_type\n
             -14:xreqlib__format__base___disp_requeue,-14:xreqlib__format__format_type\n
             -15:xreqlib__format__base___disp_timed_select,-15:xreqlib__format__format_type\n
             -9:xreqlib__format__base__base_format_typeDF,-9:xreqlib__format__format_type\n
             42:xreqlib__format__base__s_feature__2\n
             43:xreqlib__format__base__s_scenario__2\n
             44:xreqlib__format__base__s_outline__2\n
             45:xreqlib__format__base__s_examples__2\n
             -6:xreqlib__format__base__Oeq\n
             -7:xreqlib__format__base___assign\n
             -8:xreqlib__format__base__base_format_typeDA"
}
edge: { sourcename: "xreqlib__format__base__list_feature"
  targetname: "4:xreqlib__io__t_output,xreqlib__io__t_output"
  label: "xreqlib-format-base.adb:221:23"
}
edge: { sourcename: "xreqlib__format__base__list_feature"
  targetname: "3:xreqlib__io__t_output,xreqlib__io__t_output"
  label: "xreqlib-format-base.adb:223:20"
}
edge: { sourcename: "xreqlib__format__base__list_feature"
  targetname: "4:xreqlib__io__t_output,xreqlib__io__t_output"
  label: "xreqlib-format-base.adb:224:20"
}
edge: { sourcename: "xreqlib__format__base__list_scenario"
  targetname: "3:xreqlib__io__t_output,xreqlib__io__t_output"
  label: "xreqlib-format-base.adb:242:20"
}
graph: { title: "/home/sogilis/XReq-Enhanced/src/xreqlib/x86_64/xreqlib-format-base.adb"
node: { title: "_Unwind_Resume" label: "builtin_unwind_resume\n<built-in>" shape : ellipse }
node: { title: "ada__tags__register_tag" label: "Register_Tag\n/home/sogilis/opt/GNAT/2019/lib/gcc/x86_64-pc-linux-gnu/8.3.1/adainclude/a-tags.ads:552:14" shape : ellipse }
node: { title: "ada__tags__check_tsd" label: "Check_Tsd\n/home/sogilis/opt/GNAT/2019/lib/gcc/x86_64-pc-linux-gnu/8.3.1/adainclude/a-tags.ads:465:14" shape : ellipse }
node: { title: "system__finalization_masters__set_finalize_address" label: "Set_Finalize_Address\n/home/sogilis/opt/GNAT/2019/lib/gcc/x86_64-pc-linux-gnu/8.3.1/adainclude/s-finmas.ads:126:14" shape : ellipse }
node: { title: "system__finalization_masters__set_base_pool" label: "Set_Base_Pool\n/home/sogilis/opt/GNAT/2019/lib/gcc/x86_64-pc-linux-gnu/8.3.1/adainclude/s-finmas.ads:201:14" shape : ellipse }
node: { title: "system__finalization_masters__initialize__2" label: "Initialize\n/home/sogilis/opt/GNAT/2019/lib/gcc/x86_64-pc-linux-gnu/8.3.1/adainclude/s-finmas.ads:198:25" shape : ellipse }
node: { title: "system__finalization_masters__finalization_masterIP" label: "Finalization_Masterip\n/home/sogilis/opt/GNAT/2019/lib/gcc/x86_64-pc-linux-gnu/8.3.1/adainclude/s-finmas.ads:161:9" shape : ellipse }
node: { title: "system__concat_8__str_concat_8" label: "Str_Concat_8\n/home/sogilis/opt/GNAT/2019/lib/gcc/x86_64-pc-linux-gnu/8.3.1/adainclude/s-conca8.ads:39:14" shape : ellipse }
node: { title: "ada__strings__fixed__trim" label: "Trim\n/home/sogilis/opt/GNAT/2019/lib/gcc/x86_64-pc-linux-gnu/8.3.1/adainclude/a-strfix.ads:468:13" shape : ellipse }
node: { title: "system__img_int__image_integer" label: "Image_Integer\n/home/sogilis/opt/GNAT/2019/lib/gcc/x86_64-pc-linux-gnu/8.3.1/adainclude/s-imgint.ads:39:14" shape : ellipse }
node: { title: "system__concat_2__str_concat_2" label: "Str_Concat_2\n/home/sogilis/opt/GNAT/2019/lib/gcc/x86_64-pc-linux-gnu/8.3.1/adainclude/s-conca2.ads:39:14" shape : ellipse }
node: { title: "xreqlib__standard_io__create" label: "Create\n/home/sogilis/XReq-Enhanced/src/xreqlib/x86_64/xreqlib-standard_io.ads:36:14" shape : ellipse }
node: { title: "ada__tags__displace" label: "Displace\n/home/sogilis/opt/GNAT/2019/lib/gcc/x86_64-pc-linux-gnu/8.3.1/adainclude/a-tags.ads:469:13" shape : ellipse }
node: { title: "__gnat_rcheck_CE_Access_Check_ext" label: "gnat_rcheck_CE_Access_Check_ext\n<built-in>" shape : ellipse }
node: { title: "xreqlib__format__convert" label: "Convert\n/home/sogilis/XReq-Enhanced/src/xreqlib/common/xreqlib-format.ads:52:13" shape : ellipse }
node: { title: "__gnat_rcheck_PE_Access_Before_Elaboration" label: "gnat_rcheck_PE_Access_Before_Elaboration\n<built-in>" shape : ellipse }
node: { title: "system__soft_links__save_library_occurrence" label: "Save_Library_Occurrence\n/home/sogilis/opt/GNAT/2019/lib/gcc/x86_64-pc-linux-gnu/8.3.1/adainclude/s-soflin.ads:315:14" shape : ellipse }
node: { title: "system__finalization_masters__finalize" label: "Finalize\n/home/sogilis/opt/GNAT/2019/lib/gcc/x86_64-pc-linux-gnu/8.3.1/adainclude/s-finmas.ads:96:25" shape : ellipse }
node: { title: "__gnat_set_exception_parameter" label: "gnat_set_exception_parameter\n<built-in>" shape : ellipse }
node: { title: "ada__tags__get_prim_op_kind" label: "Get_Prim_Op_Kind\n/home/sogilis/opt/GNAT/2019/lib/gcc/x86_64-pc-linux-gnu/8.3.1/adainclude/a-tags.ads:493:13" shape : ellipse }
node: { title: "xreqlib__format__tag_array_vector__vectorSW__2" label: "Vectorsw\n/home/sogilis/opt/GNAT/2019/lib/gcc/x86_64-pc-linux-gnu/8.3.1/adainclude/a-convec.ads:693:9" shape : ellipse }
node: { title: "system__stream_attributes__w_ssu" label: "W_Ssu\n/home/sogilis/opt/GNAT/2019/lib/gcc/x86_64-pc-linux-gnu/8.3.1/adainclude/s-stratt.ads:148:14" shape : ellipse }
node: { title: "system__strings__stream_ops__string_output_blk_io" label: "String_Output_Blk_Io\n/home/sogilis/opt/GNAT/2019/lib/gcc/x86_64-pc-linux-gnu/8.3.1/adainclude/s-ststop.ads:168:14" shape : ellipse }
node: { title: "ada__strings__unbounded__to_string" label: "To_String\n/home/sogilis/opt/GNAT/2019/lib/gcc/x86_64-pc-linux-gnu/8.3.1/adainclude/a-strunb.ads:116:13" shape : ellipse }
node: { title: "system__stream_attributes__w_i" label: "W_I\n/home/sogilis/opt/GNAT/2019/lib/gcc/x86_64-pc-linux-gnu/8.3.1/adainclude/s-stratt.ads:137:14" shape : ellipse }
node: { title: "system__stream_attributes__w_b" label: "W_B\n/home/sogilis/opt/GNAT/2019/lib/gcc/x86_64-pc-linux-gnu/8.3.1/adainclude/s-stratt.ads:134:14" shape : ellipse }
node: { title: "system__stream_attributes__w_as" label: "W_As\n/home/sogilis/opt/GNAT/2019/lib/gcc/x86_64-pc-linux-gnu/8.3.1/adainclude/s-stratt.ads:133:14" shape : ellipse }
node: { title: "xreqlib__format__tag_array_vector__vectorSR__2" label: "Vectorsr\n/home/sogilis/opt/GNAT/2019/lib/gcc/x86_64-pc-linux-gnu/8.3.1/adainclude/a-convec.ads:693:9" shape : ellipse }
node: { title: "system__stream_attributes__i_ssu" label: "I_Ssu\n/home/sogilis/opt/GNAT/2019/lib/gcc/x86_64-pc-linux-gnu/8.3.1/adainclude/s-stratt.ads:116:13" shape : ellipse }
node: { title: "system__standard_library__abort_undefer_direct" label: "Abort_Undefer_Direct\n/home/sogilis/opt/GNAT/2019/lib/gcc/x86_64-pc-linux-gnu/8.3.1/adainclude/s-stalib.ads:254:14" shape : ellipse }
node: { title: "ada__strings__unbounded___assign__2" label: "Unbounded\n/home/sogilis/opt/GNAT/2019/lib/gcc/x86_64-pc-linux-gnu/8.3.1/adainclude/a-strunb.ads:737:9" shape : ellipse }
node: { title: "system__strings__stream_ops__string_input_blk_io" label: "String_Input_Blk_Io\n/home/sogilis/opt/GNAT/2019/lib/gcc/x86_64-pc-linux-gnu/8.3.1/adainclude/s-ststop.ads:154:13" shape : ellipse }
node: { title: "system__stream_attributes__i_i" label: "I_I\n/home/sogilis/opt/GNAT/2019/lib/gcc/x86_64-pc-linux-gnu/8.3.1/adainclude/s-stratt.ads:106:13" shape : ellipse }
node: { title: "system__stream_attributes__i_b" label: "I_B\n/home/sogilis/opt/GNAT/2019/lib/gcc/x86_64-pc-linux-gnu/8.3.1/adainclude/s-stratt.ads:103:13" shape : ellipse }
node: { title: "system__stream_attributes__i_as" label: "I_As\n/home/sogilis/opt/GNAT/2019/lib/gcc/x86_64-pc-linux-gnu/8.3.1/adainclude/s-stratt.ads:102:13" shape : ellipse }
node: { title: "system__secondary_stack__ss_release" label: "Ss_Release\n/home/sogilis/opt/GNAT/2019/lib/gcc/x86_64-pc-linux-gnu/8.3.1/adainclude/s-secsta.ads:95:14" shape : ellipse }
node: { title: "ada__strings__unbounded__to_unbounded_string" label: "To_Unbounded_String\n/home/sogilis/opt/GNAT/2019/lib/gcc/x86_64-pc-linux-gnu/8.3.1/adainclude/a-strunb.ads:103:13" shape : ellipse }
node: { title: "system__secondary_stack__ss_mark" label: "Ss_Mark\n/home/sogilis/opt/GNAT/2019/lib/gcc/x86_64-pc-linux-gnu/8.3.1/adainclude/s-secsta.ads:92:13" shape : ellipse }
node: { title: "__gnat_reraise_zcx" label: "gnat_reraise_zcx\n<built-in>" shape : ellipse }
node: { title: "xreqlib__format__tag_array_vector__vectorIP" label: "Vectorip\n/home/sogilis/opt/GNAT/2019/lib/gcc/x86_64-pc-linux-gnu/8.3.1/adainclude/a-convec.ads:693:9" shape : ellipse }
node: { title: "__gnat_rcheck_CE_Overflow_Check" label: "gnat_rcheck_CE_Overflow_Check\n<built-in>" shape : ellipse }
node: { title: "ada__strings__unbounded__initialize__2" label: "Initialize\n/home/sogilis/opt/GNAT/2019/lib/gcc/x86_64-pc-linux-gnu/8.3.1/adainclude/a-strunb.ads:747:25" shape : ellipse }
node: { title: "ada__strings__unbounded__unbounded_stringIP" label: "Unbounded_Stringip\n/home/sogilis/opt/GNAT/2019/lib/gcc/x86_64-pc-linux-gnu/8.3.1/adainclude/a-strunb.ads:737:9" shape : ellipse }
node: { title: "ada__strings__unbounded__finalize__2" label: "Finalize\n/home/sogilis/opt/GNAT/2019/lib/gcc/x86_64-pc-linux-gnu/8.3.1/adainclude/a-strunb.ads:749:25" shape : ellipse }
node: { title: "xreqlib__format__tag_array_vector__finalize__2" label: "Finalize\n/home/sogilis/opt/GNAT/2019/lib/gcc/x86_64-pc-linux-gnu/8.3.1/adainclude/a-convec.ads:700:25" shape : ellipse }
node: { title: "__gnat_end_handler" label: "gnat_end_handler\n<built-in>" shape : ellipse }
node: { title: "ada__exceptions__save_occurrence" label: "Save_Occurrence\n/home/sogilis/opt/GNAT/2019/lib/gcc/x86_64-pc-linux-gnu/8.3.1/adainclude/a-except.ads:123:14" shape : ellipse }
node: { title: "__gnat_begin_handler" label: "gnat_begin_handler\n<built-in>" shape : ellipse }
node: { title: "__gnat_raise_from_controlled_operation" label: "Raise_From_Controlled_Operation\n/home/sogilis/opt/GNAT/2019/lib/gcc/x86_64-pc-linux-gnu/8.3.1/adainclude/a-except.ads:215:14" shape : ellipse }
node: { title: "xreqlib__format__tag_array_vector__adjust__2" label: "Adjust\n/home/sogilis/opt/GNAT/2019/lib/gcc/x86_64-pc-linux-gnu/8.3.1/adainclude/a-convec.ads:699:25" shape : ellipse }
node: { title: "ada__strings__unbounded__adjust__2" label: "Adjust\n/home/sogilis/opt/GNAT/2019/lib/gcc/x86_64-pc-linux-gnu/8.3.1/adainclude/a-strunb.ads:748:25" shape : ellipse }
node: { title: "ada__exceptions__triggered_by_abort" label: "Triggered_By_Abort\n/home/sogilis/opt/GNAT/2019/lib/gcc/x86_64-pc-linux-gnu/8.3.1/adainclude/a-except.ads:245:13" shape : ellipse }
node: { title: "xreqlib__format__tag_array_vector__Oeq__2" label: "=\n/home/sogilis/opt/GNAT/2019/lib/gcc/x86_64-pc-linux-gnu/8.3.1/adainclude/a-convec.ads:117:24" shape : ellipse }
node: { title: "ada__strings__unbounded__Oeq" label: "=\n/home/sogilis/opt/GNAT/2019/lib/gcc/x86_64-pc-linux-gnu/8.3.1/adainclude/a-strunb.ads:238:13" shape : ellipse }
node: { title: "xreqlib__format__base___elabs" label: "Base\n/home/sogilis/XReq-Enhanced/src/xreqlib/common/xreqlib-format-base.ads:21:1\n32 bytes (static)\n0 dynamic objects" }
edge: { sourcename: "xreqlib__format__base___elabs" targetname: "_Unwind_Resume" }
edge: { sourcename: "xreqlib__format__base___elabs" targetname: "ada__tags__register_tag" label: "/home/sogilis/XReq-Enhanced/src/xreqlib/common/xreqlib-format-base.ads:36:9" }
edge: { sourcename: "xreqlib__format__base___elabs" targetname: "ada__tags__check_tsd" label: "/home/sogilis/XReq-Enhanced/src/xreqlib/common/xreqlib-format-base.ads:36:9" }
edge: { sourcename: "xreqlib__format__base___elabs" targetname: "system__finalization_masters__set_finalize_address" label: "/home/sogilis/XReq-Enhanced/src/xreqlib/common/xreqlib-format-base.ads:65:9" }
edge: { sourcename: "xreqlib__format__base___elabs" targetname: "system__finalization_masters__set_base_pool" label: "/home/sogilis/XReq-Enhanced/src/xreqlib/common/xreqlib-format-base.ads:65:9" }
edge: { sourcename: "xreqlib__format__base___elabs" targetname: "system__standard_library__abort_undefer_direct" label: "/home/sogilis/XReq-Enhanced/src/xreqlib/common/xreqlib-format-base.ads:65:0" }
edge: { sourcename: "xreqlib__format__base___elabs" targetname: "system__finalization_masters__initialize__2" label: "/home/sogilis/XReq-Enhanced/src/xreqlib/common/xreqlib-format-base.ads:65:9" }
edge: { sourcename: "xreqlib__format__base___elabs" targetname: "system__finalization_masters__finalization_masterIP" label: "/home/sogilis/XReq-Enhanced/src/xreqlib/common/xreqlib-format-base.ads:65:9" }
edge: { sourcename: "xreqlib__format__base___elabs" targetname: "__indirect_call" label: "/home/sogilis/XReq-Enhanced/src/xreqlib/common/xreqlib-format-base.ads:65:9" }
node: { title: "__indirect_call" label: "Indirect Call Placeholder" shape : ellipse }
node: { title: "xreqlib__format__base___elabb" label: "Base\n/home/sogilis/XReq-Enhanced/src/xreqlib/x86_64/xreqlib-format-base.adb:24:1\n16 bytes (static)\n0 dynamic objects" }
node: { title: "xreqlib__format__base__s_examples__2" label: "S_Examples\n/home/sogilis/XReq-Enhanced/src/xreqlib/x86_64/xreqlib-format-base.adb:284:4\n32 bytes (static)\n0 dynamic objects" }
edge: { sourcename: "xreqlib__format__base__s_examples__2" targetname: "ada__strings__unbounded__to_string" label: "/home/sogilis/XReq-Enhanced/src/xreqlib/x86_64/xreqlib-format-base.adb:286:14" }
edge: { sourcename: "xreqlib__format__base__s_examples__2" targetname: "__gnat_rcheck_PE_Access_Before_Elaboration" label: "/home/sogilis/XReq-Enhanced/src/xreqlib/x86_64/xreqlib-format-base.adb:284:4" }
node: { title: "xreqlib__format__base__s_outline__2" label: "S_Outline\n/home/sogilis/XReq-Enhanced/src/xreqlib/x86_64/xreqlib-format-base.adb:280:4\n32 bytes (static)\n0 dynamic objects" }
edge: { sourcename: "xreqlib__format__base__s_outline__2" targetname: "ada__strings__unbounded__to_string" label: "/home/sogilis/XReq-Enhanced/src/xreqlib/x86_64/xreqlib-format-base.adb:282:14" }
edge: { sourcename: "xreqlib__format__base__s_outline__2" targetname: "__gnat_rcheck_PE_Access_Before_Elaboration" label: "/home/sogilis/XReq-Enhanced/src/xreqlib/x86_64/xreqlib-format-base.adb:280:4" }
node: { title: "xreqlib__format__base__s_scenario__2" label: "S_Scenario\n/home/sogilis/XReq-Enhanced/src/xreqlib/x86_64/xreqlib-format-base.adb:276:4\n32 bytes (static)\n0 dynamic objects" }
edge: { sourcename: "xreqlib__format__base__s_scenario__2" targetname: "ada__strings__unbounded__to_string" label: "/home/sogilis/XReq-Enhanced/src/xreqlib/x86_64/xreqlib-format-base.adb:278:14" }
edge: { sourcename: "xreqlib__format__base__s_scenario__2" targetname: "__gnat_rcheck_PE_Access_Before_Elaboration" label: "/home/sogilis/XReq-Enhanced/src/xreqlib/x86_64/xreqlib-format-base.adb:276:4" }
node: { title: "xreqlib__format__base__s_feature__2" label: "S_Feature\n/home/sogilis/XReq-Enhanced/src/xreqlib/x86_64/xreqlib-format-base.adb:272:4\n32 bytes (static)\n0 dynamic objects" }
edge: { sourcename: "xreqlib__format__base__s_feature__2" targetname: "ada__strings__unbounded__to_string" label: "/home/sogilis/XReq-Enhanced/src/xreqlib/x86_64/xreqlib-format-base.adb:274:14" }
edge: { sourcename: "xreqlib__format__base__s_feature__2" targetname: "__gnat_rcheck_PE_Access_Before_Elaboration" label: "/home/sogilis/XReq-Enhanced/src/xreqlib/x86_64/xreqlib-format-base.adb:272:4" }
node: { title: "xreqlib__format__base__s_examples" label: "S_Examples\n/home/sogilis/XReq-Enhanced/src/xreqlib/x86_64/xreqlib-format-base.adb:267:4\n800 bytes (static)\n0 dynamic objects" }
edge: { sourcename: "xreqlib__format__base__s_examples" targetname: "_Unwind_Resume" }
edge: { sourcename: "xreqlib__format__base__s_examples" targetname: "__gnat_end_handler" label: "/home/sogilis/XReq-Enhanced/src/xreqlib/x86_64/xreqlib-format-base.adb:269:0" }
edge: { sourcename: "xreqlib__format__base__s_examples" targetname: "ada__exceptions__save_occurrence" label: "/home/sogilis/XReq-Enhanced/src/xreqlib/x86_64/xreqlib-format-base.adb:269:25" }
edge: { sourcename: "xreqlib__format__base__s_examples" targetname: "__indirect_call" label: "/home/sogilis/XReq-Enhanced/src/xreqlib/x86_64/xreqlib-format-base.adb:269:25" }
edge: { sourcename: "xreqlib__format__base__s_examples" targetname: "__gnat_begin_handler" label: "/home/sogilis/XReq-Enhanced/src/xreqlib/x86_64/xreqlib-format-base.adb:269:25" }
edge: { sourcename: "xreqlib__format__base__s_examples" targetname: "/home/sogilis/XReq-Enhanced/src/xreqlib/x86_64/xreqlib-format-base.adb:xreqlib__format__base__s_examples__B368b___finalizer.7307" label: "/home/sogilis/XReq-Enhanced/src/xreqlib/x86_64/xreqlib-format-base.adb:269:0" }
edge: { sourcename: "xreqlib__format__base__s_examples" targetname: "__gnat_raise_from_controlled_operation" label: "/home/sogilis/XReq-Enhanced/src/xreqlib/x86_64/xreqlib-format-base.adb:269:25" }
edge: { sourcename: "xreqlib__format__base__s_examples" targetname: "__indirect_call" label: "/home/sogilis/XReq-Enhanced/src/xreqlib/x86_64/xreqlib-format-base.adb:269:25" }
edge: { sourcename: "xreqlib__format__base__s_examples" targetname: "ada__strings__unbounded__finalize__2" label: "/home/sogilis/XReq-Enhanced/src/xreqlib/x86_64/xreqlib-format-base.adb:269:25" }
edge: { sourcename: "xreqlib__format__base__s_examples" targetname: "__indirect_call" label: "/home/sogilis/XReq-Enhanced/src/xreqlib/x86_64/xreqlib-format-base.adb:269:25" }
edge: { sourcename: "xreqlib__format__base__s_examples" targetname: "ada__exceptions__triggered_by_abort" label: "/home/sogilis/XReq-Enhanced/src/xreqlib/x86_64/xreqlib-format-base.adb:269:25" }
edge: { sourcename: "xreqlib__format__base__s_examples" targetname: "system__standard_library__abort_undefer_direct" label: "/home/sogilis/XReq-Enhanced/src/xreqlib/x86_64/xreqlib-format-base.adb:269:0" }
edge: { sourcename: "xreqlib__format__base__s_examples" targetname: "ada__strings__unbounded___assign__2" label: "/home/sogilis/XReq-Enhanced/src/xreqlib/x86_64/xreqlib-format-base.adb:269:22" }
edge: { sourcename: "xreqlib__format__base__s_examples" targetname: "__indirect_call" label: "/home/sogilis/XReq-Enhanced/src/xreqlib/x86_64/xreqlib-format-base.adb:269:22" }
edge: { sourcename: "xreqlib__format__base__s_examples" targetname: "ada__strings__unbounded__to_unbounded_string" label: "/home/sogilis/XReq-Enhanced/src/xreqlib/x86_64/xreqlib-format-base.adb:269:25" }
edge: { sourcename: "xreqlib__format__base__s_examples" targetname: "system__secondary_stack__ss_mark" label: "/home/sogilis/XReq-Enhanced/src/xreqlib/x86_64/xreqlib-format-base.adb:269:22" }
edge: { sourcename: "xreqlib__format__base__s_examples" targetname: "__gnat_rcheck_PE_Access_Before_Elaboration" label: "/home/sogilis/XReq-Enhanced/src/xreqlib/x86_64/xreqlib-format-base.adb:267:4" }
node: { title: "/home/sogilis/XReq-Enhanced/src/xreqlib/x86_64/xreqlib-format-base.adb:xreqlib__format__base__s_examples__B368b___finalizer.7307" label: "B368b\n/home/sogilis/XReq-Enhanced/src/xreqlib/x86_64/xreqlib-format-base.adb:269:22\n720 bytes (static)\n0 dynamic objects" }
edge: { sourcename: "/home/sogilis/XReq-Enhanced/src/xreqlib/x86_64/xreqlib-format-base.adb:xreqlib__format__base__s_examples__B368b___finalizer.7307" targetname: "_Unwind_Resume" }
edge: { sourcename: "/home/sogilis/XReq-Enhanced/src/xreqlib/x86_64/xreqlib-format-base.adb:xreqlib__format__base__s_examples__B368b___finalizer.7307" targetname: "__gnat_end_handler" label: "/home/sogilis/XReq-Enhanced/src/xreqlib/x86_64/xreqlib-format-base.adb:269:0" }
edge: { sourcename: "/home/sogilis/XReq-Enhanced/src/xreqlib/x86_64/xreqlib-format-base.adb:xreqlib__format__base__s_examples__B368b___finalizer.7307" targetname: "ada__exceptions__save_occurrence" label: "/home/sogilis/XReq-Enhanced/src/xreqlib/x86_64/xreqlib-format-base.adb:269:22" }
edge: { sourcename: "/home/sogilis/XReq-Enhanced/src/xreqlib/x86_64/xreqlib-format-base.adb:xreqlib__format__base__s_examples__B368b___finalizer.7307" targetname: "__indirect_call" label: "/home/sogilis/XReq-Enhanced/src/xreqlib/x86_64/xreqlib-format-base.adb:269:22" }
edge: { sourcename: "/home/sogilis/XReq-Enhanced/src/xreqlib/x86_64/xreqlib-format-base.adb:xreqlib__format__base__s_examples__B368b___finalizer.7307" targetname: "__gnat_begin_handler" label: "/home/sogilis/XReq-Enhanced/src/xreqlib/x86_64/xreqlib-format-base.adb:269:22" }
edge: { sourcename: "/home/sogilis/XReq-Enhanced/src/xreqlib/x86_64/xreqlib-format-base.adb:xreqlib__format__base__s_examples__B368b___finalizer.7307" targetname: "_Unwind_Resume" }
edge: { sourcename: "/home/sogilis/XReq-Enhanced/src/xreqlib/x86_64/xreqlib-format-base.adb:xreqlib__format__base__s_examples__B368b___finalizer.7307" targetname: "__gnat_raise_from_controlled_operation" label: "/home/sogilis/XReq-Enhanced/src/xreqlib/x86_64/xreqlib-format-base.adb:269:22" }
edge: { sourcename: "/home/sogilis/XReq-Enhanced/src/xreqlib/x86_64/xreqlib-format-base.adb:xreqlib__format__base__s_examples__B368b___finalizer.7307" targetname: "__indirect_call" label: "/home/sogilis/XReq-Enhanced/src/xreqlib/x86_64/xreqlib-format-base.adb:269:22" }
edge: { sourcename: "/home/sogilis/XReq-Enhanced/src/xreqlib/x86_64/xreqlib-format-base.adb:xreqlib__format__base__s_examples__B368b___finalizer.7307" targetname: "system__secondary_stack__ss_release" label: "/home/sogilis/XReq-Enhanced/src/xreqlib/x86_64/xreqlib-format-base.adb:269:22" }
edge: { sourcename: "/home/sogilis/XReq-Enhanced/src/xreqlib/x86_64/xreqlib-format-base.adb:xreqlib__format__base__s_examples__B368b___finalizer.7307" targetname: "ada__strings__unbounded__finalize__2" label: "/home/sogilis/XReq-Enhanced/src/xreqlib/x86_64/xreqlib-format-base.adb:269:25" }
edge: { sourcename: "/home/sogilis/XReq-Enhanced/src/xreqlib/x86_64/xreqlib-format-base.adb:xreqlib__format__base__s_examples__B368b___finalizer.7307" targetname: "__indirect_call" label: "/home/sogilis/XReq-Enhanced/src/xreqlib/x86_64/xreqlib-format-base.adb:269:22" }
edge: { sourcename: "/home/sogilis/XReq-Enhanced/src/xreqlib/x86_64/xreqlib-format-base.adb:xreqlib__format__base__s_examples__B368b___finalizer.7307" targetname: "ada__exceptions__triggered_by_abort" label: "/home/sogilis/XReq-Enhanced/src/xreqlib/x86_64/xreqlib-format-base.adb:269:22" }
node: { title: "xreqlib__format__base__s_outline" label: "S_Outline\n/home/sogilis/XReq-Enhanced/src/xreqlib/x86_64/xreqlib-format-base.adb:263:4\n800 bytes (static)\n0 dynamic objects" }
edge: { sourcename: "xreqlib__format__base__s_outline" targetname: "_Unwind_Resume" }
edge: { sourcename: "xreqlib__format__base__s_outline" targetname: "__gnat_end_handler" label: "/home/sogilis/XReq-Enhanced/src/xreqlib/x86_64/xreqlib-format-base.adb:265:0" }
edge: { sourcename: "xreqlib__format__base__s_outline" targetname: "ada__exceptions__save_occurrence" label: "/home/sogilis/XReq-Enhanced/src/xreqlib/x86_64/xreqlib-format-base.adb:265:24" }
edge: { sourcename: "xreqlib__format__base__s_outline" targetname: "__indirect_call" label: "/home/sogilis/XReq-Enhanced/src/xreqlib/x86_64/xreqlib-format-base.adb:265:24" }
edge: { sourcename: "xreqlib__format__base__s_outline" targetname: "__gnat_begin_handler" label: "/home/sogilis/XReq-Enhanced/src/xreqlib/x86_64/xreqlib-format-base.adb:265:24" }
edge: { sourcename: "xreqlib__format__base__s_outline" targetname: "/home/sogilis/XReq-Enhanced/src/xreqlib/x86_64/xreqlib-format-base.adb:xreqlib__format__base__s_outline__B347b___finalizer.7283" label: "/home/sogilis/XReq-Enhanced/src/xreqlib/x86_64/xreqlib-format-base.adb:265:0" }
edge: { sourcename: "xreqlib__format__base__s_outline" targetname: "__gnat_raise_from_controlled_operation" label: "/home/sogilis/XReq-Enhanced/src/xreqlib/x86_64/xreqlib-format-base.adb:265:24" }
edge: { sourcename: "xreqlib__format__base__s_outline" targetname: "__indirect_call" label: "/home/sogilis/XReq-Enhanced/src/xreqlib/x86_64/xreqlib-format-base.adb:265:24" }
edge: { sourcename: "xreqlib__format__base__s_outline" targetname: "ada__strings__unbounded__finalize__2" label: "/home/sogilis/XReq-Enhanced/src/xreqlib/x86_64/xreqlib-format-base.adb:265:24" }
edge: { sourcename: "xreqlib__format__base__s_outline" targetname: "__indirect_call" label: "/home/sogilis/XReq-Enhanced/src/xreqlib/x86_64/xreqlib-format-base.adb:265:24" }
edge: { sourcename: "xreqlib__format__base__s_outline" targetname: "ada__exceptions__triggered_by_abort" label: "/home/sogilis/XReq-Enhanced/src/xreqlib/x86_64/xreqlib-format-base.adb:265:24" }
edge: { sourcename: "xreqlib__format__base__s_outline" targetname: "system__standard_library__abort_undefer_direct" label: "/home/sogilis/XReq-Enhanced/src/xreqlib/x86_64/xreqlib-format-base.adb:265:0" }
edge: { sourcename: "xreqlib__format__base__s_outline" targetname: "ada__strings__unbounded___assign__2" label: "/home/sogilis/XReq-Enhanced/src/xreqlib/x86_64/xreqlib-format-base.adb:265:21" }
edge: { sourcename: "xreqlib__format__base__s_outline" targetname: "__indirect_call" label: "/home/sogilis/XReq-Enhanced/src/xreqlib/x86_64/xreqlib-format-base.adb:265:21" }
edge: { sourcename: "xreqlib__format__base__s_outline" targetname: "ada__strings__unbounded__to_unbounded_string" label: "/home/sogilis/XReq-Enhanced/src/xreqlib/x86_64/xreqlib-format-base.adb:265:24" }
edge: { sourcename: "xreqlib__format__base__s_outline" targetname: "system__secondary_stack__ss_mark" label: "/home/sogilis/XReq-Enhanced/src/xreqlib/x86_64/xreqlib-format-base.adb:265:21" }
edge: { sourcename: "xreqlib__format__base__s_outline" targetname: "__gnat_rcheck_PE_Access_Before_Elaboration" label: "/home/sogilis/XReq-Enhanced/src/xreqlib/x86_64/xreqlib-format-base.adb:263:4" }
node: { title: "/home/sogilis/XReq-Enhanced/src/xreqlib/x86_64/xreqlib-format-base.adb:xreqlib__format__base__s_outline__B347b___finalizer.7283" label: "B347b\n/home/sogilis/XReq-Enhanced/src/xreqlib/x86_64/xreqlib-format-base.adb:265:21\n720 bytes (static)\n0 dynamic objects" }
edge: { sourcename: "/home/sogilis/XReq-Enhanced/src/xreqlib/x86_64/xreqlib-format-base.adb:xreqlib__format__base__s_outline__B347b___finalizer.7283" targetname: "_Unwind_Resume" }
edge: { sourcename: "/home/sogilis/XReq-Enhanced/src/xreqlib/x86_64/xreqlib-format-base.adb:xreqlib__format__base__s_outline__B347b___finalizer.7283" targetname: "__gnat_end_handler" label: "/home/sogilis/XReq-Enhanced/src/xreqlib/x86_64/xreqlib-format-base.adb:265:0" }
edge: { sourcename: "/home/sogilis/XReq-Enhanced/src/xreqlib/x86_64/xreqlib-format-base.adb:xreqlib__format__base__s_outline__B347b___finalizer.7283" targetname: "ada__exceptions__save_occurrence" label: "/home/sogilis/XReq-Enhanced/src/xreqlib/x86_64/xreqlib-format-base.adb:265:21" }
edge: { sourcename: "/home/sogilis/XReq-Enhanced/src/xreqlib/x86_64/xreqlib-format-base.adb:xreqlib__format__base__s_outline__B347b___finalizer.7283" targetname: "__indirect_call" label: "/home/sogilis/XReq-Enhanced/src/xreqlib/x86_64/xreqlib-format-base.adb:265:21" }
edge: { sourcename: "/home/sogilis/XReq-Enhanced/src/xreqlib/x86_64/xreqlib-format-base.adb:xreqlib__format__base__s_outline__B347b___finalizer.7283" targetname: "__gnat_begin_handler" label: "/home/sogilis/XReq-Enhanced/src/xreqlib/x86_64/xreqlib-format-base.adb:265:21" }
edge: { sourcename: "/home/sogilis/XReq-Enhanced/src/xreqlib/x86_64/xreqlib-format-base.adb:xreqlib__format__base__s_outline__B347b___finalizer.7283" targetname: "_Unwind_Resume" }
edge: { sourcename: "/home/sogilis/XReq-Enhanced/src/xreqlib/x86_64/xreqlib-format-base.adb:xreqlib__format__base__s_outline__B347b___finalizer.7283" targetname: "__gnat_raise_from_controlled_operation" label: "/home/sogilis/XReq-Enhanced/src/xreqlib/x86_64/xreqlib-format-base.adb:265:21" }
edge: { sourcename: "/home/sogilis/XReq-Enhanced/src/xreqlib/x86_64/xreqlib-format-base.adb:xreqlib__format__base__s_outline__B347b___finalizer.7283" targetname: "__indirect_call" label: "/home/sogilis/XReq-Enhanced/src/xreqlib/x86_64/xreqlib-format-base.adb:265:21" }
edge: { sourcename: "/home/sogilis/XReq-Enhanced/src/xreqlib/x86_64/xreqlib-format-base.adb:xreqlib__format__base__s_outline__B347b___finalizer.7283" targetname: "system__secondary_stack__ss_release" label: "/home/sogilis/XReq-Enhanced/src/xreqlib/x86_64/xreqlib-format-base.adb:265:21" }
edge: { sourcename: "/home/sogilis/XReq-Enhanced/src/xreqlib/x86_64/xreqlib-format-base.adb:xreqlib__format__base__s_outline__B347b___finalizer.7283" targetname: "ada__strings__unbounded__finalize__2" label: "/home/sogilis/XReq-Enhanced/src/xreqlib/x86_64/xreqlib-format-base.adb:265:24" }
edge: { sourcename: "/home/sogilis/XReq-Enhanced/src/xreqlib/x86_64/xreqlib-format-base.adb:xreqlib__format__base__s_outline__B347b___finalizer.7283" targetname: "__indirect_call" label: "/home/sogilis/XReq-Enhanced/src/xreqlib/x86_64/xreqlib-format-base.adb:265:21" }
edge: { sourcename: "/home/sogilis/XReq-Enhanced/src/xreqlib/x86_64/xreqlib-format-base.adb:xreqlib__format__base__s_outline__B347b___finalizer.7283" targetname: "ada__exceptions__triggered_by_abort" label: "/home/sogilis/XReq-Enhanced/src/xreqlib/x86_64/xreqlib-format-base.adb:265:21" }
node: { title: "xreqlib__format__base__s_scenario" label: "S_Scenario\n/home/sogilis/XReq-Enhanced/src/xreqlib/x86_64/xreqlib-format-base.adb:259:4\n800 bytes (static)\n0 dynamic objects" }
edge: { sourcename: "xreqlib__format__base__s_scenario" targetname: "_Unwind_Resume" }
edge: { sourcename: "xreqlib__format__base__s_scenario" targetname: "__gnat_end_handler" label: "/home/sogilis/XReq-Enhanced/src/xreqlib/x86_64/xreqlib-format-base.adb:261:0" }
edge: { sourcename: "xreqlib__format__base__s_scenario" targetname: "ada__exceptions__save_occurrence" label: "/home/sogilis/XReq-Enhanced/src/xreqlib/x86_64/xreqlib-format-base.adb:261:25" }
edge: { sourcename: "xreqlib__format__base__s_scenario" targetname: "__indirect_call" label: "/home/sogilis/XReq-Enhanced/src/xreqlib/x86_64/xreqlib-format-base.adb:261:25" }
edge: { sourcename: "xreqlib__format__base__s_scenario" targetname: "__gnat_begin_handler" label: "/home/sogilis/XReq-Enhanced/src/xreqlib/x86_64/xreqlib-format-base.adb:261:25" }
edge: { sourcename: "xreqlib__format__base__s_scenario" targetname: "/home/sogilis/XReq-Enhanced/src/xreqlib/x86_64/xreqlib-format-base.adb:xreqlib__format__base__s_scenario__B326b___finalizer.7259" label: "/home/sogilis/XReq-Enhanced/src/xreqlib/x86_64/xreqlib-format-base.adb:261:0" }
edge: { sourcename: "xreqlib__format__base__s_scenario" targetname: "__gnat_raise_from_controlled_operation" label: "/home/sogilis/XReq-Enhanced/src/xreqlib/x86_64/xreqlib-format-base.adb:261:25" }
edge: { sourcename: "xreqlib__format__base__s_scenario" targetname: "__indirect_call" label: "/home/sogilis/XReq-Enhanced/src/xreqlib/x86_64/xreqlib-format-base.adb:261:25" }
edge: { sourcename: "xreqlib__format__base__s_scenario" targetname: "ada__strings__unbounded__finalize__2" label: "/home/sogilis/XReq-Enhanced/src/xreqlib/x86_64/xreqlib-format-base.adb:261:25" }
edge: { sourcename: "xreqlib__format__base__s_scenario" targetname: "__indirect_call" label: "/home/sogilis/XReq-Enhanced/src/xreqlib/x86_64/xreqlib-format-base.adb:261:25" }
edge: { sourcename: "xreqlib__format__base__s_scenario" targetname: "ada__exceptions__triggered_by_abort" label: "/home/sogilis/XReq-Enhanced/src/xreqlib/x86_64/xreqlib-format-base.adb:261:25" }
edge: { sourcename: "xreqlib__format__base__s_scenario" targetname: "system__standard_library__abort_undefer_direct" label: "/home/sogilis/XReq-Enhanced/src/xreqlib/x86_64/xreqlib-format-base.adb:261:0" }
edge: { sourcename: "xreqlib__format__base__s_scenario" targetname: "ada__strings__unbounded___assign__2" label: "/home/sogilis/XReq-Enhanced/src/xreqlib/x86_64/xreqlib-format-base.adb:261:22" }
edge: { sourcename: "xreqlib__format__base__s_scenario" targetname: "__indirect_call" label: "/home/sogilis/XReq-Enhanced/src/xreqlib/x86_64/xreqlib-format-base.adb:261:22" }
edge: { sourcename: "xreqlib__format__base__s_scenario" targetname: "ada__strings__unbounded__to_unbounded_string" label: "/home/sogilis/XReq-Enhanced/src/xreqlib/x86_64/xreqlib-format-base.adb:261:25" }
edge: { sourcename: "xreqlib__format__base__s_scenario" targetname: "system__secondary_stack__ss_mark" label: "/home/sogilis/XReq-Enhanced/src/xreqlib/x86_64/xreqlib-format-base.adb:261:22" }
edge: { sourcename: "xreqlib__format__base__s_scenario" targetname: "__gnat_rcheck_PE_Access_Before_Elaboration" label: "/home/sogilis/XReq-Enhanced/src/xreqlib/x86_64/xreqlib-format-base.adb:259:4" }
node: { title: "/home/sogilis/XReq-Enhanced/src/xreqlib/x86_64/xreqlib-format-base.adb:xreqlib__format__base__s_scenario__B326b___finalizer.7259" label: "B326b\n/home/sogilis/XReq-Enhanced/src/xreqlib/x86_64/xreqlib-format-base.adb:261:22\n720 bytes (static)\n0 dynamic objects" }
edge: { sourcename: "/home/sogilis/XReq-Enhanced/src/xreqlib/x86_64/xreqlib-format-base.adb:xreqlib__format__base__s_scenario__B326b___finalizer.7259" targetname: "_Unwind_Resume" }
edge: { sourcename: "/home/sogilis/XReq-Enhanced/src/xreqlib/x86_64/xreqlib-format-base.adb:xreqlib__format__base__s_scenario__B326b___finalizer.7259" targetname: "__gnat_end_handler" label: "/home/sogilis/XReq-Enhanced/src/xreqlib/x86_64/xreqlib-format-base.adb:261:0" }
edge: { sourcename: "/home/sogilis/XReq-Enhanced/src/xreqlib/x86_64/xreqlib-format-base.adb:xreqlib__format__base__s_scenario__B326b___finalizer.7259" targetname: "ada__exceptions__save_occurrence" label: "/home/sogilis/XReq-Enhanced/src/xreqlib/x86_64/xreqlib-format-base.adb:261:22" }
edge: { sourcename: "/home/sogilis/XReq-Enhanced/src/xreqlib/x86_64/xreqlib-format-base.adb:xreqlib__format__base__s_scenario__B326b___finalizer.7259" targetname: "__indirect_call" label: "/home/sogilis/XReq-Enhanced/src/xreqlib/x86_64/xreqlib-format-base.adb:261:22" }
edge: { sourcename: "/home/sogilis/XReq-Enhanced/src/xreqlib/x86_64/xreqlib-format-base.adb:xreqlib__format__base__s_scenario__B326b___finalizer.7259" targetname: "__gnat_begin_handler" label: "/home/sogilis/XReq-Enhanced/src/xreqlib/x86_64/xreqlib-format-base.adb:261:22" }
edge: { sourcename: "/home/sogilis/XReq-Enhanced/src/xreqlib/x86_64/xreqlib-format-base.adb:xreqlib__format__base__s_scenario__B326b___finalizer.7259" targetname: "_Unwind_Resume" }
edge: { sourcename: "/home/sogilis/XReq-Enhanced/src/xreqlib/x86_64/xreqlib-format-base.adb:xreqlib__format__base__s_scenario__B326b___finalizer.7259" targetname: "__gnat_raise_from_controlled_operation" label: "/home/sogilis/XReq-Enhanced/src/xreqlib/x86_64/xreqlib-format-base.adb:261:22" }
edge: { sourcename: "/home/sogilis/XReq-Enhanced/src/xreqlib/x86_64/xreqlib-format-base.adb:xreqlib__format__base__s_scenario__B326b___finalizer.7259" targetname: "__indirect_call" label: "/home/sogilis/XReq-Enhanced/src/xreqlib/x86_64/xreqlib-format-base.adb:261:22" }
edge: { sourcename: "/home/sogilis/XReq-Enhanced/src/xreqlib/x86_64/xreqlib-format-base.adb:xreqlib__format__base__s_scenario__B326b___finalizer.7259" targetname: "system__secondary_stack__ss_release" label: "/home/sogilis/XReq-Enhanced/src/xreqlib/x86_64/xreqlib-format-base.adb:261:22" }
edge: { sourcename: "/home/sogilis/XReq-Enhanced/src/xreqlib/x86_64/xreqlib-format-base.adb:xreqlib__format__base__s_scenario__B326b___finalizer.7259" targetname: "ada__strings__unbounded__finalize__2" label: "/home/sogilis/XReq-Enhanced/src/xreqlib/x86_64/xreqlib-format-base.adb:261:25" }
edge: { sourcename: "/home/sogilis/XReq-Enhanced/src/xreqlib/x86_64/xreqlib-format-base.adb:xreqlib__format__base__s_scenario__B326b___finalizer.7259" targetname: "__indirect_call" label: "/home/sogilis/XReq-Enhanced/src/xreqlib/x86_64/xreqlib-format-base.adb:261:22" }
edge: { sourcename: "/home/sogilis/XReq-Enhanced/src/xreqlib/x86_64/xreqlib-format-base.adb:xreqlib__format__base__s_scenario__B326b___finalizer.7259" targetname: "ada__exceptions__triggered_by_abort" label: "/home/sogilis/XReq-Enhanced/src/xreqlib/x86_64/xreqlib-format-base.adb:261:22" }
node: { title: "xreqlib__format__base__s_feature" label: "S_Feature\n/home/sogilis/XReq-Enhanced/src/xreqlib/x86_64/xreqlib-format-base.adb:255:4\n800 bytes (static)\n0 dynamic objects" }
edge: { sourcename: "xreqlib__format__base__s_feature" targetname: "_Unwind_Resume" }
edge: { sourcename: "xreqlib__format__base__s_feature" targetname: "__gnat_end_handler" label: "/home/sogilis/XReq-Enhanced/src/xreqlib/x86_64/xreqlib-format-base.adb:257:0" }
edge: { sourcename: "xreqlib__format__base__s_feature" targetname: "ada__exceptions__save_occurrence" label: "/home/sogilis/XReq-Enhanced/src/xreqlib/x86_64/xreqlib-format-base.adb:257:24" }
edge: { sourcename: "xreqlib__format__base__s_feature" targetname: "__indirect_call" label: "/home/sogilis/XReq-Enhanced/src/xreqlib/x86_64/xreqlib-format-base.adb:257:24" }
edge: { sourcename: "xreqlib__format__base__s_feature" targetname: "__gnat_begin_handler" label: "/home/sogilis/XReq-Enhanced/src/xreqlib/x86_64/xreqlib-format-base.adb:257:24" }
edge: { sourcename: "xreqlib__format__base__s_feature" targetname: "/home/sogilis/XReq-Enhanced/src/xreqlib/x86_64/xreqlib-format-base.adb:xreqlib__format__base__s_feature__B305b___finalizer.7235" label: "/home/sogilis/XReq-Enhanced/src/xreqlib/x86_64/xreqlib-format-base.adb:257:0" }
edge: { sourcename: "xreqlib__format__base__s_feature" targetname: "__gnat_raise_from_controlled_operation" label: "/home/sogilis/XReq-Enhanced/src/xreqlib/x86_64/xreqlib-format-base.adb:257:24" }
edge: { sourcename: "xreqlib__format__base__s_feature" targetname: "__indirect_call" label: "/home/sogilis/XReq-Enhanced/src/xreqlib/x86_64/xreqlib-format-base.adb:257:24" }
edge: { sourcename: "xreqlib__format__base__s_feature" targetname: "ada__strings__unbounded__finalize__2" label: "/home/sogilis/XReq-Enhanced/src/xreqlib/x86_64/xreqlib-format-base.adb:257:24" }
edge: { sourcename: "xreqlib__format__base__s_feature" targetname: "__indirect_call" label: "/home/sogilis/XReq-Enhanced/src/xreqlib/x86_64/xreqlib-format-base.adb:257:24" }
edge: { sourcename: "xreqlib__format__base__s_feature" targetname: "ada__exceptions__triggered_by_abort" label: "/home/sogilis/XReq-Enhanced/src/xreqlib/x86_64/xreqlib-format-base.adb:257:24" }
edge: { sourcename: "xreqlib__format__base__s_feature" targetname: "system__standard_library__abort_undefer_direct" label: "/home/sogilis/XReq-Enhanced/src/xreqlib/x86_64/xreqlib-format-base.adb:257:0" }
edge: { sourcename: "xreqlib__format__base__s_feature" targetname: "ada__strings__unbounded___assign__2" label: "/home/sogilis/XReq-Enhanced/src/xreqlib/x86_64/xreqlib-format-base.adb:257:21" }
edge: { sourcename: "xreqlib__format__base__s_feature" targetname: "__indirect_call" label: "/home/sogilis/XReq-Enhanced/src/xreqlib/x86_64/xreqlib-format-base.adb:257:21" }
edge: { sourcename: "xreqlib__format__base__s_feature" targetname: "ada__strings__unbounded__to_unbounded_string" label: "/home/sogilis/XReq-Enhanced/src/xreqlib/x86_64/xreqlib-format-base.adb:257:24" }
edge: { sourcename: "xreqlib__format__base__s_feature" targetname: "system__secondary_stack__ss_mark" label: "/home/sogilis/XReq-Enhanced/src/xreqlib/x86_64/xreqlib-format-base.adb:257:21" }
edge: { sourcename: "xreqlib__format__base__s_feature" targetname: "__gnat_rcheck_PE_Access_Before_Elaboration" label: "/home/sogilis/XReq-Enhanced/src/xreqlib/x86_64/xreqlib-format-base.adb:255:4" }
node: { title: "/home/sogilis/XReq-Enhanced/src/xreqlib/x86_64/xreqlib-format-base.adb:xreqlib__format__base__s_feature__B305b___finalizer.7235" label: "B305b\n/home/sogilis/XReq-Enhanced/src/xreqlib/x86_64/xreqlib-format-base.adb:257:21\n720 bytes (static)\n0 dynamic objects" }
edge: { sourcename: "/home/sogilis/XReq-Enhanced/src/xreqlib/x86_64/xreqlib-format-base.adb:xreqlib__format__base__s_feature__B305b___finalizer.7235" targetname: "_Unwind_Resume" }
edge: { sourcename: "/home/sogilis/XReq-Enhanced/src/xreqlib/x86_64/xreqlib-format-base.adb:xreqlib__format__base__s_feature__B305b___finalizer.7235" targetname: "__gnat_end_handler" label: "/home/sogilis/XReq-Enhanced/src/xreqlib/x86_64/xreqlib-format-base.adb:257:0" }
edge: { sourcename: "/home/sogilis/XReq-Enhanced/src/xreqlib/x86_64/xreqlib-format-base.adb:xreqlib__format__base__s_feature__B305b___finalizer.7235" targetname: "ada__exceptions__save_occurrence" label: "/home/sogilis/XReq-Enhanced/src/xreqlib/x86_64/xreqlib-format-base.adb:257:21" }
edge: { sourcename: "/home/sogilis/XReq-Enhanced/src/xreqlib/x86_64/xreqlib-format-base.adb:xreqlib__format__base__s_feature__B305b___finalizer.7235" targetname: "__indirect_call" label: "/home/sogilis/XReq-Enhanced/src/xreqlib/x86_64/xreqlib-format-base.adb:257:21" }
edge: { sourcename: "/home/sogilis/XReq-Enhanced/src/xreqlib/x86_64/xreqlib-format-base.adb:xreqlib__format__base__s_feature__B305b___finalizer.7235" targetname: "__gnat_begin_handler" label: "/home/sogilis/XReq-Enhanced/src/xreqlib/x86_64/xreqlib-format-base.adb:257:21" }
edge: { sourcename: "/home/sogilis/XReq-Enhanced/src/xreqlib/x86_64/xreqlib-format-base.adb:xreqlib__format__base__s_feature__B305b___finalizer.7235" targetname: "_Unwind_Resume" }
edge: { sourcename: "/home/sogilis/XReq-Enhanced/src/xreqlib/x86_64/xreqlib-format-base.adb:xreqlib__format__base__s_feature__B305b___finalizer.7235" targetname: "__gnat_raise_from_controlled_operation" label: "/home/sogilis/XReq-Enhanced/src/xreqlib/x86_64/xreqlib-format-base.adb:257:21" }
edge: { sourcename: "/home/sogilis/XReq-Enhanced/src/xreqlib/x86_64/xreqlib-format-base.adb:xreqlib__format__base__s_feature__B305b___finalizer.7235" targetname: "__indirect_call" label: "/home/sogilis/XReq-Enhanced/src/xreqlib/x86_64/xreqlib-format-base.adb:257:21" }
edge: { sourcename: "/home/sogilis/XReq-Enhanced/src/xreqlib/x86_64/xreqlib-format-base.adb:xreqlib__format__base__s_feature__B305b___finalizer.7235" targetname: "system__secondary_stack__ss_release" label: "/home/sogilis/XReq-Enhanced/src/xreqlib/x86_64/xreqlib-format-base.adb:257:21" }
edge: { sourcename: "/home/sogilis/XReq-Enhanced/src/xreqlib/x86_64/xreqlib-format-base.adb:xreqlib__format__base__s_feature__B305b___finalizer.7235" targetname: "ada__strings__unbounded__finalize__2" label: "/home/sogilis/XReq-Enhanced/src/xreqlib/x86_64/xreqlib-format-base.adb:257:24" }
edge: { sourcename: "/home/sogilis/XReq-Enhanced/src/xreqlib/x86_64/xreqlib-format-base.adb:xreqlib__format__base__s_feature__B305b___finalizer.7235" targetname: "__indirect_call" label: "/home/sogilis/XReq-Enhanced/src/xreqlib/x86_64/xreqlib-format-base.adb:257:21" }
edge: { sourcename: "/home/sogilis/XReq-Enhanced/src/xreqlib/x86_64/xreqlib-format-base.adb:xreqlib__format__base__s_feature__B305b___finalizer.7235" targetname: "ada__exceptions__triggered_by_abort" label: "/home/sogilis/XReq-Enhanced/src/xreqlib/x86_64/xreqlib-format-base.adb:257:21" }
node: { title: "xreqlib__format__base__list_scenario" label: "List_Scenario\n/home/sogilis/XReq-Enhanced/src/xreqlib/x86_64/xreqlib-format-base.adb:232:4\n496 bytes (dynamic)\n1 dynamic objects\n S299b /home/sogilis/XReq-Enhanced/src/xreqlib/x86_64/xreqlib-format-base.adb:249:12" }
edge: { sourcename: "xreqlib__format__base__list_scenario" targetname: "_Unwind_Resume" }
edge: { sourcename: "xreqlib__format__base__list_scenario" targetname: "/home/sogilis/XReq-Enhanced/src/xreqlib/x86_64/xreqlib-format-base.adb:xreqlib__format__base__list_scenario__B263b___finalizer.7145" label: "/home/sogilis/XReq-Enhanced/src/xreqlib/x86_64/xreqlib-format-base.adb:242:0" }
edge: { sourcename: "xreqlib__format__base__list_scenario" targetname: "__indirect_call" label: "/home/sogilis/XReq-Enhanced/src/xreqlib/x86_64/xreqlib-format-base.adb:242:20" }
edge: { sourcename: "xreqlib__format__base__list_scenario" targetname: "system__concat_8__str_concat_8" label: "/home/sogilis/XReq-Enhanced/src/xreqlib/x86_64/xreqlib-format-base.adb:249:12" }
edge: { sourcename: "xreqlib__format__base__list_scenario" targetname: "ada__strings__fixed__trim" label: "/home/sogilis/XReq-Enhanced/src/xreqlib/x86_64/xreqlib-format-base.adb:248:8" }
edge: { sourcename: "xreqlib__format__base__list_scenario" targetname: "ada__strings__fixed__trim" label: "/home/sogilis/XReq-Enhanced/src/xreqlib/x86_64/xreqlib-format-base.adb:246:8" }
edge: { sourcename: "xreqlib__format__base__list_scenario" targetname: "system__img_int__image_integer" label: "/home/sogilis/XReq-Enhanced/src/xreqlib/x86_64/xreqlib-format-base.adb:248:18" }
edge: { sourcename: "xreqlib__format__base__list_scenario" targetname: "system__img_int__image_integer" label: "/home/sogilis/XReq-Enhanced/src/xreqlib/x86_64/xreqlib-format-base.adb:246:17" }
edge: { sourcename: "xreqlib__format__base__list_scenario" targetname: "system__secondary_stack__ss_mark" label: "/home/sogilis/XReq-Enhanced/src/xreqlib/x86_64/xreqlib-format-base.adb:242:20" }
edge: { sourcename: "xreqlib__format__base__list_scenario" targetname: "__gnat_rcheck_CE_Access_Check_ext" label: "/home/sogilis/XReq-Enhanced/src/xreqlib/x86_64/xreqlib-format-base.adb:242:13" }
edge: { sourcename: "xreqlib__format__base__list_scenario" targetname: "__gnat_rcheck_PE_Access_Before_Elaboration" label: "/home/sogilis/XReq-Enhanced/src/xreqlib/x86_64/xreqlib-format-base.adb:232:4" }
node: { title: "/home/sogilis/XReq-Enhanced/src/xreqlib/x86_64/xreqlib-format-base.adb:xreqlib__format__base__list_scenario__B263b___finalizer.7145" label: "B263b\n/home/sogilis/XReq-Enhanced/src/xreqlib/x86_64/xreqlib-format-base.adb:242:20\n32 bytes (static)\n0 dynamic objects" }
edge: { sourcename: "/home/sogilis/XReq-Enhanced/src/xreqlib/x86_64/xreqlib-format-base.adb:xreqlib__format__base__list_scenario__B263b___finalizer.7145" targetname: "system__secondary_stack__ss_release" label: "/home/sogilis/XReq-Enhanced/src/xreqlib/x86_64/xreqlib-format-base.adb:242:20" }
node: { title: "xreqlib__format__base__list_feature" label: "List_Feature\n/home/sogilis/XReq-Enhanced/src/xreqlib/x86_64/xreqlib-format-base.adb:218:4\n160 bytes (dynamic)\n1 dynamic objects\n S255b /home/sogilis/XReq-Enhanced/src/xreqlib/x86_64/xreqlib-format-base.adb:223:43" }
edge: { sourcename: "xreqlib__format__base__list_feature" targetname: "__gnat_rcheck_CE_Overflow_Check" label: "/home/sogilis/XReq-Enhanced/src/xreqlib/x86_64/xreqlib-format-base.adb:225:46" }
edge: { sourcename: "xreqlib__format__base__list_feature" targetname: "__indirect_call" label: "/home/sogilis/XReq-Enhanced/src/xreqlib/x86_64/xreqlib-format-base.adb:224:20" }
edge: { sourcename: "xreqlib__format__base__list_feature" targetname: "__gnat_rcheck_CE_Access_Check_ext" label: "/home/sogilis/XReq-Enhanced/src/xreqlib/x86_64/xreqlib-format-base.adb:224:13" }
edge: { sourcename: "xreqlib__format__base__list_feature" targetname: "__indirect_call" label: "/home/sogilis/XReq-Enhanced/src/xreqlib/x86_64/xreqlib-format-base.adb:223:20" }
edge: { sourcename: "xreqlib__format__base__list_feature" targetname: "system__concat_2__str_concat_2" label: "/home/sogilis/XReq-Enhanced/src/xreqlib/x86_64/xreqlib-format-base.adb:223:43" }
edge: { sourcename: "xreqlib__format__base__list_feature" targetname: "__gnat_rcheck_CE_Access_Check_ext" label: "/home/sogilis/XReq-Enhanced/src/xreqlib/x86_64/xreqlib-format-base.adb:223:13" }
edge: { sourcename: "xreqlib__format__base__list_feature" targetname: "__indirect_call" label: "/home/sogilis/XReq-Enhanced/src/xreqlib/x86_64/xreqlib-format-base.adb:221:23" }
edge: { sourcename: "xreqlib__format__base__list_feature" targetname: "__gnat_rcheck_CE_Access_Check_ext" label: "/home/sogilis/XReq-Enhanced/src/xreqlib/x86_64/xreqlib-format-base.adb:221:16" }
edge: { sourcename: "xreqlib__format__base__list_feature" targetname: "__gnat_rcheck_PE_Access_Before_Elaboration" label: "/home/sogilis/XReq-Enhanced/src/xreqlib/x86_64/xreqlib-format-base.adb:218:4" }
node: { title: "xreqlib__format__base__set_num_steps" label: "Set_Num_Steps\n/home/sogilis/XReq-Enhanced/src/xreqlib/x86_64/xreqlib-format-base.adb:206:4\n32 bytes (static)\n0 dynamic objects" }
edge: { sourcename: "xreqlib__format__base__set_num_steps" targetname: "__gnat_rcheck_PE_Access_Before_Elaboration" label: "/home/sogilis/XReq-Enhanced/src/xreqlib/x86_64/xreqlib-format-base.adb:206:4" }
node: { title: "xreqlib__format__base__set_debug" label: "Set_Debug\n/home/sogilis/XReq-Enhanced/src/xreqlib/x86_64/xreqlib-format-base.adb:194:4\n32 bytes (static)\n0 dynamic objects" }
edge: { sourcename: "xreqlib__format__base__set_debug" targetname: "__gnat_rcheck_PE_Access_Before_Elaboration" label: "/home/sogilis/XReq-Enhanced/src/xreqlib/x86_64/xreqlib-format-base.adb:194:4" }
node: { title: "xreqlib__format__base__set_output" label: "Set_Output\n/home/sogilis/XReq-Enhanced/src/xreqlib/x86_64/xreqlib-format-base.adb:184:4\n48 bytes (static)\n0 dynamic objects" }
edge: { sourcename: "xreqlib__format__base__set_output" targetname: "xreqlib__standard_io__create" label: "/home/sogilis/XReq-Enhanced/src/xreqlib/x86_64/xreqlib-format-base.adb:186:60" }
edge: { sourcename: "xreqlib__format__base__set_output" targetname: "ada__tags__displace" label: "/home/sogilis/XReq-Enhanced/src/xreqlib/x86_64/xreqlib-format-base.adb:186:26" }
edge: { sourcename: "xreqlib__format__base__set_output" targetname: "__gnat_rcheck_CE_Access_Check_ext" label: "/home/sogilis/XReq-Enhanced/src/xreqlib/x86_64/xreqlib-format-base.adb:186:56" }
edge: { sourcename: "xreqlib__format__base__set_output" targetname: "__gnat_rcheck_PE_Access_Before_Elaboration" label: "/home/sogilis/XReq-Enhanced/src/xreqlib/x86_64/xreqlib-format-base.adb:184:4" }
node: { title: "xreqlib__format__base__stop_step" label: "Stop_Step\n/home/sogilis/XReq-Enhanced/src/xreqlib/x86_64/xreqlib-format-base.adb:172:4\n32 bytes (static)\n0 dynamic objects" }
edge: { sourcename: "xreqlib__format__base__stop_step" targetname: "__gnat_rcheck_CE_Overflow_Check" label: "/home/sogilis/XReq-Enhanced/src/xreqlib/x86_64/xreqlib-format-base.adb:175:49" }
edge: { sourcename: "xreqlib__format__base__stop_step" targetname: "__gnat_rcheck_PE_Access_Before_Elaboration" label: "/home/sogilis/XReq-Enhanced/src/xreqlib/x86_64/xreqlib-format-base.adb:172:4" }
node: { title: "xreqlib__format__base__start_step" label: "Start_Step\n/home/sogilis/XReq-Enhanced/src/xreqlib/x86_64/xreqlib-format-base.adb:157:4\n944 bytes (static)\n0 dynamic objects" }
edge: { sourcename: "xreqlib__format__base__start_step" targetname: "_Unwind_Resume" }
edge: { sourcename: "xreqlib__format__base__start_step" targetname: "__gnat_end_handler" label: "/home/sogilis/XReq-Enhanced/src/xreqlib/x86_64/xreqlib-format-base.adb:168:0" }
edge: { sourcename: "xreqlib__format__base__start_step" targetname: "ada__exceptions__save_occurrence" label: "/home/sogilis/XReq-Enhanced/src/xreqlib/x86_64/xreqlib-format-base.adb:168:22" }
edge: { sourcename: "xreqlib__format__base__start_step" targetname: "__indirect_call" label: "/home/sogilis/XReq-Enhanced/src/xreqlib/x86_64/xreqlib-format-base.adb:168:22" }
edge: { sourcename: "xreqlib__format__base__start_step" targetname: "__gnat_begin_handler" label: "/home/sogilis/XReq-Enhanced/src/xreqlib/x86_64/xreqlib-format-base.adb:168:22" }
edge: { sourcename: "xreqlib__format__base__start_step" targetname: "__gnat_end_handler" label: "/home/sogilis/XReq-Enhanced/src/xreqlib/x86_64/xreqlib-format-base.adb:168:0" }
edge: { sourcename: "xreqlib__format__base__start_step" targetname: "ada__exceptions__save_occurrence" label: "/home/sogilis/XReq-Enhanced/src/xreqlib/x86_64/xreqlib-format-base.adb:168:22" }
edge: { sourcename: "xreqlib__format__base__start_step" targetname: "__indirect_call" label: "/home/sogilis/XReq-Enhanced/src/xreqlib/x86_64/xreqlib-format-base.adb:168:22" }
edge: { sourcename: "xreqlib__format__base__start_step" targetname: "__gnat_begin_handler" label: "/home/sogilis/XReq-Enhanced/src/xreqlib/x86_64/xreqlib-format-base.adb:168:22" }
edge: { sourcename: "xreqlib__format__base__start_step" targetname: "__gnat_end_handler" label: "/home/sogilis/XReq-Enhanced/src/xreqlib/x86_64/xreqlib-format-base.adb:168:0" }
edge: { sourcename: "xreqlib__format__base__start_step" targetname: "ada__exceptions__save_occurrence" label: "/home/sogilis/XReq-Enhanced/src/xreqlib/x86_64/xreqlib-format-base.adb:168:22" }
edge: { sourcename: "xreqlib__format__base__start_step" targetname: "__indirect_call" label: "/home/sogilis/XReq-Enhanced/src/xreqlib/x86_64/xreqlib-format-base.adb:168:22" }
edge: { sourcename: "xreqlib__format__base__start_step" targetname: "__gnat_begin_handler" label: "/home/sogilis/XReq-Enhanced/src/xreqlib/x86_64/xreqlib-format-base.adb:168:22" }
edge: { sourcename: "xreqlib__format__base__start_step" targetname: "__gnat_end_handler" }
edge: { sourcename: "xreqlib__format__base__start_step" targetname: "__gnat_raise_from_controlled_operation" label: "/home/sogilis/XReq-Enhanced/src/xreqlib/x86_64/xreqlib-format-base.adb:166:22" }
edge: { sourcename: "xreqlib__format__base__start_step" targetname: "__gnat_set_exception_parameter" }
edge: { sourcename: "xreqlib__format__base__start_step" targetname: "__gnat_begin_handler" }
edge: { sourcename: "xreqlib__format__base__start_step" targetname: "/home/sogilis/XReq-Enhanced/src/xreqlib/x86_64/xreqlib-format-base.adb:xreqlib__format__base__start_step__B203b___finalizer.6956" label: "/home/sogilis/XReq-Enhanced/src/xreqlib/x86_64/xreqlib-format-base.adb:166:0" }
edge: { sourcename: "xreqlib__format__base__start_step" targetname: "__gnat_raise_from_controlled_operation" label: "/home/sogilis/XReq-Enhanced/src/xreqlib/x86_64/xreqlib-format-base.adb:168:22" }
edge: { sourcename: "xreqlib__format__base__start_step" targetname: "__indirect_call" label: "/home/sogilis/XReq-Enhanced/src/xreqlib/x86_64/xreqlib-format-base.adb:167:9" }
edge: { sourcename: "xreqlib__format__base__start_step" targetname: "ada__strings__unbounded__finalize__2" label: "/home/sogilis/XReq-Enhanced/src/xreqlib/x86_64/xreqlib-format-base.adb:168:22" }
edge: { sourcename: "xreqlib__format__base__start_step" targetname: "ada__strings__unbounded__finalize__2" label: "/home/sogilis/XReq-Enhanced/src/xreqlib/x86_64/xreqlib-format-base.adb:169:22" }
edge: { sourcename: "xreqlib__format__base__start_step" targetname: "xreqlib__format__base__sub_step_typeDF" label: "/home/sogilis/XReq-Enhanced/src/xreqlib/x86_64/xreqlib-format-base.adb:167:9" }
edge: { sourcename: "xreqlib__format__base__start_step" targetname: "__indirect_call" label: "/home/sogilis/XReq-Enhanced/src/xreqlib/x86_64/xreqlib-format-base.adb:167:9" }
edge: { sourcename: "xreqlib__format__base__start_step" targetname: "ada__exceptions__triggered_by_abort" label: "/home/sogilis/XReq-Enhanced/src/xreqlib/x86_64/xreqlib-format-base.adb:168:22" }
edge: { sourcename: "xreqlib__format__base__start_step" targetname: "system__standard_library__abort_undefer_direct" label: "/home/sogilis/XReq-Enhanced/src/xreqlib/x86_64/xreqlib-format-base.adb:166:0" }
edge: { sourcename: "xreqlib__format__base__start_step" targetname: "xreqlib__format__base__sub_step_typeDA" label: "/home/sogilis/XReq-Enhanced/src/xreqlib/x86_64/xreqlib-format-base.adb:166:13" }
edge: { sourcename: "xreqlib__format__base__start_step" targetname: "xreqlib__format__base__sub_step_typeDF" label: "/home/sogilis/XReq-Enhanced/src/xreqlib/x86_64/xreqlib-format-base.adb:166:13" }
edge: { sourcename: "xreqlib__format__base__start_step" targetname: "__indirect_call" label: "/home/sogilis/XReq-Enhanced/src/xreqlib/x86_64/xreqlib-format-base.adb:166:22" }
edge: { sourcename: "xreqlib__format__base__start_step" targetname: "system__standard_library__abort_undefer_direct" label: "/home/sogilis/XReq-Enhanced/src/xreqlib/x86_64/xreqlib-format-base.adb:167:0" }
edge: { sourcename: "xreqlib__format__base__start_step" targetname: "ada__strings__unbounded__adjust__2" label: "/home/sogilis/XReq-Enhanced/src/xreqlib/x86_64/xreqlib-format-base.adb:167:9" }
edge: { sourcename: "xreqlib__format__base__start_step" targetname: "__indirect_call" label: "/home/sogilis/XReq-Enhanced/src/xreqlib/x86_64/xreqlib-format-base.adb:167:9" }
edge: { sourcename: "xreqlib__format__base__start_step" targetname: "system__standard_library__abort_undefer_direct" label: "/home/sogilis/XReq-Enhanced/src/xreqlib/x86_64/xreqlib-format-base.adb:167:0" }
edge: { sourcename: "xreqlib__format__base__start_step" targetname: "ada__strings__unbounded__adjust__2" label: "/home/sogilis/XReq-Enhanced/src/xreqlib/x86_64/xreqlib-format-base.adb:167:9" }
edge: { sourcename: "xreqlib__format__base__start_step" targetname: "__indirect_call" label: "/home/sogilis/XReq-Enhanced/src/xreqlib/x86_64/xreqlib-format-base.adb:167:9" }
edge: { sourcename: "xreqlib__format__base__start_step" targetname: "ada__strings__unbounded__to_unbounded_string" label: "/home/sogilis/XReq-Enhanced/src/xreqlib/x86_64/xreqlib-format-base.adb:169:22" }
edge: { sourcename: "xreqlib__format__base__start_step" targetname: "ada__strings__unbounded__to_unbounded_string" label: "/home/sogilis/XReq-Enhanced/src/xreqlib/x86_64/xreqlib-format-base.adb:168:22" }
edge: { sourcename: "xreqlib__format__base__start_step" targetname: "system__secondary_stack__ss_mark" label: "/home/sogilis/XReq-Enhanced/src/xreqlib/x86_64/xreqlib-format-base.adb:166:22" }
edge: { sourcename: "xreqlib__format__base__start_step" targetname: "__gnat_rcheck_CE_Overflow_Check" label: "/home/sogilis/XReq-Enhanced/src/xreqlib/x86_64/xreqlib-format-base.adb:164:40" }
edge: { sourcename: "xreqlib__format__base__start_step" targetname: "__gnat_rcheck_PE_Access_Before_Elaboration" label: "/home/sogilis/XReq-Enhanced/src/xreqlib/x86_64/xreqlib-format-base.adb:157:4" }
node: { title: "/home/sogilis/XReq-Enhanced/src/xreqlib/x86_64/xreqlib-format-base.adb:xreqlib__format__base__start_step__B203b___finalizer.6956" label: "B203b\n/home/sogilis/XReq-Enhanced/src/xreqlib/x86_64/xreqlib-format-base.adb:166:22\n736 bytes (static)\n0 dynamic objects" }
edge: { sourcename: "/home/sogilis/XReq-Enhanced/src/xreqlib/x86_64/xreqlib-format-base.adb:xreqlib__format__base__start_step__B203b___finalizer.6956" targetname: "_Unwind_Resume" }
edge: { sourcename: "/home/sogilis/XReq-Enhanced/src/xreqlib/x86_64/xreqlib-format-base.adb:xreqlib__format__base__start_step__B203b___finalizer.6956" targetname: "__gnat_end_handler" label: "/home/sogilis/XReq-Enhanced/src/xreqlib/x86_64/xreqlib-format-base.adb:166:0" }
edge: { sourcename: "/home/sogilis/XReq-Enhanced/src/xreqlib/x86_64/xreqlib-format-base.adb:xreqlib__format__base__start_step__B203b___finalizer.6956" targetname: "ada__exceptions__save_occurrence" label: "/home/sogilis/XReq-Enhanced/src/xreqlib/x86_64/xreqlib-format-base.adb:166:22" }
edge: { sourcename: "/home/sogilis/XReq-Enhanced/src/xreqlib/x86_64/xreqlib-format-base.adb:xreqlib__format__base__start_step__B203b___finalizer.6956" targetname: "__indirect_call" label: "/home/sogilis/XReq-Enhanced/src/xreqlib/x86_64/xreqlib-format-base.adb:166:22" }
edge: { sourcename: "/home/sogilis/XReq-Enhanced/src/xreqlib/x86_64/xreqlib-format-base.adb:xreqlib__format__base__start_step__B203b___finalizer.6956" targetname: "__gnat_begin_handler" label: "/home/sogilis/XReq-Enhanced/src/xreqlib/x86_64/xreqlib-format-base.adb:166:22" }
edge: { sourcename: "/home/sogilis/XReq-Enhanced/src/xreqlib/x86_64/xreqlib-format-base.adb:xreqlib__format__base__start_step__B203b___finalizer.6956" targetname: "_Unwind_Resume" }
edge: { sourcename: "/home/sogilis/XReq-Enhanced/src/xreqlib/x86_64/xreqlib-format-base.adb:xreqlib__format__base__start_step__B203b___finalizer.6956" targetname: "_Unwind_Resume" }
edge: { sourcename: "/home/sogilis/XReq-Enhanced/src/xreqlib/x86_64/xreqlib-format-base.adb:xreqlib__format__base__start_step__B203b___finalizer.6956" targetname: "__gnat_end_handler" label: "/home/sogilis/XReq-Enhanced/src/xreqlib/x86_64/xreqlib-format-base.adb:166:0" }
edge: { sourcename: "/home/sogilis/XReq-Enhanced/src/xreqlib/x86_64/xreqlib-format-base.adb:xreqlib__format__base__start_step__B203b___finalizer.6956" targetname: "ada__exceptions__save_occurrence" label: "/home/sogilis/XReq-Enhanced/src/xreqlib/x86_64/xreqlib-format-base.adb:166:22" }
edge: { sourcename: "/home/sogilis/XReq-Enhanced/src/xreqlib/x86_64/xreqlib-format-base.adb:xreqlib__format__base__start_step__B203b___finalizer.6956" targetname: "__indirect_call" label: "/home/sogilis/XReq-Enhanced/src/xreqlib/x86_64/xreqlib-format-base.adb:166:22" }
edge: { sourcename: "/home/sogilis/XReq-Enhanced/src/xreqlib/x86_64/xreqlib-format-base.adb:xreqlib__format__base__start_step__B203b___finalizer.6956" targetname: "__gnat_begin_handler" label: "/home/sogilis/XReq-Enhanced/src/xreqlib/x86_64/xreqlib-format-base.adb:166:22" }
edge: { sourcename: "/home/sogilis/XReq-Enhanced/src/xreqlib/x86_64/xreqlib-format-base.adb:xreqlib__format__base__start_step__B203b___finalizer.6956" targetname: "_Unwind_Resume" }
edge: { sourcename: "/home/sogilis/XReq-Enhanced/src/xreqlib/x86_64/xreqlib-format-base.adb:xreqlib__format__base__start_step__B203b___finalizer.6956" targetname: "_Unwind_Resume" }
edge: { sourcename: "/home/sogilis/XReq-Enhanced/src/xreqlib/x86_64/xreqlib-format-base.adb:xreqlib__format__base__start_step__B203b___finalizer.6956" targetname: "__gnat_end_handler" label: "/home/sogilis/XReq-Enhanced/src/xreqlib/x86_64/xreqlib-format-base.adb:166:0" }
edge: { sourcename: "/home/sogilis/XReq-Enhanced/src/xreqlib/x86_64/xreqlib-format-base.adb:xreqlib__format__base__start_step__B203b___finalizer.6956" targetname: "ada__exceptions__save_occurrence" label: "/home/sogilis/XReq-Enhanced/src/xreqlib/x86_64/xreqlib-format-base.adb:166:22" }
edge: { sourcename: "/home/sogilis/XReq-Enhanced/src/xreqlib/x86_64/xreqlib-format-base.adb:xreqlib__format__base__start_step__B203b___finalizer.6956" targetname: "__indirect_call" label: "/home/sogilis/XReq-Enhanced/src/xreqlib/x86_64/xreqlib-format-base.adb:166:22" }
edge: { sourcename: "/home/sogilis/XReq-Enhanced/src/xreqlib/x86_64/xreqlib-format-base.adb:xreqlib__format__base__start_step__B203b___finalizer.6956" targetname: "__gnat_begin_handler" label: "/home/sogilis/XReq-Enhanced/src/xreqlib/x86_64/xreqlib-format-base.adb:166:22" }
edge: { sourcename: "/home/sogilis/XReq-Enhanced/src/xreqlib/x86_64/xreqlib-format-base.adb:xreqlib__format__base__start_step__B203b___finalizer.6956" targetname: "_Unwind_Resume" }
edge: { sourcename: "/home/sogilis/XReq-Enhanced/src/xreqlib/x86_64/xreqlib-format-base.adb:xreqlib__format__base__start_step__B203b___finalizer.6956" targetname: "__gnat_raise_from_controlled_operation" label: "/home/sogilis/XReq-Enhanced/src/xreqlib/x86_64/xreqlib-format-base.adb:166:22" }
edge: { sourcename: "/home/sogilis/XReq-Enhanced/src/xreqlib/x86_64/xreqlib-format-base.adb:xreqlib__format__base__start_step__B203b___finalizer.6956" targetname: "__indirect_call" label: "/home/sogilis/XReq-Enhanced/src/xreqlib/x86_64/xreqlib-format-base.adb:166:22" }
edge: { sourcename: "/home/sogilis/XReq-Enhanced/src/xreqlib/x86_64/xreqlib-format-base.adb:xreqlib__format__base__start_step__B203b___finalizer.6956" targetname: "system__secondary_stack__ss_release" label: "/home/sogilis/XReq-Enhanced/src/xreqlib/x86_64/xreqlib-format-base.adb:166:22" }
edge: { sourcename: "/home/sogilis/XReq-Enhanced/src/xreqlib/x86_64/xreqlib-format-base.adb:xreqlib__format__base__start_step__B203b___finalizer.6956" targetname: "ada__strings__unbounded__finalize__2" label: "/home/sogilis/XReq-Enhanced/src/xreqlib/x86_64/xreqlib-format-base.adb:168:22" }
edge: { sourcename: "/home/sogilis/XReq-Enhanced/src/xreqlib/x86_64/xreqlib-format-base.adb:xreqlib__format__base__start_step__B203b___finalizer.6956" targetname: "ada__strings__unbounded__finalize__2" label: "/home/sogilis/XReq-Enhanced/src/xreqlib/x86_64/xreqlib-format-base.adb:169:22" }
edge: { sourcename: "/home/sogilis/XReq-Enhanced/src/xreqlib/x86_64/xreqlib-format-base.adb:xreqlib__format__base__start_step__B203b___finalizer.6956" targetname: "xreqlib__format__base__sub_step_typeDF" label: "/home/sogilis/XReq-Enhanced/src/xreqlib/x86_64/xreqlib-format-base.adb:167:9" }
edge: { sourcename: "/home/sogilis/XReq-Enhanced/src/xreqlib/x86_64/xreqlib-format-base.adb:xreqlib__format__base__start_step__B203b___finalizer.6956" targetname: "__indirect_call" label: "/home/sogilis/XReq-Enhanced/src/xreqlib/x86_64/xreqlib-format-base.adb:166:22" }
edge: { sourcename: "/home/sogilis/XReq-Enhanced/src/xreqlib/x86_64/xreqlib-format-base.adb:xreqlib__format__base__start_step__B203b___finalizer.6956" targetname: "ada__exceptions__triggered_by_abort" label: "/home/sogilis/XReq-Enhanced/src/xreqlib/x86_64/xreqlib-format-base.adb:166:22" }
node: { title: "xreqlib__format__base__stop_background" label: "Stop_Background\n/home/sogilis/XReq-Enhanced/src/xreqlib/x86_64/xreqlib-format-base.adb:148:4\n32 bytes (static)\n0 dynamic objects" }
edge: { sourcename: "xreqlib__format__base__stop_background" targetname: "__gnat_rcheck_PE_Access_Before_Elaboration" label: "/home/sogilis/XReq-Enhanced/src/xreqlib/x86_64/xreqlib-format-base.adb:148:4" }
node: { title: "xreqlib__format__base__start_background" label: "Start_Background\n/home/sogilis/XReq-Enhanced/src/xreqlib/x86_64/xreqlib-format-base.adb:134:4\n976 bytes (static)\n0 dynamic objects" }
edge: { sourcename: "xreqlib__format__base__start_background" targetname: "_Unwind_Resume" }
edge: { sourcename: "xreqlib__format__base__start_background" targetname: "__gnat_end_handler" label: "/home/sogilis/XReq-Enhanced/src/xreqlib/x86_64/xreqlib-format-base.adb:143:0" }
edge: { sourcename: "xreqlib__format__base__start_background" targetname: "ada__exceptions__save_occurrence" label: "/home/sogilis/XReq-Enhanced/src/xreqlib/x86_64/xreqlib-format-base.adb:143:22" }
edge: { sourcename: "xreqlib__format__base__start_background" targetname: "__indirect_call" label: "/home/sogilis/XReq-Enhanced/src/xreqlib/x86_64/xreqlib-format-base.adb:143:22" }
edge: { sourcename: "xreqlib__format__base__start_background" targetname: "__gnat_begin_handler" label: "/home/sogilis/XReq-Enhanced/src/xreqlib/x86_64/xreqlib-format-base.adb:143:22" }
edge: { sourcename: "xreqlib__format__base__start_background" targetname: "__gnat_end_handler" label: "/home/sogilis/XReq-Enhanced/src/xreqlib/x86_64/xreqlib-format-base.adb:143:0" }
edge: { sourcename: "xreqlib__format__base__start_background" targetname: "ada__exceptions__save_occurrence" label: "/home/sogilis/XReq-Enhanced/src/xreqlib/x86_64/xreqlib-format-base.adb:143:22" }
edge: { sourcename: "xreqlib__format__base__start_background" targetname: "__indirect_call" label: "/home/sogilis/XReq-Enhanced/src/xreqlib/x86_64/xreqlib-format-base.adb:143:22" }
edge: { sourcename: "xreqlib__format__base__start_background" targetname: "__gnat_begin_handler" label: "/home/sogilis/XReq-Enhanced/src/xreqlib/x86_64/xreqlib-format-base.adb:143:22" }
edge: { sourcename: "xreqlib__format__base__start_background" targetname: "__gnat_end_handler" label: "/home/sogilis/XReq-Enhanced/src/xreqlib/x86_64/xreqlib-format-base.adb:143:0" }
edge: { sourcename: "xreqlib__format__base__start_background" targetname: "ada__exceptions__save_occurrence" label: "/home/sogilis/XReq-Enhanced/src/xreqlib/x86_64/xreqlib-format-base.adb:143:22" }
edge: { sourcename: "xreqlib__format__base__start_background" targetname: "__indirect_call" label: "/home/sogilis/XReq-Enhanced/src/xreqlib/x86_64/xreqlib-format-base.adb:143:22" }
edge: { sourcename: "xreqlib__format__base__start_background" targetname: "__gnat_begin_handler" label: "/home/sogilis/XReq-Enhanced/src/xreqlib/x86_64/xreqlib-format-base.adb:143:22" }
edge: { sourcename: "xreqlib__format__base__start_background" targetname: "__gnat_end_handler" }
edge: { sourcename: "xreqlib__format__base__start_background" targetname: "__gnat_raise_from_controlled_operation" label: "/home/sogilis/XReq-Enhanced/src/xreqlib/x86_64/xreqlib-format-base.adb:142:33" }
edge: { sourcename: "xreqlib__format__base__start_background" targetname: "__gnat_set_exception_parameter" }
edge: { sourcename: "xreqlib__format__base__start_background" targetname: "__gnat_begin_handler" }
edge: { sourcename: "xreqlib__format__base__start_background" targetname: "/home/sogilis/XReq-Enhanced/src/xreqlib/x86_64/xreqlib-format-base.adb:xreqlib__format__base__start_background__B161b___finalizer.6906" label: "/home/sogilis/XReq-Enhanced/src/xreqlib/x86_64/xreqlib-format-base.adb:142:0" }
edge: { sourcename: "xreqlib__format__base__start_background" targetname: "__gnat_raise_from_controlled_operation" label: "/home/sogilis/XReq-Enhanced/src/xreqlib/x86_64/xreqlib-format-base.adb:143:22" }
edge: { sourcename: "xreqlib__format__base__start_background" targetname: "__indirect_call" label: "/home/sogilis/XReq-Enhanced/src/xreqlib/x86_64/xreqlib-format-base.adb:143:9" }
edge: { sourcename: "xreqlib__format__base__start_background" targetname: "ada__strings__unbounded__finalize__2" label: "/home/sogilis/XReq-Enhanced/src/xreqlib/x86_64/xreqlib-format-base.adb:143:22" }
edge: { sourcename: "xreqlib__format__base__start_background" targetname: "ada__strings__unbounded__finalize__2" label: "/home/sogilis/XReq-Enhanced/src/xreqlib/x86_64/xreqlib-format-base.adb:144:22" }
edge: { sourcename: "xreqlib__format__base__start_background" targetname: "xreqlib__format__base__sub_element_typeDF" label: "/home/sogilis/XReq-Enhanced/src/xreqlib/x86_64/xreqlib-format-base.adb:143:9" }
edge: { sourcename: "xreqlib__format__base__start_background" targetname: "__indirect_call" label: "/home/sogilis/XReq-Enhanced/src/xreqlib/x86_64/xreqlib-format-base.adb:143:9" }
edge: { sourcename: "xreqlib__format__base__start_background" targetname: "ada__exceptions__triggered_by_abort" label: "/home/sogilis/XReq-Enhanced/src/xreqlib/x86_64/xreqlib-format-base.adb:143:22" }
edge: { sourcename: "xreqlib__format__base__start_background" targetname: "system__standard_library__abort_undefer_direct" label: "/home/sogilis/XReq-Enhanced/src/xreqlib/x86_64/xreqlib-format-base.adb:142:0" }
edge: { sourcename: "xreqlib__format__base__start_background" targetname: "xreqlib__format__base__sub_element_typeDA" label: "/home/sogilis/XReq-Enhanced/src/xreqlib/x86_64/xreqlib-format-base.adb:142:13" }
edge: { sourcename: "xreqlib__format__base__start_background" targetname: "xreqlib__format__base__sub_element_typeDF" label: "/home/sogilis/XReq-Enhanced/src/xreqlib/x86_64/xreqlib-format-base.adb:142:13" }
edge: { sourcename: "xreqlib__format__base__start_background" targetname: "__indirect_call" label: "/home/sogilis/XReq-Enhanced/src/xreqlib/x86_64/xreqlib-format-base.adb:142:33" }
edge: { sourcename: "xreqlib__format__base__start_background" targetname: "xreqlib__format__tag_array_vector__vectorIP" label: "/home/sogilis/XReq-Enhanced/src/xreqlib/x86_64/xreqlib-format-base.adb:143:9" }
edge: { sourcename: "xreqlib__format__base__start_background" targetname: "system__standard_library__abort_undefer_direct" label: "/home/sogilis/XReq-Enhanced/src/xreqlib/x86_64/xreqlib-format-base.adb:143:0" }
edge: { sourcename: "xreqlib__format__base__start_background" targetname: "ada__strings__unbounded__adjust__2" label: "/home/sogilis/XReq-Enhanced/src/xreqlib/x86_64/xreqlib-format-base.adb:143:9" }
edge: { sourcename: "xreqlib__format__base__start_background" targetname: "__indirect_call" label: "/home/sogilis/XReq-Enhanced/src/xreqlib/x86_64/xreqlib-format-base.adb:143:9" }
edge: { sourcename: "xreqlib__format__base__start_background" targetname: "ada__strings__unbounded__initialize__2" label: "/home/sogilis/XReq-Enhanced/src/xreqlib/x86_64/xreqlib-format-base.adb:143:9" }
edge: { sourcename: "xreqlib__format__base__start_background" targetname: "ada__strings__unbounded__unbounded_stringIP" label: "/home/sogilis/XReq-Enhanced/src/xreqlib/x86_64/xreqlib-format-base.adb:143:9" }
edge: { sourcename: "xreqlib__format__base__start_background" targetname: "system__standard_library__abort_undefer_direct" label: "/home/sogilis/XReq-Enhanced/src/xreqlib/x86_64/xreqlib-format-base.adb:143:0" }
edge: { sourcename: "xreqlib__format__base__start_background" targetname: "ada__strings__unbounded__adjust__2" label: "/home/sogilis/XReq-Enhanced/src/xreqlib/x86_64/xreqlib-format-base.adb:143:9" }
edge: { sourcename: "xreqlib__format__base__start_background" targetname: "__indirect_call" label: "/home/sogilis/XReq-Enhanced/src/xreqlib/x86_64/xreqlib-format-base.adb:143:9" }
edge: { sourcename: "xreqlib__format__base__start_background" targetname: "ada__strings__unbounded__to_unbounded_string" label: "/home/sogilis/XReq-Enhanced/src/xreqlib/x86_64/xreqlib-format-base.adb:144:22" }
edge: { sourcename: "xreqlib__format__base__start_background" targetname: "ada__strings__unbounded__to_unbounded_string" label: "/home/sogilis/XReq-Enhanced/src/xreqlib/x86_64/xreqlib-format-base.adb:143:22" }
edge: { sourcename: "xreqlib__format__base__start_background" targetname: "system__secondary_stack__ss_mark" label: "/home/sogilis/XReq-Enhanced/src/xreqlib/x86_64/xreqlib-format-base.adb:142:33" }
edge: { sourcename: "xreqlib__format__base__start_background" targetname: "__gnat_rcheck_PE_Access_Before_Elaboration" label: "/home/sogilis/XReq-Enhanced/src/xreqlib/x86_64/xreqlib-format-base.adb:134:4" }
node: { title: "/home/sogilis/XReq-Enhanced/src/xreqlib/x86_64/xreqlib-format-base.adb:xreqlib__format__base__start_background__B161b___finalizer.6906" label: "B161b\n/home/sogilis/XReq-Enhanced/src/xreqlib/x86_64/xreqlib-format-base.adb:142:33\n736 bytes (static)\n0 dynamic objects" }
edge: { sourcename: "/home/sogilis/XReq-Enhanced/src/xreqlib/x86_64/xreqlib-format-base.adb:xreqlib__format__base__start_background__B161b___finalizer.6906" targetname: "_Unwind_Resume" }
edge: { sourcename: "/home/sogilis/XReq-Enhanced/src/xreqlib/x86_64/xreqlib-format-base.adb:xreqlib__format__base__start_background__B161b___finalizer.6906" targetname: "__gnat_end_handler" label: "/home/sogilis/XReq-Enhanced/src/xreqlib/x86_64/xreqlib-format-base.adb:142:0" }
edge: { sourcename: "/home/sogilis/XReq-Enhanced/src/xreqlib/x86_64/xreqlib-format-base.adb:xreqlib__format__base__start_background__B161b___finalizer.6906" targetname: "ada__exceptions__save_occurrence" label: "/home/sogilis/XReq-Enhanced/src/xreqlib/x86_64/xreqlib-format-base.adb:142:33" }
edge: { sourcename: "/home/sogilis/XReq-Enhanced/src/xreqlib/x86_64/xreqlib-format-base.adb:xreqlib__format__base__start_background__B161b___finalizer.6906" targetname: "__indirect_call" label: "/home/sogilis/XReq-Enhanced/src/xreqlib/x86_64/xreqlib-format-base.adb:142:33" }
edge: { sourcename: "/home/sogilis/XReq-Enhanced/src/xreqlib/x86_64/xreqlib-format-base.adb:xreqlib__format__base__start_background__B161b___finalizer.6906" targetname: "__gnat_begin_handler" label: "/home/sogilis/XReq-Enhanced/src/xreqlib/x86_64/xreqlib-format-base.adb:142:33" }
edge: { sourcename: "/home/sogilis/XReq-Enhanced/src/xreqlib/x86_64/xreqlib-format-base.adb:xreqlib__format__base__start_background__B161b___finalizer.6906" targetname: "_Unwind_Resume" }
edge: { sourcename: "/home/sogilis/XReq-Enhanced/src/xreqlib/x86_64/xreqlib-format-base.adb:xreqlib__format__base__start_background__B161b___finalizer.6906" targetname: "_Unwind_Resume" }
edge: { sourcename: "/home/sogilis/XReq-Enhanced/src/xreqlib/x86_64/xreqlib-format-base.adb:xreqlib__format__base__start_background__B161b___finalizer.6906" targetname: "__gnat_end_handler" label: "/home/sogilis/XReq-Enhanced/src/xreqlib/x86_64/xreqlib-format-base.adb:142:0" }
edge: { sourcename: "/home/sogilis/XReq-Enhanced/src/xreqlib/x86_64/xreqlib-format-base.adb:xreqlib__format__base__start_background__B161b___finalizer.6906" targetname: "ada__exceptions__save_occurrence" label: "/home/sogilis/XReq-Enhanced/src/xreqlib/x86_64/xreqlib-format-base.adb:142:33" }
[...]
node: { title: "/home/sogilis/XReq-Enhanced/src/xreqlib/x86_64/xreqlib-format-base.adb:xreqlib__format__base__sub_element_typeIP___finalizer.5814" label: "Sub_Element_Typeip\n/home/sogilis/XReq-Enhanced/src/xreqlib/common/xreqlib-format-base.ads:23:9\n768 bytes (static)\n0 dynamic objects" }
edge: { sourcename: "/home/sogilis/XReq-Enhanced/src/xreqlib/x86_64/xreqlib-format-base.adb:xreqlib__format__base__sub_element_typeIP___finalizer.5814" targetname: "_Unwind_Resume" }
edge: { sourcename: "/home/sogilis/XReq-Enhanced/src/xreqlib/x86_64/xreqlib-format-base.adb:xreqlib__format__base__sub_element_typeIP___finalizer.5814" targetname: "__gnat_end_handler" label: "/home/sogilis/XReq-Enhanced/src/xreqlib/common/xreqlib-format-base.ads:23:0" }
edge: { sourcename: "/home/sogilis/XReq-Enhanced/src/xreqlib/x86_64/xreqlib-format-base.adb:xreqlib__format__base__sub_element_typeIP___finalizer.5814" targetname: "ada__exceptions__save_occurrence" label: "/home/sogilis/XReq-Enhanced/src/xreqlib/common/xreqlib-format-base.ads:23:9" }
edge: { sourcename: "/home/sogilis/XReq-Enhanced/src/xreqlib/x86_64/xreqlib-format-base.adb:xreqlib__format__base__sub_element_typeIP___finalizer.5814" targetname: "__indirect_call" label: "/home/sogilis/XReq-Enhanced/src/xreqlib/common/xreqlib-format-base.ads:23:9" }
edge: { sourcename: "/home/sogilis/XReq-Enhanced/src/xreqlib/x86_64/xreqlib-format-base.adb:xreqlib__format__base__sub_element_typeIP___finalizer.5814" targetname: "__gnat_begin_handler" label: "/home/sogilis/XReq-Enhanced/src/xreqlib/common/xreqlib-format-base.ads:23:9" }
edge: { sourcename: "/home/sogilis/XReq-Enhanced/src/xreqlib/x86_64/xreqlib-format-base.adb:xreqlib__format__base__sub_element_typeIP___finalizer.5814" targetname: "_Unwind_Resume" }
edge: { sourcename: "/home/sogilis/XReq-Enhanced/src/xreqlib/x86_64/xreqlib-format-base.adb:xreqlib__format__base__sub_element_typeIP___finalizer.5814" targetname: "_Unwind_Resume" }
edge: { sourcename: "/home/sogilis/XReq-Enhanced/src/xreqlib/x86_64/xreqlib-format-base.adb:xreqlib__format__base__sub_element_typeIP___finalizer.5814" targetname: "__gnat_end_handler" label: "/home/sogilis/XReq-Enhanced/src/xreqlib/common/xreqlib-format-base.ads:23:0" }
edge: { sourcename: "/home/sogilis/XReq-Enhanced/src/xreqlib/x86_64/xreqlib-format-base.adb:xreqlib__format__base__sub_element_typeIP___finalizer.5814" targetname: "ada__exceptions__save_occurrence" label: "/home/sogilis/XReq-Enhanced/src/xreqlib/common/xreqlib-format-base.ads:23:9" }
edge: { sourcename: "/home/sogilis/XReq-Enhanced/src/xreqlib/x86_64/xreqlib-format-base.adb:xreqlib__format__base__sub_element_typeIP___finalizer.5814" targetname: "__indirect_call" label: "/home/sogilis/XReq-Enhanced/src/xreqlib/common/xreqlib-format-base.ads:23:9" }
edge: { sourcename: "/home/sogilis/XReq-Enhanced/src/xreqlib/x86_64/xreqlib-format-base.adb:xreqlib__format__base__sub_element_typeIP___finalizer.5814" targetname: "__gnat_begin_handler" label: "/home/sogilis/XReq-Enhanced/src/xreqlib/common/xreqlib-format-base.ads:23:9" }
edge: { sourcename: "/home/sogilis/XReq-Enhanced/src/xreqlib/x86_64/xreqlib-format-base.adb:xreqlib__format__base__sub_element_typeIP___finalizer.5814" targetname: "_Unwind_Resume" }
edge: { sourcename: "/home/sogilis/XReq-Enhanced/src/xreqlib/x86_64/xreqlib-format-base.adb:xreqlib__format__base__sub_element_typeIP___finalizer.5814" targetname: "_Unwind_Resume" }
edge: { sourcename: "/home/sogilis/XReq-Enhanced/src/xreqlib/x86_64/xreqlib-format-base.adb:xreqlib__format__base__sub_element_typeIP___finalizer.5814" targetname: "__gnat_end_handler" label: "/home/sogilis/XReq-Enhanced/src/xreqlib/common/xreqlib-format-base.ads:23:0" }
edge: { sourcename: "/home/sogilis/XReq-Enhanced/src/xreqlib/x86_64/xreqlib-format-base.adb:xreqlib__format__base__sub_element_typeIP___finalizer.5814" targetname: "ada__exceptions__save_occurrence" label: "/home/sogilis/XReq-Enhanced/src/xreqlib/common/xreqlib-format-base.ads:23:9" }
edge: { sourcename: "/home/sogilis/XReq-Enhanced/src/xreqlib/x86_64/xreqlib-format-base.adb:xreqlib__format__base__sub_element_typeIP___finalizer.5814" targetname: "__indirect_call" label: "/home/sogilis/XReq-Enhanced/src/xreqlib/common/xreqlib-format-base.ads:23:9" }
edge: { sourcename: "/home/sogilis/XReq-Enhanced/src/xreqlib/x86_64/xreqlib-format-base.adb:xreqlib__format__base__sub_element_typeIP___finalizer.5814" targetname: "__gnat_begin_handler" label: "/home/sogilis/XReq-Enhanced/src/xreqlib/common/xreqlib-format-base.ads:23:9" }
edge: { sourcename: "/home/sogilis/XReq-Enhanced/src/xreqlib/x86_64/xreqlib-format-base.adb:xreqlib__format__base__sub_element_typeIP___finalizer.5814" targetname: "_Unwind_Resume" }
edge: { sourcename: "/home/sogilis/XReq-Enhanced/src/xreqlib/x86_64/xreqlib-format-base.adb:xreqlib__format__base__sub_element_typeIP___finalizer.5814" targetname: "_Unwind_Resume" }
edge: { sourcename: "/home/sogilis/XReq-Enhanced/src/xreqlib/x86_64/xreqlib-format-base.adb:xreqlib__format__base__sub_element_typeIP___finalizer.5814" targetname: "__gnat_end_handler" label: "/home/sogilis/XReq-Enhanced/src/xreqlib/common/xreqlib-format-base.ads:23:0" }
edge: { sourcename: "/home/sogilis/XReq-Enhanced/src/xreqlib/x86_64/xreqlib-format-base.adb:xreqlib__format__base__sub_element_typeIP___finalizer.5814" targetname: "ada__exceptions__save_occurrence" label: "/home/sogilis/XReq-Enhanced/src/xreqlib/common/xreqlib-format-base.ads:23:9" }
edge: { sourcename: "/home/sogilis/XReq-Enhanced/src/xreqlib/x86_64/xreqlib-format-base.adb:xreqlib__format__base__sub_element_typeIP___finalizer.5814" targetname: "__indirect_call" label: "/home/sogilis/XReq-Enhanced/src/xreqlib/common/xreqlib-format-base.ads:23:9" }
edge: { sourcename: "/home/sogilis/XReq-Enhanced/src/xreqlib/x86_64/xreqlib-format-base.adb:xreqlib__format__base__sub_element_typeIP___finalizer.5814" targetname: "__gnat_begin_handler" label: "/home/sogilis/XReq-Enhanced/src/xreqlib/common/xreqlib-format-base.ads:23:9" }
edge: { sourcename: "/home/sogilis/XReq-Enhanced/src/xreqlib/x86_64/xreqlib-format-base.adb:xreqlib__format__base__sub_element_typeIP___finalizer.5814" targetname: "_Unwind_Resume" }
edge: { sourcename: "/home/sogilis/XReq-Enhanced/src/xreqlib/x86_64/xreqlib-format-base.adb:xreqlib__format__base__sub_element_typeIP___finalizer.5814" targetname: "__gnat_raise_from_controlled_operation" label: "/home/sogilis/XReq-Enhanced/src/xreqlib/common/xreqlib-format-base.ads:23:9" }
edge: { sourcename: "/home/sogilis/XReq-Enhanced/src/xreqlib/x86_64/xreqlib-format-base.adb:xreqlib__format__base__sub_element_typeIP___finalizer.5814" targetname: "ada__strings__unbounded__finalize__2" label: "/home/sogilis/XReq-Enhanced/src/xreqlib/common/xreqlib-format-base.ads:23:9" }
edge: { sourcename: "/home/sogilis/XReq-Enhanced/src/xreqlib/x86_64/xreqlib-format-base.adb:xreqlib__format__base__sub_element_typeIP___finalizer.5814" targetname: "ada__strings__unbounded__finalize__2" label: "/home/sogilis/XReq-Enhanced/src/xreqlib/common/xreqlib-format-base.ads:23:9" }
edge: { sourcename: "/home/sogilis/XReq-Enhanced/src/xreqlib/x86_64/xreqlib-format-base.adb:xreqlib__format__base__sub_element_typeIP___finalizer.5814" targetname: "ada__strings__unbounded__finalize__2" label: "/home/sogilis/XReq-Enhanced/src/xreqlib/common/xreqlib-format-base.ads:23:9" }
edge: { sourcename: "/home/sogilis/XReq-Enhanced/src/xreqlib/x86_64/xreqlib-format-base.adb:xreqlib__format__base__sub_element_typeIP___finalizer.5814" targetname: "xreqlib__format__tag_array_vector__finalize__2" label: "/home/sogilis/XReq-Enhanced/src/xreqlib/common/xreqlib-format-base.ads:23:9" }
edge: { sourcename: "/home/sogilis/XReq-Enhanced/src/xreqlib/x86_64/xreqlib-format-base.adb:xreqlib__format__base__sub_element_typeIP___finalizer.5814" targetname: "ada__exceptions__triggered_by_abort" label: "/home/sogilis/XReq-Enhanced/src/xreqlib/common/xreqlib-format-base.ads:23:9" }
node: { title: "xreqlib__format__base__sub_element_typeFD" label: "Sub_Element_Typefd\n/home/sogilis/XReq-Enhanced/src/xreqlib/common/xreqlib-format-base.ads:23:9\n32 bytes (static)\n0 dynamic objects" }
edge: { sourcename: "xreqlib__format__base__sub_element_typeFD" targetname: "xreqlib__format__base__sub_element_typeDF" label: "/home/sogilis/XReq-Enhanced/src/xreqlib/common/xreqlib-format-base.ads:23:9" }
node: { title: "xreqlib__format__base__sub_element_typeDF" label: "Sub_Element_Typedf\n/home/sogilis/XReq-Enhanced/src/xreqlib/common/xreqlib-format-base.ads:23:9\n752 bytes (static)\n0 dynamic objects" }
edge: { sourcename: "xreqlib__format__base__sub_element_typeDF" targetname: "_Unwind_Resume" }
edge: { sourcename: "xreqlib__format__base__sub_element_typeDF" targetname: "__gnat_end_handler" label: "/home/sogilis/XReq-Enhanced/src/xreqlib/common/xreqlib-format-base.ads:23:0" }
edge: { sourcename: "xreqlib__format__base__sub_element_typeDF" targetname: "ada__exceptions__save_occurrence" label: "/home/sogilis/XReq-Enhanced/src/xreqlib/common/xreqlib-format-base.ads:23:9" }
edge: { sourcename: "xreqlib__format__base__sub_element_typeDF" targetname: "__indirect_call" label: "/home/sogilis/XReq-Enhanced/src/xreqlib/common/xreqlib-format-base.ads:23:9" }
edge: { sourcename: "xreqlib__format__base__sub_element_typeDF" targetname: "__gnat_begin_handler" label: "/home/sogilis/XReq-Enhanced/src/xreqlib/common/xreqlib-format-base.ads:23:9" }
edge: { sourcename: "xreqlib__format__base__sub_element_typeDF" targetname: "_Unwind_Resume" }
edge: { sourcename: "xreqlib__format__base__sub_element_typeDF" targetname: "_Unwind_Resume" }
edge: { sourcename: "xreqlib__format__base__sub_element_typeDF" targetname: "__gnat_end_handler" label: "/home/sogilis/XReq-Enhanced/src/xreqlib/common/xreqlib-format-base.ads:23:0" }
edge: { sourcename: "xreqlib__format__base__sub_element_typeDF" targetname: "ada__exceptions__save_occurrence" label: "/home/sogilis/XReq-Enhanced/src/xreqlib/common/xreqlib-format-base.ads:23:9" }
edge: { sourcename: "xreqlib__format__base__sub_element_typeDF" targetname: "__indirect_call" label: "/home/sogilis/XReq-Enhanced/src/xreqlib/common/xreqlib-format-base.ads:23:9" }
edge: { sourcename: "xreqlib__format__base__sub_element_typeDF" targetname: "__gnat_begin_handler" label: "/home/sogilis/XReq-Enhanced/src/xreqlib/common/xreqlib-format-base.ads:23:9" }
edge: { sourcename: "xreqlib__format__base__sub_element_typeDF" targetname: "_Unwind_Resume" }
edge: { sourcename: "xreqlib__format__base__sub_element_typeDF" targetname: "_Unwind_Resume" }
edge: { sourcename: "xreqlib__format__base__sub_element_typeDF" targetname: "__gnat_end_handler" label: "/home/sogilis/XReq-Enhanced/src/xreqlib/common/xreqlib-format-base.ads:23:0" }
edge: { sourcename: "xreqlib__format__base__sub_element_typeDF" targetname: "ada__exceptions__save_occurrence" label: "/home/sogilis/XReq-Enhanced/src/xreqlib/common/xreqlib-format-base.ads:23:9" }
edge: { sourcename: "xreqlib__format__base__sub_element_typeDF" targetname: "__indirect_call" label: "/home/sogilis/XReq-Enhanced/src/xreqlib/common/xreqlib-format-base.ads:23:9" }
edge: { sourcename: "xreqlib__format__base__sub_element_typeDF" targetname: "__gnat_begin_handler" label: "/home/sogilis/XReq-Enhanced/src/xreqlib/common/xreqlib-format-base.ads:23:9" }
edge: { sourcename: "xreqlib__format__base__sub_element_typeDF" targetname: "_Unwind_Resume" }
edge: { sourcename: "xreqlib__format__base__sub_element_typeDF" targetname: "_Unwind_Resume" }
edge: { sourcename: "xreqlib__format__base__sub_element_typeDF" targetname: "__gnat_end_handler" label: "/home/sogilis/XReq-Enhanced/src/xreqlib/common/xreqlib-format-base.ads:23:0" }
edge: { sourcename: "xreqlib__format__base__sub_element_typeDF" targetname: "ada__exceptions__save_occurrence" label: "/home/sogilis/XReq-Enhanced/src/xreqlib/common/xreqlib-format-base.ads:23:9" }
edge: { sourcename: "xreqlib__format__base__sub_element_typeDF" targetname: "__indirect_call" label: "/home/sogilis/XReq-Enhanced/src/xreqlib/common/xreqlib-format-base.ads:23:9" }
edge: { sourcename: "xreqlib__format__base__sub_element_typeDF" targetname: "__gnat_begin_handler" label: "/home/sogilis/XReq-Enhanced/src/xreqlib/common/xreqlib-format-base.ads:23:9" }
edge: { sourcename: "xreqlib__format__base__sub_element_typeDF" targetname: "_Unwind_Resume" }
edge: { sourcename: "xreqlib__format__base__sub_element_typeDF" targetname: "__gnat_raise_from_controlled_operation" label: "/home/sogilis/XReq-Enhanced/src/xreqlib/common/xreqlib-format-base.ads:23:9" }
edge: { sourcename: "xreqlib__format__base__sub_element_typeDF" targetname: "ada__strings__unbounded__finalize__2" label: "/home/sogilis/XReq-Enhanced/src/xreqlib/common/xreqlib-format-base.ads:23:9" }
edge: { sourcename: "xreqlib__format__base__sub_element_typeDF" targetname: "ada__strings__unbounded__finalize__2" label: "/home/sogilis/XReq-Enhanced/src/xreqlib/common/xreqlib-format-base.ads:23:9" }
edge: { sourcename: "xreqlib__format__base__sub_element_typeDF" targetname: "ada__strings__unbounded__finalize__2" label: "/home/sogilis/XReq-Enhanced/src/xreqlib/common/xreqlib-format-base.ads:23:9" }
edge: { sourcename: "xreqlib__format__base__sub_element_typeDF" targetname: "xreqlib__format__tag_array_vector__finalize__2" label: "/home/sogilis/XReq-Enhanced/src/xreqlib/common/xreqlib-format-base.ads:23:9" }
edge: { sourcename: "xreqlib__format__base__sub_element_typeDF" targetname: "ada__exceptions__triggered_by_abort" label: "/home/sogilis/XReq-Enhanced/src/xreqlib/common/xreqlib-format-base.ads:23:9" }
node: { title: "xreqlib__format__base__sub_element_typeDA" label: "Sub_Element_Typeda\n/home/sogilis/XReq-Enhanced/src/xreqlib/common/xreqlib-format-base.ads:23:9\n752 bytes (static)\n0 dynamic objects" }
edge: { sourcename: "xreqlib__format__base__sub_element_typeDA" targetname: "_Unwind_Resume" }
edge: { sourcename: "xreqlib__format__base__sub_element_typeDA" targetname: "__gnat_end_handler" label: "/home/sogilis/XReq-Enhanced/src/xreqlib/common/xreqlib-format-base.ads:23:0" }
edge: { sourcename: "xreqlib__format__base__sub_element_typeDA" targetname: "ada__exceptions__save_occurrence" label: "/home/sogilis/XReq-Enhanced/src/xreqlib/common/xreqlib-format-base.ads:23:9" }
edge: { sourcename: "xreqlib__format__base__sub_element_typeDA" targetname: "__indirect_call" label: "/home/sogilis/XReq-Enhanced/src/xreqlib/common/xreqlib-format-base.ads:23:9" }
edge: { sourcename: "xreqlib__format__base__sub_element_typeDA" targetname: "__gnat_begin_handler" label: "/home/sogilis/XReq-Enhanced/src/xreqlib/common/xreqlib-format-base.ads:23:9" }
edge: { sourcename: "xreqlib__format__base__sub_element_typeDA" targetname: "_Unwind_Resume" }
edge: { sourcename: "xreqlib__format__base__sub_element_typeDA" targetname: "_Unwind_Resume" }
edge: { sourcename: "xreqlib__format__base__sub_element_typeDA" targetname: "__gnat_end_handler" label: "/home/sogilis/XReq-Enhanced/src/xreqlib/common/xreqlib-format-base.ads:23:0" }
edge: { sourcename: "xreqlib__format__base__sub_element_typeDA" targetname: "ada__exceptions__save_occurrence" label: "/home/sogilis/XReq-Enhanced/src/xreqlib/common/xreqlib-format-base.ads:23:9" }
edge: { sourcename: "xreqlib__format__base__sub_element_typeDA" targetname: "__indirect_call" label: "/home/sogilis/XReq-Enhanced/src/xreqlib/common/xreqlib-format-base.ads:23:9" }
edge: { sourcename: "xreqlib__format__base__sub_element_typeDA" targetname: "__gnat_begin_handler" label: "/home/sogilis/XReq-Enhanced/src/xreqlib/common/xreqlib-format-base.ads:23:9" }
edge: { sourcename: "xreqlib__format__base__sub_element_typeDA" targetname: "_Unwind_Resume" }
edge: { sourcename: "xreqlib__format__base__sub_element_typeDA" targetname: "_Unwind_Resume" }
edge: { sourcename: "xreqlib__format__base__sub_element_typeDA" targetname: "__gnat_end_handler" label: "/home/sogilis/XReq-Enhanced/src/xreqlib/common/xreqlib-format-base.ads:23:0" }
edge: { sourcename: "xreqlib__format__base__sub_element_typeDA" targetname: "ada__exceptions__save_occurrence" label: "/home/sogilis/XReq-Enhanced/src/xreqlib/common/xreqlib-format-base.ads:23:9" }
edge: { sourcename: "xreqlib__format__base__sub_element_typeDA" targetname: "__indirect_call" label: "/home/sogilis/XReq-Enhanced/src/xreqlib/common/xreqlib-format-base.ads:23:9" }
edge: { sourcename: "xreqlib__format__base__sub_element_typeDA" targetname: "__gnat_begin_handler" label: "/home/sogilis/XReq-Enhanced/src/xreqlib/common/xreqlib-format-base.ads:23:9" }
edge: { sourcename: "xreqlib__format__base__sub_element_typeDA" targetname: "_Unwind_Resume" }
edge: { sourcename: "xreqlib__format__base__sub_element_typeDA" targetname: "_Unwind_Resume" }
edge: { sourcename: "xreqlib__format__base__sub_element_typeDA" targetname: "__gnat_end_handler" label: "/home/sogilis/XReq-Enhanced/src/xreqlib/common/xreqlib-format-base.ads:23:0" }
edge: { sourcename: "xreqlib__format__base__sub_element_typeDA" targetname: "ada__exceptions__save_occurrence" label: "/home/sogilis/XReq-Enhanced/src/xreqlib/common/xreqlib-format-base.ads:23:9" }
edge: { sourcename: "xreqlib__format__base__sub_element_typeDA" targetname: "__indirect_call" label: "/home/sogilis/XReq-Enhanced/src/xreqlib/common/xreqlib-format-base.ads:23:9" }
edge: { sourcename: "xreqlib__format__base__sub_element_typeDA" targetname: "__gnat_begin_handler" label: "/home/sogilis/XReq-Enhanced/src/xreqlib/common/xreqlib-format-base.ads:23:9" }
edge: { sourcename: "xreqlib__format__base__sub_element_typeDA" targetname: "_Unwind_Resume" }
edge: { sourcename: "xreqlib__format__base__sub_element_typeDA" targetname: "__gnat_raise_from_controlled_operation" label: "/home/sogilis/XReq-Enhanced/src/xreqlib/common/xreqlib-format-base.ads:23:9" }
edge: { sourcename: "xreqlib__format__base__sub_element_typeDA" targetname: "xreqlib__format__tag_array_vector__adjust__2" label: "/home/sogilis/XReq-Enhanced/src/xreqlib/common/xreqlib-format-base.ads:23:9" }
edge: { sourcename: "xreqlib__format__base__sub_element_typeDA" targetname: "ada__strings__unbounded__adjust__2" label: "/home/sogilis/XReq-Enhanced/src/xreqlib/common/xreqlib-format-base.ads:23:9" }
edge: { sourcename: "xreqlib__format__base__sub_element_typeDA" targetname: "ada__strings__unbounded__adjust__2" label: "/home/sogilis/XReq-Enhanced/src/xreqlib/common/xreqlib-format-base.ads:23:9" }
edge: { sourcename: "xreqlib__format__base__sub_element_typeDA" targetname: "ada__strings__unbounded__adjust__2" label: "/home/sogilis/XReq-Enhanced/src/xreqlib/common/xreqlib-format-base.ads:23:9" }
edge: { sourcename: "xreqlib__format__base__sub_element_typeDA" targetname: "ada__exceptions__triggered_by_abort" label: "/home/sogilis/XReq-Enhanced/src/xreqlib/common/xreqlib-format-base.ads:23:9" }
node: { title: "xreqlib__format__base__sub_element_typeDI" label: "Sub_Element_Typedi\n/home/sogilis/XReq-Enhanced/src/xreqlib/common/xreqlib-format-base.ads:23:9\n16 bytes (static)\n0 dynamic objects" }
node: { title: "xreqlib__format__base__sub_element_typeEQ" label: "Sub_Element_Typeeq\n/home/sogilis/XReq-Enhanced/src/xreqlib/common/xreqlib-format-base.ads:23:4\n32 bytes (static)\n0 dynamic objects" }
edge: { sourcename: "xreqlib__format__base__sub_element_typeEQ" targetname: "xreqlib__format__tag_array_vector__Oeq__2" label: "/home/sogilis/XReq-Enhanced/src/xreqlib/common/xreqlib-format-base.ads:23:9" }
edge: { sourcename: "xreqlib__format__base__sub_element_typeEQ" targetname: "ada__strings__unbounded__Oeq" label: "/home/sogilis/XReq-Enhanced/src/xreqlib/common/xreqlib-format-base.ads:23:9" }
edge: { sourcename: "xreqlib__format__base__sub_element_typeEQ" targetname: "ada__strings__unbounded__Oeq" label: "/home/sogilis/XReq-Enhanced/src/xreqlib/common/xreqlib-format-base.ads:23:9" }
edge: { sourcename: "xreqlib__format__base__sub_element_typeEQ" targetname: "ada__strings__unbounded__Oeq" label: "/home/sogilis/XReq-Enhanced/src/xreqlib/common/xreqlib-format-base.ads:23:9" }
}
