edge: { sourcename: "xreqlib__cli__parse_arguments"
  targetname: "45:xreqlib__format__multi__multi_format_type,xreqlib__format__multi__multi_format_type"
  label: "xreqlib-cli.adb:203:31"
}
edge: { sourcename: "xreqlib__cli__parse_arguments"
  targetname: "33:xreqlib__format__format_type,xreqlib__format__format_type"
  label: "xreqlib-cli.adb:205:23"
}
edge: { sourcename: "xreqlib__cli__parse_arguments"
  targetname: "33:xreqlib__format__format_type,xreqlib__format__format_type"
  label: "xreqlib-cli.adb:214:27"
}
edge: { sourcename: "xreqlib__cli__parse_arguments"
  targetname: "45:xreqlib__format__multi__multi_format_type,xreqlib__format__multi__multi_format_type"
  label: "xreqlib-cli.adb:251:25"
}
edge: { sourcename: "xreqlib__cli__parse_arguments"
  targetname: "33:xreqlib__format__format_type,xreqlib__format__format_type"
  label: "xreqlib-cli.adb:253:27"
}
edge: { sourcename: "xreqlib__cli__parse_arguments"
  targetname: "34:xreqlib__format__format_type,xreqlib__format__format_type"
  label: "xreqlib-cli.adb:256:16"
}
graph: { title: "/home/sogilis/XReq-Enhanced/src/xreqlib/x86_64/xreqlib-cli.adb"
node: { title: "_Unwind_Resume" label: "builtin_unwind_resume\n<built-in>" shape : ellipse }
node: { title: "__gnat_set_exit_status" label: "Set_Exit_Status\n/home/sogilis/opt/GNAT/2019/lib/gcc/x86_64-pc-linux-gnu/8.3.1/adainclude/a-comlin.ads:75:14" shape : ellipse }
node: { title: "system__storage_pools__subpools__allocate_any_controlled" label: "Allocate_Any_Controlled\n/home/sogilis/opt/GNAT/2019/lib/gcc/x86_64-pc-linux-gnu/8.3.1/adainclude/s-stposu.ads:263:14" shape : ellipse }
node: { title: "ada__exceptions__reraise_occurrence" label: "Reraise_Occurrence\n/home/sogilis/opt/GNAT/2019/lib/gcc/x86_64-pc-linux-gnu/8.3.1/adainclude/a-except.ads:96:14" shape : ellipse }
node: { title: "__gnat_set_exception_parameter" label: "gnat_set_exception_parameter\n<built-in>" shape : ellipse }
node: { title: "system__concat_4__str_concat_4" label: "Str_Concat_4\n/home/sogilis/opt/GNAT/2019/lib/gcc/x86_64-pc-linux-gnu/8.3.1/adainclude/s-conca4.ads:39:14" shape : ellipse }
node: { title: "__gnat_end_handler" label: "gnat_end_handler\n<built-in>" shape : ellipse }
node: { title: "ada__exceptions__save_occurrence" label: "Save_Occurrence\n/home/sogilis/opt/GNAT/2019/lib/gcc/x86_64-pc-linux-gnu/8.3.1/adainclude/a-except.ads:123:14" shape : ellipse }
node: { title: "__gnat_begin_handler" label: "gnat_begin_handler\n<built-in>" shape : ellipse }
node: { title: "xreqlib__format__free" label: "Free\n/home/sogilis/XReq-Enhanced/src/xreqlib/common/xreqlib-format.ads:218:14" shape : ellipse }
node: { title: "gnat__command_line__free" label: "FREE\n/home/sogilis/opt/GNAT/2019/lib/gcc/x86_64-pc-linux-gnu/8.3.1/adainclude/g-comlin.ads:352:14" shape : ellipse }
node: { title: "xreqlib__containers__string_vectors__append__2" label: "Append\n/home/sogilis/opt/GNAT/2019/lib/gcc/x86_64-pc-linux-gnu/8.3.1/adainclude/a-convec.ads:431:14" shape : ellipse }
node: { title: "ada__strings__unbounded__length" label: "Length\n/home/sogilis/opt/GNAT/2019/lib/gcc/x86_64-pc-linux-gnu/8.3.1/adainclude/a-strunb.ads:92:13" shape : ellipse }
node: { title: "gnat__command_line__get_argument" label: "GET_ARGUMENT\n/home/sogilis/opt/GNAT/2019/lib/gcc/x86_64-pc-linux-gnu/8.3.1/adainclude/g-comlin.ads:462:13" shape : ellipse }
node: { title: "__gnat_raise_exception" label: "Raise_Exception_Always\n/home/sogilis/opt/GNAT/2019/lib/gcc/x86_64-pc-linux-gnu/8.3.1/adainclude/a-except.ads:188:14" shape : ellipse }
node: { title: "system__val_int__value_integer" label: "Value_Integer\n/home/sogilis/opt/GNAT/2019/lib/gcc/x86_64-pc-linux-gnu/8.3.1/adainclude/s-valint.ads:67:13" shape : ellipse }
node: { title: "ada__strings__unbounded__finalize__2" label: "Finalize\n/home/sogilis/opt/GNAT/2019/lib/gcc/x86_64-pc-linux-gnu/8.3.1/adainclude/a-strunb.ads:749:25" shape : ellipse }
node: { title: "ada__strings__unbounded___assign__2" label: "Unbounded\n/home/sogilis/opt/GNAT/2019/lib/gcc/x86_64-pc-linux-gnu/8.3.1/adainclude/a-strunb.ads:737:9" shape : ellipse }
node: { title: "ada__strings__unbounded__to_unbounded_string" label: "To_Unbounded_String\n/home/sogilis/opt/GNAT/2019/lib/gcc/x86_64-pc-linux-gnu/8.3.1/adainclude/a-strunb.ads:103:13" shape : ellipse }
node: { title: "ada__strings__unbounded__to_string" label: "To_String\n/home/sogilis/opt/GNAT/2019/lib/gcc/x86_64-pc-linux-gnu/8.3.1/adainclude/a-strunb.ads:116:13" shape : ellipse }
node: { title: "ada__strings__unbounded__Oeq" label: "=\n/home/sogilis/opt/GNAT/2019/lib/gcc/x86_64-pc-linux-gnu/8.3.1/adainclude/a-strunb.ads:238:13" shape : ellipse }
node: { title: "ada__text_io__put_line" label: "Put_Line\n/home/sogilis/opt/GNAT/2019/lib/gcc/x86_64-pc-linux-gnu/8.3.1/adainclude/a-textio.ads:498:14" shape : ellipse }
node: { title: "ada__text_io__current_error" label: "Current_Error\n/home/sogilis/opt/GNAT/2019/lib/gcc/x86_64-pc-linux-gnu/8.3.1/adainclude/a-textio.ads:183:13" shape : ellipse }
node: { title: "xreqlib__format__html__new_and_initialize" label: "New_And_Initialize\n/home/sogilis/XReq-Enhanced/src/xreqlib/x86_64/xreqlib-format-html.ads:76:13" shape : ellipse }
node: { title: "xreqlib__format__text__new_and_initialize" label: "New_And_Initialize\n/home/sogilis/XReq-Enhanced/src/xreqlib/common/xreqlib-format-text.ads:62:13" shape : ellipse }
node: { title: "__gnat_rcheck_CE_Range_Check" label: "gnat_rcheck_CE_Range_Check\n<built-in>" shape : ellipse }
node: { title: "ada__strings__fixed__translate__2" label: "Translate\n/home/sogilis/opt/GNAT/2019/lib/gcc/x86_64-pc-linux-gnu/8.3.1/adainclude/a-strfix.ads:281:13" shape : ellipse }
node: { title: "__gnat_raise_from_controlled_operation" label: "Raise_From_Controlled_Operation\n/home/sogilis/opt/GNAT/2019/lib/gcc/x86_64-pc-linux-gnu/8.3.1/adainclude/a-except.ads:215:14" shape : ellipse }
node: { title: "xreqlib__format__conditional_typeDF" label: "Conditional_Typedf\n/home/sogilis/XReq-Enhanced/src/xreqlib/common/xreqlib-format.ads:224:9" shape : ellipse }
node: { title: "ada__exceptions__triggered_by_abort" label: "Triggered_By_Abort\n/home/sogilis/opt/GNAT/2019/lib/gcc/x86_64-pc-linux-gnu/8.3.1/adainclude/a-except.ads:245:13" shape : ellipse }
node: { title: "xreqlib__format__create" label: "Create\n/home/sogilis/XReq-Enhanced/src/xreqlib/common/xreqlib-format.ads:229:13" shape : ellipse }
node: { title: "gnat__command_line__parameter" label: "PARAMETER\n/home/sogilis/opt/GNAT/2019/lib/gcc/x86_64-pc-linux-gnu/8.3.1/adainclude/g-comlin.ads:475:13" shape : ellipse }
node: { title: "memcmp" label: "builtin_memcmp\n<built-in>" shape : ellipse }
node: { title: "gnat__command_line__full_switch" label: "FULL_SWITCH\n/home/sogilis/opt/GNAT/2019/lib/gcc/x86_64-pc-linux-gnu/8.3.1/adainclude/g-comlin.ads:366:13" shape : ellipse }
node: { title: "gnat__command_line__getopt" label: "GETOPT\n/home/sogilis/opt/GNAT/2019/lib/gcc/x86_64-pc-linux-gnu/8.3.1/adainclude/g-comlin.ads:377:13" shape : ellipse }
node: { title: "xreqlib__standard_io__t_standard_ioDI" label: "T_Standard_Iodi\n/home/sogilis/XReq-Enhanced/src/xreqlib/x86_64/xreqlib-standard_io.ads:44:9" shape : ellipse }
node: { title: "xreqlib__standard_io__t_standard_ioIP" label: "T_Standard_Ioip\n/home/sogilis/XReq-Enhanced/src/xreqlib/x86_64/xreqlib-standard_io.ads:44:9" shape : ellipse }
node: { title: "gnat__command_line__initialize_option_scan__2" label: "INITIALIZE_OPTION_SCAN\n/home/sogilis/opt/GNAT/2019/lib/gcc/x86_64-pc-linux-gnu/8.3.1/adainclude/g-comlin.ads:308:14" shape : ellipse }
node: { title: "xreqlib__format___assign" label: "Format\n/home/sogilis/XReq-Enhanced/src/xreqlib/common/xreqlib-format.ads:224:9" shape : ellipse }
node: { title: "xreqlib__format__multi__new_multi_format" label: "New_Multi_Format\n/home/sogilis/XReq-Enhanced/src/xreqlib/common/xreqlib-format-multi.ads:146:13" shape : ellipse }
node: { title: "system__standard_library__abort_undefer_direct" label: "Abort_Undefer_Direct\n/home/sogilis/opt/GNAT/2019/lib/gcc/x86_64-pc-linux-gnu/8.3.1/adainclude/s-stalib.ads:254:14" shape : ellipse }
node: { title: "ada__strings__unbounded__initialize__2" label: "Initialize\n/home/sogilis/opt/GNAT/2019/lib/gcc/x86_64-pc-linux-gnu/8.3.1/adainclude/a-strunb.ads:747:25" shape : ellipse }
node: { title: "ada__strings__unbounded__unbounded_stringIP" label: "Unbounded_Stringip\n/home/sogilis/opt/GNAT/2019/lib/gcc/x86_64-pc-linux-gnu/8.3.1/adainclude/a-strunb.ads:737:9" shape : ellipse }
node: { title: "ada__strings__unbounded__adjust__2" label: "Adjust\n/home/sogilis/opt/GNAT/2019/lib/gcc/x86_64-pc-linux-gnu/8.3.1/adainclude/a-strunb.ads:748:25" shape : ellipse }
node: { title: "system__secondary_stack__ss_release" label: "Ss_Release\n/home/sogilis/opt/GNAT/2019/lib/gcc/x86_64-pc-linux-gnu/8.3.1/adainclude/s-secsta.ads:95:14" shape : ellipse }
node: { title: "memcpy" label: "builtin_memcpy\n<built-in>" shape : ellipse }
node: { title: "ada__command_line__argument" label: "Argument\n/home/sogilis/opt/GNAT/2019/lib/gcc/x86_64-pc-linux-gnu/8.3.1/adainclude/a-comlin.ads:52:13" shape : ellipse }
node: { title: "system__secondary_stack__ss_mark" label: "Ss_Mark\n/home/sogilis/opt/GNAT/2019/lib/gcc/x86_64-pc-linux-gnu/8.3.1/adainclude/s-secsta.ads:92:13" shape : ellipse }
node: { title: "__gnat_rcheck_CE_Index_Check_ext" label: "gnat_rcheck_CE_Index_Check_ext\n<built-in>" shape : ellipse }
node: { title: "__gnat_rcheck_CE_Access_Check_ext" label: "gnat_rcheck_CE_Access_Check_ext\n<built-in>" shape : ellipse }
node: { title: "system__strings__string_listIP" label: "String_Listip\n/home/sogilis/opt/GNAT/2019/lib/gcc/x86_64-pc-linux-gnu/8.3.1/adainclude/s-string.ads:54:9" shape : ellipse }
node: { title: "__gnat_malloc" label: "gnat_malloc\n<built-in>" shape : ellipse }
node: { title: "ada__command_line__argument_count" label: "Argument_Count\n/home/sogilis/opt/GNAT/2019/lib/gcc/x86_64-pc-linux-gnu/8.3.1/adainclude/a-comlin.ads:39:13" shape : ellipse }
node: { title: "system__concat_3__str_concat_3" label: "Str_Concat_3\n/home/sogilis/opt/GNAT/2019/lib/gcc/x86_64-pc-linux-gnu/8.3.1/adainclude/s-conca3.ads:39:14" shape : ellipse }
node: { title: "ada__text_io__put_line__2" label: "Put_Line\n/home/sogilis/opt/GNAT/2019/lib/gcc/x86_64-pc-linux-gnu/8.3.1/adainclude/a-textio.ads:508:14" shape : ellipse }
node: { title: "system__concat_2__str_concat_2" label: "Str_Concat_2\n/home/sogilis/opt/GNAT/2019/lib/gcc/x86_64-pc-linux-gnu/8.3.1/adainclude/s-conca2.ads:39:14" shape : ellipse }
node: { title: "/home/sogilis/XReq-Enhanced/src/xreqlib/x86_64/xreqlib-cli.adb:_GLOBAL__SZ1_xreqlib__cli" label: "cli\n<built-in>\n24 bytes (static)\n0 dynamic objects" }
node: { title: "xreqlib__cli__parse_arguments__2" label: "Parse_Arguments\n/home/sogilis/XReq-Enhanced/src/xreqlib/x86_64/xreqlib-cli.adb:299:4\n144 bytes (static)\n0 dynamic objects" }
edge: { sourcename: "xreqlib__cli__parse_arguments__2" targetname: "_Unwind_Resume" }
edge: { sourcename: "xreqlib__cli__parse_arguments__2" targetname: "__gnat_set_exit_status" label: "/home/sogilis/XReq-Enhanced/src/xreqlib/x86_64/xreqlib-cli.adb:313:10" }
edge: { sourcename: "xreqlib__cli__parse_arguments__2" targetname: "xreqlib__cli__parse_arguments" label: "/home/sogilis/XReq-Enhanced/src/xreqlib/x86_64/xreqlib-cli.adb:311:7" }
edge: { sourcename: "xreqlib__cli__parse_arguments__2" targetname: "xreqlib__cli__get_arguments" label: "/home/sogilis/XReq-Enhanced/src/xreqlib/x86_64/xreqlib-cli.adb:310:7" }
node: { title: "/home/sogilis/XReq-Enhanced/src/xreqlib/x86_64/xreqlib-cli.adb:xreqlib__cli__parse_arguments__B284b___finalizer.6155" label: "B284b\n/home/sogilis/XReq-Enhanced/src/xreqlib/x86_64/xreqlib-cli.adb:276:10\n32 bytes (static)\n0 dynamic objects" }
edge: { sourcename: "/home/sogilis/XReq-Enhanced/src/xreqlib/x86_64/xreqlib-cli.adb:xreqlib__cli__parse_arguments__B284b___finalizer.6155" targetname: "system__secondary_stack__ss_release" label: "/home/sogilis/XReq-Enhanced/src/xreqlib/x86_64/xreqlib-cli.adb:276:10" }
node: { title: "/home/sogilis/XReq-Enhanced/src/xreqlib/x86_64/xreqlib-cli.adb:xreqlib__cli__parse_arguments__B267b___finalizer.6121" label: "B267b\n/home/sogilis/XReq-Enhanced/src/xreqlib/x86_64/xreqlib-cli.adb:262:10\n32 bytes (static)\n0 dynamic objects" }
edge: { sourcename: "/home/sogilis/XReq-Enhanced/src/xreqlib/x86_64/xreqlib-cli.adb:xreqlib__cli__parse_arguments__B267b___finalizer.6121" targetname: "system__secondary_stack__ss_release" label: "/home/sogilis/XReq-Enhanced/src/xreqlib/x86_64/xreqlib-cli.adb:262:10" }
node: { title: "/home/sogilis/XReq-Enhanced/src/xreqlib/x86_64/xreqlib-cli.adb:xreqlib__cli__parse_arguments__B261b___finalizer.6105" label: "B261b\n/home/sogilis/XReq-Enhanced/src/xreqlib/x86_64/xreqlib-cli.adb:253:27\n32 bytes (static)\n0 dynamic objects" }
edge: { sourcename: "/home/sogilis/XReq-Enhanced/src/xreqlib/x86_64/xreqlib-cli.adb:xreqlib__cli__parse_arguments__B261b___finalizer.6105" targetname: "system__secondary_stack__ss_release" label: "/home/sogilis/XReq-Enhanced/src/xreqlib/x86_64/xreqlib-cli.adb:253:27" }
node: { title: "/home/sogilis/XReq-Enhanced/src/xreqlib/x86_64/xreqlib-cli.adb:xreqlib__cli__parse_arguments__F256b.6096" label: "F256b\n/home/sogilis/XReq-Enhanced/src/xreqlib/x86_64/xreqlib-cli.adb:250:31\n16 bytes (static)\n0 dynamic objects" }
node: { title: "/home/sogilis/XReq-Enhanced/src/xreqlib/x86_64/xreqlib-cli.adb:xreqlib__cli__parse_arguments__L_3__B236b___finalizer.6073" label: "B236b\n/home/sogilis/XReq-Enhanced/src/xreqlib/x86_64/xreqlib-cli.adb:240:14\n720 bytes (static)\n0 dynamic objects" }
edge: { sourcename: "/home/sogilis/XReq-Enhanced/src/xreqlib/x86_64/xreqlib-cli.adb:xreqlib__cli__parse_arguments__L_3__B236b___finalizer.6073" targetname: "_Unwind_Resume" }
edge: { sourcename: "/home/sogilis/XReq-Enhanced/src/xreqlib/x86_64/xreqlib-cli.adb:xreqlib__cli__parse_arguments__L_3__B236b___finalizer.6073" targetname: "__gnat_end_handler" label: "/home/sogilis/XReq-Enhanced/src/xreqlib/x86_64/xreqlib-cli.adb:240:0" }
edge: { sourcename: "/home/sogilis/XReq-Enhanced/src/xreqlib/x86_64/xreqlib-cli.adb:xreqlib__cli__parse_arguments__L_3__B236b___finalizer.6073" targetname: "ada__exceptions__save_occurrence" label: "/home/sogilis/XReq-Enhanced/src/xreqlib/x86_64/xreqlib-cli.adb:240:14" }
edge: { sourcename: "/home/sogilis/XReq-Enhanced/src/xreqlib/x86_64/xreqlib-cli.adb:xreqlib__cli__parse_arguments__L_3__B236b___finalizer.6073" targetname: "__indirect_call" label: "/home/sogilis/XReq-Enhanced/src/xreqlib/x86_64/xreqlib-cli.adb:240:14" }
node: { title: "__indirect_call" label: "Indirect Call Placeholder" shape : ellipse }
edge: { sourcename: "/home/sogilis/XReq-Enhanced/src/xreqlib/x86_64/xreqlib-cli.adb:xreqlib__cli__parse_arguments__L_3__B236b___finalizer.6073" targetname: "__gnat_begin_handler" label: "/home/sogilis/XReq-Enhanced/src/xreqlib/x86_64/xreqlib-cli.adb:240:14" }
edge: { sourcename: "/home/sogilis/XReq-Enhanced/src/xreqlib/x86_64/xreqlib-cli.adb:xreqlib__cli__parse_arguments__L_3__B236b___finalizer.6073" targetname: "_Unwind_Resume" }
edge: { sourcename: "/home/sogilis/XReq-Enhanced/src/xreqlib/x86_64/xreqlib-cli.adb:xreqlib__cli__parse_arguments__L_3__B236b___finalizer.6073" targetname: "__gnat_raise_from_controlled_operation" label: "/home/sogilis/XReq-Enhanced/src/xreqlib/x86_64/xreqlib-cli.adb:240:14" }
edge: { sourcename: "/home/sogilis/XReq-Enhanced/src/xreqlib/x86_64/xreqlib-cli.adb:xreqlib__cli__parse_arguments__L_3__B236b___finalizer.6073" targetname: "__indirect_call" label: "/home/sogilis/XReq-Enhanced/src/xreqlib/x86_64/xreqlib-cli.adb:240:14" }
edge: { sourcename: "/home/sogilis/XReq-Enhanced/src/xreqlib/x86_64/xreqlib-cli.adb:xreqlib__cli__parse_arguments__L_3__B236b___finalizer.6073" targetname: "system__secondary_stack__ss_release" label: "/home/sogilis/XReq-Enhanced/src/xreqlib/x86_64/xreqlib-cli.adb:240:14" }
edge: { sourcename: "/home/sogilis/XReq-Enhanced/src/xreqlib/x86_64/xreqlib-cli.adb:xreqlib__cli__parse_arguments__L_3__B236b___finalizer.6073" targetname: "ada__strings__unbounded__finalize__2" label: "/home/sogilis/XReq-Enhanced/src/xreqlib/x86_64/xreqlib-cli.adb:240:17" }
edge: { sourcename: "/home/sogilis/XReq-Enhanced/src/xreqlib/x86_64/xreqlib-cli.adb:xreqlib__cli__parse_arguments__L_3__B236b___finalizer.6073" targetname: "__indirect_call" label: "/home/sogilis/XReq-Enhanced/src/xreqlib/x86_64/xreqlib-cli.adb:240:14" }
edge: { sourcename: "/home/sogilis/XReq-Enhanced/src/xreqlib/x86_64/xreqlib-cli.adb:xreqlib__cli__parse_arguments__L_3__B236b___finalizer.6073" targetname: "ada__exceptions__triggered_by_abort" label: "/home/sogilis/XReq-Enhanced/src/xreqlib/x86_64/xreqlib-cli.adb:240:14" }
node: { title: "/home/sogilis/XReq-Enhanced/src/xreqlib/x86_64/xreqlib-cli.adb:xreqlib__cli__parse_arguments__B217b___finalizer.6037" label: "B217b\n/home/sogilis/XReq-Enhanced/src/xreqlib/x86_64/xreqlib-cli.adb:237:11\n720 bytes (static)\n0 dynamic objects" }
edge: { sourcename: "/home/sogilis/XReq-Enhanced/src/xreqlib/x86_64/xreqlib-cli.adb:xreqlib__cli__parse_arguments__B217b___finalizer.6037" targetname: "_Unwind_Resume" }
edge: { sourcename: "/home/sogilis/XReq-Enhanced/src/xreqlib/x86_64/xreqlib-cli.adb:xreqlib__cli__parse_arguments__B217b___finalizer.6037" targetname: "__gnat_end_handler" label: "/home/sogilis/XReq-Enhanced/src/xreqlib/x86_64/xreqlib-cli.adb:237:0" }
edge: { sourcename: "/home/sogilis/XReq-Enhanced/src/xreqlib/x86_64/xreqlib-cli.adb:xreqlib__cli__parse_arguments__B217b___finalizer.6037" targetname: "ada__exceptions__save_occurrence" label: "/home/sogilis/XReq-Enhanced/src/xreqlib/x86_64/xreqlib-cli.adb:237:11" }
edge: { sourcename: "/home/sogilis/XReq-Enhanced/src/xreqlib/x86_64/xreqlib-cli.adb:xreqlib__cli__parse_arguments__B217b___finalizer.6037" targetname: "__indirect_call" label: "/home/sogilis/XReq-Enhanced/src/xreqlib/x86_64/xreqlib-cli.adb:237:11" }
edge: { sourcename: "/home/sogilis/XReq-Enhanced/src/xreqlib/x86_64/xreqlib-cli.adb:xreqlib__cli__parse_arguments__B217b___finalizer.6037" targetname: "__gnat_begin_handler" label: "/home/sogilis/XReq-Enhanced/src/xreqlib/x86_64/xreqlib-cli.adb:237:11" }
edge: { sourcename: "/home/sogilis/XReq-Enhanced/src/xreqlib/x86_64/xreqlib-cli.adb:xreqlib__cli__parse_arguments__B217b___finalizer.6037" targetname: "_Unwind_Resume" }
edge: { sourcename: "/home/sogilis/XReq-Enhanced/src/xreqlib/x86_64/xreqlib-cli.adb:xreqlib__cli__parse_arguments__B217b___finalizer.6037" targetname: "__gnat_raise_from_controlled_operation" label: "/home/sogilis/XReq-Enhanced/src/xreqlib/x86_64/xreqlib-cli.adb:237:11" }
edge: { sourcename: "/home/sogilis/XReq-Enhanced/src/xreqlib/x86_64/xreqlib-cli.adb:xreqlib__cli__parse_arguments__B217b___finalizer.6037" targetname: "__indirect_call" label: "/home/sogilis/XReq-Enhanced/src/xreqlib/x86_64/xreqlib-cli.adb:237:11" }
edge: { sourcename: "/home/sogilis/XReq-Enhanced/src/xreqlib/x86_64/xreqlib-cli.adb:xreqlib__cli__parse_arguments__B217b___finalizer.6037" targetname: "system__secondary_stack__ss_release" label: "/home/sogilis/XReq-Enhanced/src/xreqlib/x86_64/xreqlib-cli.adb:237:11" }
edge: { sourcename: "/home/sogilis/XReq-Enhanced/src/xreqlib/x86_64/xreqlib-cli.adb:xreqlib__cli__parse_arguments__B217b___finalizer.6037" targetname: "ada__strings__unbounded__finalize__2" label: "/home/sogilis/XReq-Enhanced/src/xreqlib/x86_64/xreqlib-cli.adb:237:14" }
edge: { sourcename: "/home/sogilis/XReq-Enhanced/src/xreqlib/x86_64/xreqlib-cli.adb:xreqlib__cli__parse_arguments__B217b___finalizer.6037" targetname: "__indirect_call" label: "/home/sogilis/XReq-Enhanced/src/xreqlib/x86_64/xreqlib-cli.adb:237:11" }
edge: { sourcename: "/home/sogilis/XReq-Enhanced/src/xreqlib/x86_64/xreqlib-cli.adb:xreqlib__cli__parse_arguments__B217b___finalizer.6037" targetname: "ada__exceptions__triggered_by_abort" label: "/home/sogilis/XReq-Enhanced/src/xreqlib/x86_64/xreqlib-cli.adb:237:11" }
node: { title: "/home/sogilis/XReq-Enhanced/src/xreqlib/x86_64/xreqlib-cli.adb:xreqlib__cli__parse_arguments__getopt_loop__B211b___finalizer.6021" label: "B211b\n/home/sogilis/XReq-Enhanced/src/xreqlib/x86_64/xreqlib-cli.adb:227:37\n32 bytes (static)\n0 dynamic objects" }
edge: { sourcename: "/home/sogilis/XReq-Enhanced/src/xreqlib/x86_64/xreqlib-cli.adb:xreqlib__cli__parse_arguments__getopt_loop__B211b___finalizer.6021" targetname: "system__secondary_stack__ss_release" label: "/home/sogilis/XReq-Enhanced/src/xreqlib/x86_64/xreqlib-cli.adb:227:37" }
node: { title: "/home/sogilis/XReq-Enhanced/src/xreqlib/x86_64/xreqlib-cli.adb:xreqlib__cli__parse_arguments__getopt_loop__B207b___finalizer.6014" label: "B207b\n/home/sogilis/XReq-Enhanced/src/xreqlib/x86_64/xreqlib-cli.adb:224:37\n32 bytes (static)\n0 dynamic objects" }
edge: { sourcename: "/home/sogilis/XReq-Enhanced/src/xreqlib/x86_64/xreqlib-cli.adb:xreqlib__cli__parse_arguments__getopt_loop__B207b___finalizer.6014" targetname: "system__secondary_stack__ss_release" label: "/home/sogilis/XReq-Enhanced/src/xreqlib/x86_64/xreqlib-cli.adb:224:37" }
node: { title: "/home/sogilis/XReq-Enhanced/src/xreqlib/x86_64/xreqlib-cli.adb:xreqlib__cli__parse_arguments__getopt_loop__B189b___finalizer.5991" label: "B189b\n/home/sogilis/XReq-Enhanced/src/xreqlib/x86_64/xreqlib-cli.adb:222:20\n720 bytes (static)\n0 dynamic objects" }
edge: { sourcename: "/home/sogilis/XReq-Enhanced/src/xreqlib/x86_64/xreqlib-cli.adb:xreqlib__cli__parse_arguments__getopt_loop__B189b___finalizer.5991" targetname: "_Unwind_Resume" }
edge: { sourcename: "/home/sogilis/XReq-Enhanced/src/xreqlib/x86_64/xreqlib-cli.adb:xreqlib__cli__parse_arguments__getopt_loop__B189b___finalizer.5991" targetname: "__gnat_end_handler" label: "/home/sogilis/XReq-Enhanced/src/xreqlib/x86_64/xreqlib-cli.adb:222:0" }
edge: { sourcename: "/home/sogilis/XReq-Enhanced/src/xreqlib/x86_64/xreqlib-cli.adb:xreqlib__cli__parse_arguments__getopt_loop__B189b___finalizer.5991" targetname: "ada__exceptions__save_occurrence" label: "/home/sogilis/XReq-Enhanced/src/xreqlib/x86_64/xreqlib-cli.adb:222:20" }
edge: { sourcename: "/home/sogilis/XReq-Enhanced/src/xreqlib/x86_64/xreqlib-cli.adb:xreqlib__cli__parse_arguments__getopt_loop__B189b___finalizer.5991" targetname: "__indirect_call" label: "/home/sogilis/XReq-Enhanced/src/xreqlib/x86_64/xreqlib-cli.adb:222:20" }
edge: { sourcename: "/home/sogilis/XReq-Enhanced/src/xreqlib/x86_64/xreqlib-cli.adb:xreqlib__cli__parse_arguments__getopt_loop__B189b___finalizer.5991" targetname: "__gnat_begin_handler" label: "/home/sogilis/XReq-Enhanced/src/xreqlib/x86_64/xreqlib-cli.adb:222:20" }
edge: { sourcename: "/home/sogilis/XReq-Enhanced/src/xreqlib/x86_64/xreqlib-cli.adb:xreqlib__cli__parse_arguments__getopt_loop__B189b___finalizer.5991" targetname: "_Unwind_Resume" }
edge: { sourcename: "/home/sogilis/XReq-Enhanced/src/xreqlib/x86_64/xreqlib-cli.adb:xreqlib__cli__parse_arguments__getopt_loop__B189b___finalizer.5991" targetname: "__gnat_raise_from_controlled_operation" label: "/home/sogilis/XReq-Enhanced/src/xreqlib/x86_64/xreqlib-cli.adb:222:20" }
edge: { sourcename: "/home/sogilis/XReq-Enhanced/src/xreqlib/x86_64/xreqlib-cli.adb:xreqlib__cli__parse_arguments__getopt_loop__B189b___finalizer.5991" targetname: "__indirect_call" label: "/home/sogilis/XReq-Enhanced/src/xreqlib/x86_64/xreqlib-cli.adb:222:20" }
edge: { sourcename: "/home/sogilis/XReq-Enhanced/src/xreqlib/x86_64/xreqlib-cli.adb:xreqlib__cli__parse_arguments__getopt_loop__B189b___finalizer.5991" targetname: "system__secondary_stack__ss_release" label: "/home/sogilis/XReq-Enhanced/src/xreqlib/x86_64/xreqlib-cli.adb:222:20" }
edge: { sourcename: "/home/sogilis/XReq-Enhanced/src/xreqlib/x86_64/xreqlib-cli.adb:xreqlib__cli__parse_arguments__getopt_loop__B189b___finalizer.5991" targetname: "ada__strings__unbounded__finalize__2" label: "/home/sogilis/XReq-Enhanced/src/xreqlib/x86_64/xreqlib-cli.adb:222:49" }
edge: { sourcename: "/home/sogilis/XReq-Enhanced/src/xreqlib/x86_64/xreqlib-cli.adb:xreqlib__cli__parse_arguments__getopt_loop__B189b___finalizer.5991" targetname: "__indirect_call" label: "/home/sogilis/XReq-Enhanced/src/xreqlib/x86_64/xreqlib-cli.adb:222:20" }
edge: { sourcename: "/home/sogilis/XReq-Enhanced/src/xreqlib/x86_64/xreqlib-cli.adb:xreqlib__cli__parse_arguments__getopt_loop__B189b___finalizer.5991" targetname: "ada__exceptions__triggered_by_abort" label: "/home/sogilis/XReq-Enhanced/src/xreqlib/x86_64/xreqlib-cli.adb:222:20" }
node: { title: "/home/sogilis/XReq-Enhanced/src/xreqlib/x86_64/xreqlib-cli.adb:xreqlib__cli__parse_arguments__getopt_loop__B184b___finalizer.5982" label: "B184b\n/home/sogilis/XReq-Enhanced/src/xreqlib/x86_64/xreqlib-cli.adb:219:43\n32 bytes (static)\n0 dynamic objects" }
edge: { sourcename: "/home/sogilis/XReq-Enhanced/src/xreqlib/x86_64/xreqlib-cli.adb:xreqlib__cli__parse_arguments__getopt_loop__B184b___finalizer.5982" targetname: "system__secondary_stack__ss_release" label: "/home/sogilis/XReq-Enhanced/src/xreqlib/x86_64/xreqlib-cli.adb:219:43" }
node: { title: "/home/sogilis/XReq-Enhanced/src/xreqlib/x86_64/xreqlib-cli.adb:xreqlib__cli__parse_arguments__getopt_loop__B165b___finalizer.5955" label: "B165b\n/home/sogilis/XReq-Enhanced/src/xreqlib/x86_64/xreqlib-cli.adb:216:23\n720 bytes (static)\n0 dynamic objects" }
edge: { sourcename: "/home/sogilis/XReq-Enhanced/src/xreqlib/x86_64/xreqlib-cli.adb:xreqlib__cli__parse_arguments__getopt_loop__B165b___finalizer.5955" targetname: "_Unwind_Resume" }
edge: { sourcename: "/home/sogilis/XReq-Enhanced/src/xreqlib/x86_64/xreqlib-cli.adb:xreqlib__cli__parse_arguments__getopt_loop__B165b___finalizer.5955" targetname: "__gnat_end_handler" label: "/home/sogilis/XReq-Enhanced/src/xreqlib/x86_64/xreqlib-cli.adb:216:0" }
edge: { sourcename: "/home/sogilis/XReq-Enhanced/src/xreqlib/x86_64/xreqlib-cli.adb:xreqlib__cli__parse_arguments__getopt_loop__B165b___finalizer.5955" targetname: "ada__exceptions__save_occurrence" label: "/home/sogilis/XReq-Enhanced/src/xreqlib/x86_64/xreqlib-cli.adb:216:23" }
edge: { sourcename: "/home/sogilis/XReq-Enhanced/src/xreqlib/x86_64/xreqlib-cli.adb:xreqlib__cli__parse_arguments__getopt_loop__B165b___finalizer.5955" targetname: "__indirect_call" label: "/home/sogilis/XReq-Enhanced/src/xreqlib/x86_64/xreqlib-cli.adb:216:23" }
edge: { sourcename: "/home/sogilis/XReq-Enhanced/src/xreqlib/x86_64/xreqlib-cli.adb:xreqlib__cli__parse_arguments__getopt_loop__B165b___finalizer.5955" targetname: "__gnat_begin_handler" label: "/home/sogilis/XReq-Enhanced/src/xreqlib/x86_64/xreqlib-cli.adb:216:23" }
edge: { sourcename: "/home/sogilis/XReq-Enhanced/src/xreqlib/x86_64/xreqlib-cli.adb:xreqlib__cli__parse_arguments__getopt_loop__B165b___finalizer.5955" targetname: "_Unwind_Resume" }
edge: { sourcename: "/home/sogilis/XReq-Enhanced/src/xreqlib/x86_64/xreqlib-cli.adb:xreqlib__cli__parse_arguments__getopt_loop__B165b___finalizer.5955" targetname: "__gnat_raise_from_controlled_operation" label: "/home/sogilis/XReq-Enhanced/src/xreqlib/x86_64/xreqlib-cli.adb:216:23" }
edge: { sourcename: "/home/sogilis/XReq-Enhanced/src/xreqlib/x86_64/xreqlib-cli.adb:xreqlib__cli__parse_arguments__getopt_loop__B165b___finalizer.5955" targetname: "__indirect_call" label: "/home/sogilis/XReq-Enhanced/src/xreqlib/x86_64/xreqlib-cli.adb:216:23" }
edge: { sourcename: "/home/sogilis/XReq-Enhanced/src/xreqlib/x86_64/xreqlib-cli.adb:xreqlib__cli__parse_arguments__getopt_loop__B165b___finalizer.5955" targetname: "system__secondary_stack__ss_release" label: "/home/sogilis/XReq-Enhanced/src/xreqlib/x86_64/xreqlib-cli.adb:216:23" }
edge: { sourcename: "/home/sogilis/XReq-Enhanced/src/xreqlib/x86_64/xreqlib-cli.adb:xreqlib__cli__parse_arguments__getopt_loop__B165b___finalizer.5955" targetname: "ada__strings__unbounded__finalize__2" label: "/home/sogilis/XReq-Enhanced/src/xreqlib/x86_64/xreqlib-cli.adb:216:26" }
edge: { sourcename: "/home/sogilis/XReq-Enhanced/src/xreqlib/x86_64/xreqlib-cli.adb:xreqlib__cli__parse_arguments__getopt_loop__B165b___finalizer.5955" targetname: "__indirect_call" label: "/home/sogilis/XReq-Enhanced/src/xreqlib/x86_64/xreqlib-cli.adb:216:23" }
edge: { sourcename: "/home/sogilis/XReq-Enhanced/src/xreqlib/x86_64/xreqlib-cli.adb:xreqlib__cli__parse_arguments__getopt_loop__B165b___finalizer.5955" targetname: "ada__exceptions__triggered_by_abort" label: "/home/sogilis/XReq-Enhanced/src/xreqlib/x86_64/xreqlib-cli.adb:216:23" }
node: { title: "/home/sogilis/XReq-Enhanced/src/xreqlib/x86_64/xreqlib-cli.adb:xreqlib__cli__parse_arguments__getopt_loop__B161b___finalizer.5946" label: "B161b\n/home/sogilis/XReq-Enhanced/src/xreqlib/x86_64/xreqlib-cli.adb:214:27\n32 bytes (static)\n0 dynamic objects" }
edge: { sourcename: "/home/sogilis/XReq-Enhanced/src/xreqlib/x86_64/xreqlib-cli.adb:xreqlib__cli__parse_arguments__getopt_loop__B161b___finalizer.5946" targetname: "system__secondary_stack__ss_release" label: "/home/sogilis/XReq-Enhanced/src/xreqlib/x86_64/xreqlib-cli.adb:214:27" }
node: { title: "/home/sogilis/XReq-Enhanced/src/xreqlib/x86_64/xreqlib-cli.adb:xreqlib__cli__parse_arguments__getopt_loop__B156b___finalizer.5939" label: "B156b\n/home/sogilis/XReq-Enhanced/src/xreqlib/x86_64/xreqlib-cli.adb:210:43\n32 bytes (static)\n0 dynamic objects" }
edge: { sourcename: "/home/sogilis/XReq-Enhanced/src/xreqlib/x86_64/xreqlib-cli.adb:xreqlib__cli__parse_arguments__getopt_loop__B156b___finalizer.5939" targetname: "system__secondary_stack__ss_release" label: "/home/sogilis/XReq-Enhanced/src/xreqlib/x86_64/xreqlib-cli.adb:210:43" }
node: { title: "/home/sogilis/XReq-Enhanced/src/xreqlib/x86_64/xreqlib-cli.adb:xreqlib__cli__parse_arguments__B_2__F139b.5774" label: "F139b\n/home/sogilis/XReq-Enhanced/src/xreqlib/x86_64/xreqlib-cli.adb:192:37\n16 bytes (static)\n0 dynamic objects" }
node: { title: "/home/sogilis/XReq-Enhanced/src/xreqlib/x86_64/xreqlib-cli.adb:xreqlib__cli__parse_arguments__B_2__F134b.5669" label: "F134b\n/home/sogilis/XReq-Enhanced/src/xreqlib/x86_64/xreqlib-cli.adb:187:37\n16 bytes (static)\n0 dynamic objects" }
node: { title: "/home/sogilis/XReq-Enhanced/src/xreqlib/x86_64/xreqlib-cli.adb:xreqlib__cli__parse_arguments__B_2___finalizer.5615" label: "B_2\n/home/sogilis/XReq-Enhanced/src/xreqlib/x86_64/xreqlib-cli.adb:178:13\n32 bytes (static)\n0 dynamic objects" }
edge: { sourcename: "/home/sogilis/XReq-Enhanced/src/xreqlib/x86_64/xreqlib-cli.adb:xreqlib__cli__parse_arguments__B_2___finalizer.5615" targetname: "system__secondary_stack__ss_release" label: "/home/sogilis/XReq-Enhanced/src/xreqlib/x86_64/xreqlib-cli.adb:178:13" }
node: { title: "/home/sogilis/XReq-Enhanced/src/xreqlib/x86_64/xreqlib-cli.adb:xreqlib__cli__parse_arguments__getopt_loop__B121b___finalizer.5608" label: "B121b\n/home/sogilis/XReq-Enhanced/src/xreqlib/x86_64/xreqlib-cli.adb:175:43\n32 bytes (static)\n0 dynamic objects" }
edge: { sourcename: "/home/sogilis/XReq-Enhanced/src/xreqlib/x86_64/xreqlib-cli.adb:xreqlib__cli__parse_arguments__getopt_loop__B121b___finalizer.5608" targetname: "system__secondary_stack__ss_release" label: "/home/sogilis/XReq-Enhanced/src/xreqlib/x86_64/xreqlib-cli.adb:175:43" }
node: { title: "/home/sogilis/XReq-Enhanced/src/xreqlib/x86_64/xreqlib-cli.adb:xreqlib__cli__parse_arguments__getopt_loop__B102b___finalizer.5578" label: "B102b\n/home/sogilis/XReq-Enhanced/src/xreqlib/x86_64/xreqlib-cli.adb:173:18\n720 bytes (static)\n0 dynamic objects" }
edge: { sourcename: "/home/sogilis/XReq-Enhanced/src/xreqlib/x86_64/xreqlib-cli.adb:xreqlib__cli__parse_arguments__getopt_loop__B102b___finalizer.5578" targetname: "_Unwind_Resume" }
edge: { sourcename: "/home/sogilis/XReq-Enhanced/src/xreqlib/x86_64/xreqlib-cli.adb:xreqlib__cli__parse_arguments__getopt_loop__B102b___finalizer.5578" targetname: "__gnat_end_handler" label: "/home/sogilis/XReq-Enhanced/src/xreqlib/x86_64/xreqlib-cli.adb:173:0" }
edge: { sourcename: "/home/sogilis/XReq-Enhanced/src/xreqlib/x86_64/xreqlib-cli.adb:xreqlib__cli__parse_arguments__getopt_loop__B102b___finalizer.5578" targetname: "ada__exceptions__save_occurrence" label: "/home/sogilis/XReq-Enhanced/src/xreqlib/x86_64/xreqlib-cli.adb:173:18" }
edge: { sourcename: "/home/sogilis/XReq-Enhanced/src/xreqlib/x86_64/xreqlib-cli.adb:xreqlib__cli__parse_arguments__getopt_loop__B102b___finalizer.5578" targetname: "__indirect_call" label: "/home/sogilis/XReq-Enhanced/src/xreqlib/x86_64/xreqlib-cli.adb:173:18" }
edge: { sourcename: "/home/sogilis/XReq-Enhanced/src/xreqlib/x86_64/xreqlib-cli.adb:xreqlib__cli__parse_arguments__getopt_loop__B102b___finalizer.5578" targetname: "__gnat_begin_handler" label: "/home/sogilis/XReq-Enhanced/src/xreqlib/x86_64/xreqlib-cli.adb:173:18" }
edge: { sourcename: "/home/sogilis/XReq-Enhanced/src/xreqlib/x86_64/xreqlib-cli.adb:xreqlib__cli__parse_arguments__getopt_loop__B102b___finalizer.5578" targetname: "_Unwind_Resume" }
edge: { sourcename: "/home/sogilis/XReq-Enhanced/src/xreqlib/x86_64/xreqlib-cli.adb:xreqlib__cli__parse_arguments__getopt_loop__B102b___finalizer.5578" targetname: "__gnat_raise_from_controlled_operation" label: "/home/sogilis/XReq-Enhanced/src/xreqlib/x86_64/xreqlib-cli.adb:173:18" }
edge: { sourcename: "/home/sogilis/XReq-Enhanced/src/xreqlib/x86_64/xreqlib-cli.adb:xreqlib__cli__parse_arguments__getopt_loop__B102b___finalizer.5578" targetname: "__indirect_call" label: "/home/sogilis/XReq-Enhanced/src/xreqlib/x86_64/xreqlib-cli.adb:173:18" }
edge: { sourcename: "/home/sogilis/XReq-Enhanced/src/xreqlib/x86_64/xreqlib-cli.adb:xreqlib__cli__parse_arguments__getopt_loop__B102b___finalizer.5578" targetname: "system__secondary_stack__ss_release" label: "/home/sogilis/XReq-Enhanced/src/xreqlib/x86_64/xreqlib-cli.adb:173:18" }
edge: { sourcename: "/home/sogilis/XReq-Enhanced/src/xreqlib/x86_64/xreqlib-cli.adb:xreqlib__cli__parse_arguments__getopt_loop__B102b___finalizer.5578" targetname: "xreqlib__format__conditional_typeDF" label: "/home/sogilis/XReq-Enhanced/src/xreqlib/x86_64/xreqlib-cli.adb:173:21" }
edge: { sourcename: "/home/sogilis/XReq-Enhanced/src/xreqlib/x86_64/xreqlib-cli.adb:xreqlib__cli__parse_arguments__getopt_loop__B102b___finalizer.5578" targetname: "__indirect_call" label: "/home/sogilis/XReq-Enhanced/src/xreqlib/x86_64/xreqlib-cli.adb:173:18" }
edge: { sourcename: "/home/sogilis/XReq-Enhanced/src/xreqlib/x86_64/xreqlib-cli.adb:xreqlib__cli__parse_arguments__getopt_loop__B102b___finalizer.5578" targetname: "ada__exceptions__triggered_by_abort" label: "/home/sogilis/XReq-Enhanced/src/xreqlib/x86_64/xreqlib-cli.adb:173:18" }
node: { title: "/home/sogilis/XReq-Enhanced/src/xreqlib/x86_64/xreqlib-cli.adb:xreqlib__cli__parse_arguments__getopt_loop__B97b___finalizer.5569" label: "B97b\n/home/sogilis/XReq-Enhanced/src/xreqlib/x86_64/xreqlib-cli.adb:170:43\n32 bytes (static)\n0 dynamic objects" }
edge: { sourcename: "/home/sogilis/XReq-Enhanced/src/xreqlib/x86_64/xreqlib-cli.adb:xreqlib__cli__parse_arguments__getopt_loop__B97b___finalizer.5569" targetname: "system__secondary_stack__ss_release" label: "/home/sogilis/XReq-Enhanced/src/xreqlib/x86_64/xreqlib-cli.adb:170:43" }
node: { title: "/home/sogilis/XReq-Enhanced/src/xreqlib/x86_64/xreqlib-cli.adb:xreqlib__cli__parse_arguments__getopt_loop__B93b___finalizer.5563" label: "B93b\n/home/sogilis/XReq-Enhanced/src/xreqlib/x86_64/xreqlib-cli.adb:167:37\n32 bytes (static)\n0 dynamic objects" }
edge: { sourcename: "/home/sogilis/XReq-Enhanced/src/xreqlib/x86_64/xreqlib-cli.adb:xreqlib__cli__parse_arguments__getopt_loop__B93b___finalizer.5563" targetname: "system__secondary_stack__ss_release" label: "/home/sogilis/XReq-Enhanced/src/xreqlib/x86_64/xreqlib-cli.adb:167:37" }
node: { title: "/home/sogilis/XReq-Enhanced/src/xreqlib/x86_64/xreqlib-cli.adb:xreqlib__cli__parse_arguments__getopt_loop__B88b___finalizer.5555" label: "B88b\n/home/sogilis/XReq-Enhanced/src/xreqlib/x86_64/xreqlib-cli.adb:162:43\n32 bytes (static)\n0 dynamic objects" }
edge: { sourcename: "/home/sogilis/XReq-Enhanced/src/xreqlib/x86_64/xreqlib-cli.adb:xreqlib__cli__parse_arguments__getopt_loop__B88b___finalizer.5555" targetname: "system__secondary_stack__ss_release" label: "/home/sogilis/XReq-Enhanced/src/xreqlib/x86_64/xreqlib-cli.adb:162:43" }
node: { title: "/home/sogilis/XReq-Enhanced/src/xreqlib/x86_64/xreqlib-cli.adb:xreqlib__cli__parse_arguments__getopt_loop__B82b___finalizer.5542" label: "B82b\n/home/sogilis/XReq-Enhanced/src/xreqlib/x86_64/xreqlib-cli.adb:155:42\n32 bytes (static)\n0 dynamic objects" }
edge: { sourcename: "/home/sogilis/XReq-Enhanced/src/xreqlib/x86_64/xreqlib-cli.adb:xreqlib__cli__parse_arguments__getopt_loop__B82b___finalizer.5542" targetname: "system__secondary_stack__ss_release" label: "/home/sogilis/XReq-Enhanced/src/xreqlib/x86_64/xreqlib-cli.adb:155:42" }
node: { title: "/home/sogilis/XReq-Enhanced/src/xreqlib/x86_64/xreqlib-cli.adb:xreqlib__cli__parse_arguments__P76b.5453" label: "P76b\n/home/sogilis/XReq-Enhanced/src/xreqlib/x86_64/xreqlib-cli.adb:149:23\n64 bytes (static)\n0 dynamic objects" }
edge: { sourcename: "/home/sogilis/XReq-Enhanced/src/xreqlib/x86_64/xreqlib-cli.adb:xreqlib__cli__parse_arguments__P76b.5453" targetname: "system__storage_pools__subpools__allocate_any_controlled" label: "/home/sogilis/XReq-Enhanced/src/xreqlib/x86_64/xreqlib-cli.adb:149:23" }
node: { title: "/home/sogilis/XReq-Enhanced/src/xreqlib/x86_64/xreqlib-cli.adb:xreqlib__cli__parse_arguments__F69b.5429" label: "F69b\n/home/sogilis/XReq-Enhanced/src/xreqlib/x86_64/xreqlib-cli.adb:147:23\n80 bytes (static)\n0 dynamic objects" }
edge: { sourcename: "/home/sogilis/XReq-Enhanced/src/xreqlib/x86_64/xreqlib-cli.adb:xreqlib__cli__parse_arguments__F69b.5429" targetname: "_Unwind_Resume" }
edge: { sourcename: "/home/sogilis/XReq-Enhanced/src/xreqlib/x86_64/xreqlib-cli.adb:xreqlib__cli__parse_arguments__F69b.5429" targetname: "/home/sogilis/XReq-Enhanced/src/xreqlib/x86_64/xreqlib-cli.adb:xreqlib__cli__parse_arguments__F69b___finalizer.5431" label: "/home/sogilis/XReq-Enhanced/src/xreqlib/x86_64/xreqlib-cli.adb:147:0" }
edge: { sourcename: "/home/sogilis/XReq-Enhanced/src/xreqlib/x86_64/xreqlib-cli.adb:xreqlib__cli__parse_arguments__F69b.5429" targetname: "__indirect_call" label: "/home/sogilis/XReq-Enhanced/src/xreqlib/x86_64/xreqlib-cli.adb:147:23" }
edge: { sourcename: "/home/sogilis/XReq-Enhanced/src/xreqlib/x86_64/xreqlib-cli.adb:xreqlib__cli__parse_arguments__F69b.5429" targetname: "__indirect_call" label: "/home/sogilis/XReq-Enhanced/src/xreqlib/x86_64/xreqlib-cli.adb:147:23" }
node: { title: "/home/sogilis/XReq-Enhanced/src/xreqlib/x86_64/xreqlib-cli.adb:xreqlib__cli__parse_arguments__F69b___finalizer.5431" label: "F69b\n/home/sogilis/XReq-Enhanced/src/xreqlib/x86_64/xreqlib-cli.adb:147:23\n32 bytes (static)\n0 dynamic objects" }
edge: { sourcename: "/home/sogilis/XReq-Enhanced/src/xreqlib/x86_64/xreqlib-cli.adb:xreqlib__cli__parse_arguments__F69b___finalizer.5431" targetname: "__indirect_call" label: "/home/sogilis/XReq-Enhanced/src/xreqlib/x86_64/xreqlib-cli.adb:147:23" }
edge: { sourcename: "/home/sogilis/XReq-Enhanced/src/xreqlib/x86_64/xreqlib-cli.adb:xreqlib__cli__parse_arguments__F69b___finalizer.5431" targetname: "__indirect_call" label: "/home/sogilis/XReq-Enhanced/src/xreqlib/x86_64/xreqlib-cli.adb:147:23" }
edge: { sourcename: "/home/sogilis/XReq-Enhanced/src/xreqlib/x86_64/xreqlib-cli.adb:xreqlib__cli__parse_arguments__F69b___finalizer.5431" targetname: "__indirect_call" label: "/home/sogilis/XReq-Enhanced/src/xreqlib/x86_64/xreqlib-cli.adb:147:23" }
node: { title: "xreqlib__cli__parse_arguments" label: "Parse_Arguments\n/home/sogilis/XReq-Enhanced/src/xreqlib/x86_64/xreqlib-cli.adb:117:4\n2640 bytes (dynamic)\n3 dynamic objects\n S149b /home/sogilis/XReq-Enhanced/src/xreqlib/x86_64/xreqlib-cli.adb:200:41\n S281b /home/sogilis/XReq-Enhanced/src/xreqlib/x86_64/xreqlib-cli.adb:266:17\n S291b /home/sogilis/XReq-Enhanced/src/xreqlib/x86_64/xreqlib-cli.adb:278:46" }
edge: { sourcename: "xreqlib__cli__parse_arguments" targetname: "_Unwind_Resume" }
edge: { sourcename: "xreqlib__cli__parse_arguments" targetname: "__gnat_end_handler" label: "/home/sogilis/XReq-Enhanced/src/xreqlib/x86_64/xreqlib-cli.adb:287:0" }
edge: { sourcename: "xreqlib__cli__parse_arguments" targetname: "ada__exceptions__reraise_occurrence" label: "/home/sogilis/XReq-Enhanced/src/xreqlib/x86_64/xreqlib-cli.adb:295:10" }
edge: { sourcename: "xreqlib__cli__parse_arguments" targetname: "xreqlib__format__free" label: "/home/sogilis/XReq-Enhanced/src/xreqlib/x86_64/xreqlib-cli.adb:294:10" }
edge: { sourcename: "xreqlib__cli__parse_arguments" targetname: "gnat__command_line__free" label: "/home/sogilis/XReq-Enhanced/src/xreqlib/x86_64/xreqlib-cli.adb:293:10" }
edge: { sourcename: "xreqlib__cli__parse_arguments" targetname: "system__standard_library__abort_undefer_direct" label: "/home/sogilis/XReq-Enhanced/src/xreqlib/x86_64/xreqlib-cli.adb:292:0" }
edge: { sourcename: "xreqlib__cli__parse_arguments" targetname: "xreqlib__format___assign" label: "/home/sogilis/XReq-Enhanced/src/xreqlib/x86_64/xreqlib-cli.adb:292:20" }
edge: { sourcename: "xreqlib__cli__parse_arguments" targetname: "__indirect_call" label: "/home/sogilis/XReq-Enhanced/src/xreqlib/x86_64/xreqlib-cli.adb:292:20" }
edge: { sourcename: "xreqlib__cli__parse_arguments" targetname: "__gnat_set_exception_parameter" }
edge: { sourcename: "xreqlib__cli__parse_arguments" targetname: "__gnat_begin_handler" label: "/home/sogilis/XReq-Enhanced/src/xreqlib/x86_64/xreqlib-cli.adb:287:7" }
edge: { sourcename: "xreqlib__cli__parse_arguments" targetname: "__gnat_end_handler" label: "/home/sogilis/XReq-Enhanced/src/xreqlib/x86_64/xreqlib-cli.adb:275:0" }
edge: { sourcename: "xreqlib__cli__parse_arguments" targetname: "system__standard_library__abort_undefer_direct" label: "/home/sogilis/XReq-Enhanced/src/xreqlib/x86_64/xreqlib-cli.adb:285:0" }
edge: { sourcename: "xreqlib__cli__parse_arguments" targetname: "xreqlib__format___assign" label: "/home/sogilis/XReq-Enhanced/src/xreqlib/x86_64/xreqlib-cli.adb:285:20" }
edge: { sourcename: "xreqlib__cli__parse_arguments" targetname: "__indirect_call" label: "/home/sogilis/XReq-Enhanced/src/xreqlib/x86_64/xreqlib-cli.adb:285:20" }
edge: { sourcename: "xreqlib__cli__parse_arguments" targetname: "xreqlib__cli__help" label: "/home/sogilis/XReq-Enhanced/src/xreqlib/x86_64/xreqlib-cli.adb:281:10" }
edge: { sourcename: "xreqlib__cli__parse_arguments" targetname: "xreqlib__format__free" label: "/home/sogilis/XReq-Enhanced/src/xreqlib/x86_64/xreqlib-cli.adb:280:10" }
edge: { sourcename: "xreqlib__cli__parse_arguments" targetname: "gnat__command_line__free" label: "/home/sogilis/XReq-Enhanced/src/xreqlib/x86_64/xreqlib-cli.adb:279:10" }
edge: { sourcename: "xreqlib__cli__parse_arguments" targetname: "/home/sogilis/XReq-Enhanced/src/xreqlib/x86_64/xreqlib-cli.adb:xreqlib__cli__parse_arguments__B284b___finalizer.6155" label: "/home/sogilis/XReq-Enhanced/src/xreqlib/x86_64/xreqlib-cli.adb:276:0" }
edge: { sourcename: "xreqlib__cli__parse_arguments" targetname: "ada__text_io__put_line" label: "/home/sogilis/XReq-Enhanced/src/xreqlib/x86_64/xreqlib-cli.adb:276:10" }
edge: { sourcename: "xreqlib__cli__parse_arguments" targetname: "ada__text_io__current_error" label: "/home/sogilis/XReq-Enhanced/src/xreqlib/x86_64/xreqlib-cli.adb:277:13" }
edge: { sourcename: "xreqlib__cli__parse_arguments" targetname: "system__concat_2__str_concat_2" label: "/home/sogilis/XReq-Enhanced/src/xreqlib/x86_64/xreqlib-cli.adb:278:46" }
edge: { sourcename: "xreqlib__cli__parse_arguments" targetname: "gnat__command_line__full_switch" label: "/home/sogilis/XReq-Enhanced/src/xreqlib/x86_64/xreqlib-cli.adb:278:48" }
edge: { sourcename: "xreqlib__cli__parse_arguments" targetname: "system__secondary_stack__ss_mark" label: "/home/sogilis/XReq-Enhanced/src/xreqlib/x86_64/xreqlib-cli.adb:276:10" }
edge: { sourcename: "xreqlib__cli__parse_arguments" targetname: "__gnat_begin_handler" label: "/home/sogilis/XReq-Enhanced/src/xreqlib/x86_64/xreqlib-cli.adb:275:7" }
edge: { sourcename: "xreqlib__cli__parse_arguments" targetname: "__gnat_end_handler" label: "/home/sogilis/XReq-Enhanced/src/xreqlib/x86_64/xreqlib-cli.adb:261:0" }
edge: { sourcename: "xreqlib__cli__parse_arguments" targetname: "system__standard_library__abort_undefer_direct" label: "/home/sogilis/XReq-Enhanced/src/xreqlib/x86_64/xreqlib-cli.adb:274:0" }
edge: { sourcename: "xreqlib__cli__parse_arguments" targetname: "xreqlib__format___assign" label: "/home/sogilis/XReq-Enhanced/src/xreqlib/x86_64/xreqlib-cli.adb:274:20" }
edge: { sourcename: "xreqlib__cli__parse_arguments" targetname: "__indirect_call" label: "/home/sogilis/XReq-Enhanced/src/xreqlib/x86_64/xreqlib-cli.adb:274:20" }
edge: { sourcename: "xreqlib__cli__parse_arguments" targetname: "xreqlib__cli__help" label: "/home/sogilis/XReq-Enhanced/src/xreqlib/x86_64/xreqlib-cli.adb:270:10" }
edge: { sourcename: "xreqlib__cli__parse_arguments" targetname: "xreqlib__format__free" label: "/home/sogilis/XReq-Enhanced/src/xreqlib/x86_64/xreqlib-cli.adb:269:10" }
edge: { sourcename: "xreqlib__cli__parse_arguments" targetname: "gnat__command_line__free" label: "/home/sogilis/XReq-Enhanced/src/xreqlib/x86_64/xreqlib-cli.adb:268:10" }
edge: { sourcename: "xreqlib__cli__parse_arguments" targetname: "/home/sogilis/XReq-Enhanced/src/xreqlib/x86_64/xreqlib-cli.adb:xreqlib__cli__parse_arguments__B267b___finalizer.6121" label: "/home/sogilis/XReq-Enhanced/src/xreqlib/x86_64/xreqlib-cli.adb:262:0" }
edge: { sourcename: "xreqlib__cli__parse_arguments" targetname: "ada__text_io__put_line" label: "/home/sogilis/XReq-Enhanced/src/xreqlib/x86_64/xreqlib-cli.adb:262:10" }
edge: { sourcename: "xreqlib__cli__parse_arguments" targetname: "ada__text_io__current_error" label: "/home/sogilis/XReq-Enhanced/src/xreqlib/x86_64/xreqlib-cli.adb:263:13" }
edge: { sourcename: "xreqlib__cli__parse_arguments" targetname: "system__concat_4__str_concat_4" label: "/home/sogilis/XReq-Enhanced/src/xreqlib/x86_64/xreqlib-cli.adb:266:17" }
edge: { sourcename: "xreqlib__cli__parse_arguments" targetname: "gnat__command_line__parameter" label: "/home/sogilis/XReq-Enhanced/src/xreqlib/x86_64/xreqlib-cli.adb:267:13" }
edge: { sourcename: "xreqlib__cli__parse_arguments" targetname: "gnat__command_line__full_switch" label: "/home/sogilis/XReq-Enhanced/src/xreqlib/x86_64/xreqlib-cli.adb:265:13" }
edge: { sourcename: "xreqlib__cli__parse_arguments" targetname: "system__secondary_stack__ss_mark" label: "/home/sogilis/XReq-Enhanced/src/xreqlib/x86_64/xreqlib-cli.adb:262:10" }
edge: { sourcename: "xreqlib__cli__parse_arguments" targetname: "__gnat_begin_handler" label: "/home/sogilis/XReq-Enhanced/src/xreqlib/x86_64/xreqlib-cli.adb:261:7" }
edge: { sourcename: "xreqlib__cli__parse_arguments" targetname: "__gnat_end_handler" label: "/home/sogilis/XReq-Enhanced/src/xreqlib/x86_64/xreqlib-cli.adb:240:0" }
edge: { sourcename: "xreqlib__cli__parse_arguments" targetname: "ada__exceptions__save_occurrence" label: "/home/sogilis/XReq-Enhanced/src/xreqlib/x86_64/xreqlib-cli.adb:240:17" }
edge: { sourcename: "xreqlib__cli__parse_arguments" targetname: "__indirect_call" label: "/home/sogilis/XReq-Enhanced/src/xreqlib/x86_64/xreqlib-cli.adb:240:17" }
edge: { sourcename: "xreqlib__cli__parse_arguments" targetname: "__gnat_begin_handler" label: "/home/sogilis/XReq-Enhanced/src/xreqlib/x86_64/xreqlib-cli.adb:240:17" }
edge: { sourcename: "xreqlib__cli__parse_arguments" targetname: "__gnat_end_handler" label: "/home/sogilis/XReq-Enhanced/src/xreqlib/x86_64/xreqlib-cli.adb:237:0" }
edge: { sourcename: "xreqlib__cli__parse_arguments" targetname: "ada__exceptions__save_occurrence" label: "/home/sogilis/XReq-Enhanced/src/xreqlib/x86_64/xreqlib-cli.adb:237:14" }
edge: { sourcename: "xreqlib__cli__parse_arguments" targetname: "__indirect_call" label: "/home/sogilis/XReq-Enhanced/src/xreqlib/x86_64/xreqlib-cli.adb:237:14" }
edge: { sourcename: "xreqlib__cli__parse_arguments" targetname: "__gnat_begin_handler" label: "/home/sogilis/XReq-Enhanced/src/xreqlib/x86_64/xreqlib-cli.adb:237:14" }
edge: { sourcename: "xreqlib__cli__parse_arguments" targetname: "__gnat_end_handler" label: "/home/sogilis/XReq-Enhanced/src/xreqlib/x86_64/xreqlib-cli.adb:222:0" }
edge: { sourcename: "xreqlib__cli__parse_arguments" targetname: "ada__exceptions__save_occurrence" label: "/home/sogilis/XReq-Enhanced/src/xreqlib/x86_64/xreqlib-cli.adb:222:49" }
edge: { sourcename: "xreqlib__cli__parse_arguments" targetname: "__indirect_call" label: "/home/sogilis/XReq-Enhanced/src/xreqlib/x86_64/xreqlib-cli.adb:222:49" }
edge: { sourcename: "xreqlib__cli__parse_arguments" targetname: "__gnat_begin_handler" label: "/home/sogilis/XReq-Enhanced/src/xreqlib/x86_64/xreqlib-cli.adb:222:49" }
edge: { sourcename: "xreqlib__cli__parse_arguments" targetname: "__gnat_end_handler" label: "/home/sogilis/XReq-Enhanced/src/xreqlib/x86_64/xreqlib-cli.adb:216:0" }
edge: { sourcename: "xreqlib__cli__parse_arguments" targetname: "ada__exceptions__save_occurrence" label: "/home/sogilis/XReq-Enhanced/src/xreqlib/x86_64/xreqlib-cli.adb:216:26" }
edge: { sourcename: "xreqlib__cli__parse_arguments" targetname: "__indirect_call" label: "/home/sogilis/XReq-Enhanced/src/xreqlib/x86_64/xreqlib-cli.adb:216:26" }
edge: { sourcename: "xreqlib__cli__parse_arguments" targetname: "__gnat_begin_handler" label: "/home/sogilis/XReq-Enhanced/src/xreqlib/x86_64/xreqlib-cli.adb:216:26" }
edge: { sourcename: "xreqlib__cli__parse_arguments" targetname: "__gnat_end_handler" label: "/home/sogilis/XReq-Enhanced/src/xreqlib/x86_64/xreqlib-cli.adb:173:0" }
edge: { sourcename: "xreqlib__cli__parse_arguments" targetname: "ada__exceptions__save_occurrence" label: "/home/sogilis/XReq-Enhanced/src/xreqlib/x86_64/xreqlib-cli.adb:173:21" }
edge: { sourcename: "xreqlib__cli__parse_arguments" targetname: "__indirect_call" label: "/home/sogilis/XReq-Enhanced/src/xreqlib/x86_64/xreqlib-cli.adb:173:21" }
edge: { sourcename: "xreqlib__cli__parse_arguments" targetname: "__gnat_begin_handler" label: "/home/sogilis/XReq-Enhanced/src/xreqlib/x86_64/xreqlib-cli.adb:173:21" }
edge: { sourcename: "xreqlib__cli__parse_arguments" targetname: "/home/sogilis/XReq-Enhanced/src/xreqlib/x86_64/xreqlib-cli.adb:xreqlib__cli__parse_arguments___finalizer.4976" label: "/home/sogilis/XReq-Enhanced/src/xreqlib/x86_64/xreqlib-cli.adb:297:0" }
edge: { sourcename: "xreqlib__cli__parse_arguments" targetname: "xreqlib__format__free" label: "/home/sogilis/XReq-Enhanced/src/xreqlib/x86_64/xreqlib-cli.adb:258:10" }
edge: { sourcename: "xreqlib__cli__parse_arguments" targetname: "__indirect_call" label: "/home/sogilis/XReq-Enhanced/src/xreqlib/x86_64/xreqlib-cli.adb:256:16" }
edge: { sourcename: "xreqlib__cli__parse_arguments" targetname: "__gnat_rcheck_CE_Access_Check_ext" label: "/home/sogilis/XReq-Enhanced/src/xreqlib/x86_64/xreqlib-cli.adb:256:10" }
edge: { sourcename: "xreqlib__cli__parse_arguments" targetname: "/home/sogilis/XReq-Enhanced/src/xreqlib/x86_64/xreqlib-cli.adb:xreqlib__cli__parse_arguments__B261b___finalizer.6105" label: "/home/sogilis/XReq-Enhanced/src/xreqlib/x86_64/xreqlib-cli.adb:253:0" }
edge: { sourcename: "xreqlib__cli__parse_arguments" targetname: "__indirect_call" label: "/home/sogilis/XReq-Enhanced/src/xreqlib/x86_64/xreqlib-cli.adb:253:27" }
edge: { sourcename: "xreqlib__cli__parse_arguments" targetname: "ada__strings__unbounded__to_string" label: "/home/sogilis/XReq-Enhanced/src/xreqlib/x86_64/xreqlib-cli.adb:253:40" }
edge: { sourcename: "xreqlib__cli__parse_arguments" targetname: "system__secondary_stack__ss_mark" label: "/home/sogilis/XReq-Enhanced/src/xreqlib/x86_64/xreqlib-cli.adb:253:27" }
edge: { sourcename: "xreqlib__cli__parse_arguments" targetname: "__gnat_rcheck_CE_Access_Check_ext" label: "/home/sogilis/XReq-Enhanced/src/xreqlib/x86_64/xreqlib-cli.adb:253:16" }
edge: { sourcename: "xreqlib__cli__parse_arguments" targetname: "ada__strings__unbounded__Oeq" label: "/home/sogilis/XReq-Enhanced/src/xreqlib/x86_64/xreqlib-cli.adb:252:23" }
edge: { sourcename: "xreqlib__cli__parse_arguments" targetname: "__indirect_call" label: "/home/sogilis/XReq-Enhanced/src/xreqlib/x86_64/xreqlib-cli.adb:251:25" }
edge: { sourcename: "xreqlib__cli__parse_arguments" targetname: "__gnat_rcheck_CE_Access_Check_ext" label: "/home/sogilis/XReq-Enhanced/src/xreqlib/x86_64/xreqlib-cli.adb:251:13" }
edge: { sourcename: "xreqlib__cli__parse_arguments" targetname: "xreqlib__format__text__new_and_initialize" label: "/home/sogilis/XReq-Enhanced/src/xreqlib/x86_64/xreqlib-cli.adb:249:37" }
edge: { sourcename: "xreqlib__cli__parse_arguments" targetname: "/home/sogilis/XReq-Enhanced/src/xreqlib/x86_64/xreqlib-cli.adb:xreqlib__cli__parse_arguments__F256b.6096" label: "/home/sogilis/XReq-Enhanced/src/xreqlib/x86_64/xreqlib-cli.adb:250:31" }
edge: { sourcename: "xreqlib__cli__parse_arguments" targetname: "gnat__command_line__free" label: "/home/sogilis/XReq-Enhanced/src/xreqlib/x86_64/xreqlib-cli.adb:243:7" }
edge: { sourcename: "xreqlib__cli__parse_arguments" targetname: "/home/sogilis/XReq-Enhanced/src/xreqlib/x86_64/xreqlib-cli.adb:xreqlib__cli__parse_arguments__L_3__B236b___finalizer.6073" label: "/home/sogilis/XReq-Enhanced/src/xreqlib/x86_64/xreqlib-cli.adb:240:0" }
edge: { sourcename: "xreqlib__cli__parse_arguments" targetname: "__gnat_raise_from_controlled_operation" label: "/home/sogilis/XReq-Enhanced/src/xreqlib/x86_64/xreqlib-cli.adb:240:17" }
edge: { sourcename: "xreqlib__cli__parse_arguments" targetname: "__indirect_call" label: "/home/sogilis/XReq-Enhanced/src/xreqlib/x86_64/xreqlib-cli.adb:240:17" }
edge: { sourcename: "xreqlib__cli__parse_arguments" targetname: "ada__strings__unbounded__finalize__2" label: "/home/sogilis/XReq-Enhanced/src/xreqlib/x86_64/xreqlib-cli.adb:240:17" }
edge: { sourcename: "xreqlib__cli__parse_arguments" targetname: "__indirect_call" label: "/home/sogilis/XReq-Enhanced/src/xreqlib/x86_64/xreqlib-cli.adb:240:17" }
edge: { sourcename: "xreqlib__cli__parse_arguments" targetname: "ada__exceptions__triggered_by_abort" label: "/home/sogilis/XReq-Enhanced/src/xreqlib/x86_64/xreqlib-cli.adb:240:17" }
edge: { sourcename: "xreqlib__cli__parse_arguments" targetname: "system__standard_library__abort_undefer_direct" label: "/home/sogilis/XReq-Enhanced/src/xreqlib/x86_64/xreqlib-cli.adb:240:0" }
edge: { sourcename: "xreqlib__cli__parse_arguments" targetname: "ada__strings__unbounded___assign__2" label: "/home/sogilis/XReq-Enhanced/src/xreqlib/x86_64/xreqlib-cli.adb:240:14" }
edge: { sourcename: "xreqlib__cli__parse_arguments" targetname: "__indirect_call" label: "/home/sogilis/XReq-Enhanced/src/xreqlib/x86_64/xreqlib-cli.adb:240:14" }
edge: { sourcename: "xreqlib__cli__parse_arguments" targetname: "ada__strings__unbounded__to_unbounded_string" label: "/home/sogilis/XReq-Enhanced/src/xreqlib/x86_64/xreqlib-cli.adb:240:17" }
edge: { sourcename: "xreqlib__cli__parse_arguments" targetname: "gnat__command_line__get_argument" label: "/home/sogilis/XReq-Enhanced/src/xreqlib/x86_64/xreqlib-cli.adb:240:38" }
edge: { sourcename: "xreqlib__cli__parse_arguments" targetname: "system__secondary_stack__ss_mark" label: "/home/sogilis/XReq-Enhanced/src/xreqlib/x86_64/xreqlib-cli.adb:240:14" }
edge: { sourcename: "xreqlib__cli__parse_arguments" targetname: "xreqlib__containers__string_vectors__append__2" label: "/home/sogilis/XReq-Enhanced/src/xreqlib/x86_64/xreqlib-cli.adb:239:10" }
edge: { sourcename: "xreqlib__cli__parse_arguments" targetname: "ada__strings__unbounded__length" label: "/home/sogilis/XReq-Enhanced/src/xreqlib/x86_64/xreqlib-cli.adb:238:13" }
edge: { sourcename: "xreqlib__cli__parse_arguments" targetname: "/home/sogilis/XReq-Enhanced/src/xreqlib/x86_64/xreqlib-cli.adb:xreqlib__cli__parse_arguments__B217b___finalizer.6037" label: "/home/sogilis/XReq-Enhanced/src/xreqlib/x86_64/xreqlib-cli.adb:237:0" }
edge: { sourcename: "xreqlib__cli__parse_arguments" targetname: "__gnat_raise_from_controlled_operation" label: "/home/sogilis/XReq-Enhanced/src/xreqlib/x86_64/xreqlib-cli.adb:237:14" }
edge: { sourcename: "xreqlib__cli__parse_arguments" targetname: "__indirect_call" label: "/home/sogilis/XReq-Enhanced/src/xreqlib/x86_64/xreqlib-cli.adb:237:14" }
edge: { sourcename: "xreqlib__cli__parse_arguments" targetname: "ada__strings__unbounded__finalize__2" label: "/home/sogilis/XReq-Enhanced/src/xreqlib/x86_64/xreqlib-cli.adb:237:14" }
edge: { sourcename: "xreqlib__cli__parse_arguments" targetname: "__indirect_call" label: "/home/sogilis/XReq-Enhanced/src/xreqlib/x86_64/xreqlib-cli.adb:237:14" }
edge: { sourcename: "xreqlib__cli__parse_arguments" targetname: "ada__exceptions__triggered_by_abort" label: "/home/sogilis/XReq-Enhanced/src/xreqlib/x86_64/xreqlib-cli.adb:237:14" }
edge: { sourcename: "xreqlib__cli__parse_arguments" targetname: "system__standard_library__abort_undefer_direct" label: "/home/sogilis/XReq-Enhanced/src/xreqlib/x86_64/xreqlib-cli.adb:237:0" }
edge: { sourcename: "xreqlib__cli__parse_arguments" targetname: "ada__strings__unbounded___assign__2" label: "/home/sogilis/XReq-Enhanced/src/xreqlib/x86_64/xreqlib-cli.adb:237:11" }
edge: { sourcename: "xreqlib__cli__parse_arguments" targetname: "__indirect_call" label: "/home/sogilis/XReq-Enhanced/src/xreqlib/x86_64/xreqlib-cli.adb:237:11" }
edge: { sourcename: "xreqlib__cli__parse_arguments" targetname: "ada__strings__unbounded__to_unbounded_string" label: "/home/sogilis/XReq-Enhanced/src/xreqlib/x86_64/xreqlib-cli.adb:237:14" }
edge: { sourcename: "xreqlib__cli__parse_arguments" targetname: "gnat__command_line__get_argument" label: "/home/sogilis/XReq-Enhanced/src/xreqlib/x86_64/xreqlib-cli.adb:237:35" }
edge: { sourcename: "xreqlib__cli__parse_arguments" targetname: "system__secondary_stack__ss_mark" label: "/home/sogilis/XReq-Enhanced/src/xreqlib/x86_64/xreqlib-cli.adb:237:11" }
edge: { sourcename: "xreqlib__cli__parse_arguments" targetname: "__gnat_raise_exception" label: "/home/sogilis/XReq-Enhanced/src/xreqlib/x86_64/xreqlib-cli.adb:231:13" }
edge: { sourcename: "xreqlib__cli__parse_arguments" targetname: "/home/sogilis/XReq-Enhanced/src/xreqlib/x86_64/xreqlib-cli.adb:xreqlib__cli__parse_arguments__getopt_loop__B211b___finalizer.6021" label: "/home/sogilis/XReq-Enhanced/src/xreqlib/x86_64/xreqlib-cli.adb:227:0" }
edge: { sourcename: "xreqlib__cli__parse_arguments" targetname: "memcmp" label: "/home/sogilis/XReq-Enhanced/src/xreqlib/x86_64/xreqlib-cli.adb:227:37" }
edge: { sourcename: "xreqlib__cli__parse_arguments" targetname: "gnat__command_line__full_switch" label: "/home/sogilis/XReq-Enhanced/src/xreqlib/x86_64/xreqlib-cli.adb:227:16" }
edge: { sourcename: "xreqlib__cli__parse_arguments" targetname: "system__secondary_stack__ss_mark" label: "/home/sogilis/XReq-Enhanced/src/xreqlib/x86_64/xreqlib-cli.adb:227:37" }
edge: { sourcename: "xreqlib__cli__parse_arguments" targetname: "/home/sogilis/XReq-Enhanced/src/xreqlib/x86_64/xreqlib-cli.adb:xreqlib__cli__parse_arguments__getopt_loop__B207b___finalizer.6014" label: "/home/sogilis/XReq-Enhanced/src/xreqlib/x86_64/xreqlib-cli.adb:224:0" }
edge: { sourcename: "xreqlib__cli__parse_arguments" targetname: "memcmp" label: "/home/sogilis/XReq-Enhanced/src/xreqlib/x86_64/xreqlib-cli.adb:224:37" }
edge: { sourcename: "xreqlib__cli__parse_arguments" targetname: "gnat__command_line__full_switch" label: "/home/sogilis/XReq-Enhanced/src/xreqlib/x86_64/xreqlib-cli.adb:224:16" }
edge: { sourcename: "xreqlib__cli__parse_arguments" targetname: "system__secondary_stack__ss_mark" label: "/home/sogilis/XReq-Enhanced/src/xreqlib/x86_64/xreqlib-cli.adb:224:37" }
edge: { sourcename: "xreqlib__cli__parse_arguments" targetname: "/home/sogilis/XReq-Enhanced/src/xreqlib/x86_64/xreqlib-cli.adb:xreqlib__cli__parse_arguments__getopt_loop__B189b___finalizer.5991" label: "/home/sogilis/XReq-Enhanced/src/xreqlib/x86_64/xreqlib-cli.adb:222:0" }
edge: { sourcename: "xreqlib__cli__parse_arguments" targetname: "__gnat_raise_from_controlled_operation" label: "/home/sogilis/XReq-Enhanced/src/xreqlib/x86_64/xreqlib-cli.adb:222:49" }
edge: { sourcename: "xreqlib__cli__parse_arguments" targetname: "__indirect_call" label: "/home/sogilis/XReq-Enhanced/src/xreqlib/x86_64/xreqlib-cli.adb:222:49" }
edge: { sourcename: "xreqlib__cli__parse_arguments" targetname: "ada__strings__unbounded__finalize__2" label: "/home/sogilis/XReq-Enhanced/src/xreqlib/x86_64/xreqlib-cli.adb:222:49" }
edge: { sourcename: "xreqlib__cli__parse_arguments" targetname: "__indirect_call" label: "/home/sogilis/XReq-Enhanced/src/xreqlib/x86_64/xreqlib-cli.adb:222:49" }
edge: { sourcename: "xreqlib__cli__parse_arguments" targetname: "ada__exceptions__triggered_by_abort" label: "/home/sogilis/XReq-Enhanced/src/xreqlib/x86_64/xreqlib-cli.adb:222:49" }
edge: { sourcename: "xreqlib__cli__parse_arguments" targetname: "system__val_int__value_integer" label: "/home/sogilis/XReq-Enhanced/src/xreqlib/x86_64/xreqlib-cli.adb:222:30" }
edge: { sourcename: "xreqlib__cli__parse_arguments" targetname: "ada__strings__unbounded__to_string" label: "/home/sogilis/XReq-Enhanced/src/xreqlib/x86_64/xreqlib-cli.adb:222:38" }
edge: { sourcename: "xreqlib__cli__parse_arguments" targetname: "ada__strings__unbounded__to_unbounded_string" label: "/home/sogilis/XReq-Enhanced/src/xreqlib/x86_64/xreqlib-cli.adb:222:49" }
edge: { sourcename: "xreqlib__cli__parse_arguments" targetname: "gnat__command_line__parameter" label: "/home/sogilis/XReq-Enhanced/src/xreqlib/x86_64/xreqlib-cli.adb:222:70" }
edge: { sourcename: "xreqlib__cli__parse_arguments" targetname: "system__secondary_stack__ss_mark" label: "/home/sogilis/XReq-Enhanced/src/xreqlib/x86_64/xreqlib-cli.adb:222:20" }
edge: { sourcename: "xreqlib__cli__parse_arguments" targetname: "/home/sogilis/XReq-Enhanced/src/xreqlib/x86_64/xreqlib-cli.adb:xreqlib__cli__parse_arguments__getopt_loop__B184b___finalizer.5982" label: "/home/sogilis/XReq-Enhanced/src/xreqlib/x86_64/xreqlib-cli.adb:219:0" }
edge: { sourcename: "xreqlib__cli__parse_arguments" targetname: "memcmp" label: "/home/sogilis/XReq-Enhanced/src/xreqlib/x86_64/xreqlib-cli.adb:220:33" }
edge: { sourcename: "xreqlib__cli__parse_arguments" targetname: "gnat__command_line__full_switch" label: "/home/sogilis/XReq-Enhanced/src/xreqlib/x86_64/xreqlib-cli.adb:220:12" }
edge: { sourcename: "xreqlib__cli__parse_arguments" targetname: "gnat__command_line__full_switch" label: "/home/sogilis/XReq-Enhanced/src/xreqlib/x86_64/xreqlib-cli.adb:219:16" }
edge: { sourcename: "xreqlib__cli__parse_arguments" targetname: "system__secondary_stack__ss_mark" label: "/home/sogilis/XReq-Enhanced/src/xreqlib/x86_64/xreqlib-cli.adb:219:43" }
edge: { sourcename: "xreqlib__cli__parse_arguments" targetname: "/home/sogilis/XReq-Enhanced/src/xreqlib/x86_64/xreqlib-cli.adb:xreqlib__cli__parse_arguments__getopt_loop__B165b___finalizer.5955" label: "/home/sogilis/XReq-Enhanced/src/xreqlib/x86_64/xreqlib-cli.adb:216:0" }
edge: { sourcename: "xreqlib__cli__parse_arguments" targetname: "__gnat_raise_from_controlled_operation" label: "/home/sogilis/XReq-Enhanced/src/xreqlib/x86_64/xreqlib-cli.adb:216:26" }
edge: { sourcename: "xreqlib__cli__parse_arguments" targetname: "__indirect_call" label: "/home/sogilis/XReq-Enhanced/src/xreqlib/x86_64/xreqlib-cli.adb:216:26" }
edge: { sourcename: "xreqlib__cli__parse_arguments" targetname: "ada__strings__unbounded__finalize__2" label: "/home/sogilis/XReq-Enhanced/src/xreqlib/x86_64/xreqlib-cli.adb:216:26" }
edge: { sourcename: "xreqlib__cli__parse_arguments" targetname: "__indirect_call" label: "/home/sogilis/XReq-Enhanced/src/xreqlib/x86_64/xreqlib-cli.adb:216:26" }
edge: { sourcename: "xreqlib__cli__parse_arguments" targetname: "ada__exceptions__triggered_by_abort" label: "/home/sogilis/XReq-Enhanced/src/xreqlib/x86_64/xreqlib-cli.adb:216:26" }
edge: { sourcename: "xreqlib__cli__parse_arguments" targetname: "system__standard_library__abort_undefer_direct" label: "/home/sogilis/XReq-Enhanced/src/xreqlib/x86_64/xreqlib-cli.adb:216:0" }
edge: { sourcename: "xreqlib__cli__parse_arguments" targetname: "ada__strings__unbounded___assign__2" label: "/home/sogilis/XReq-Enhanced/src/xreqlib/x86_64/xreqlib-cli.adb:216:23" }
edge: { sourcename: "xreqlib__cli__parse_arguments" targetname: "__indirect_call" label: "/home/sogilis/XReq-Enhanced/src/xreqlib/x86_64/xreqlib-cli.adb:216:23" }
edge: { sourcename: "xreqlib__cli__parse_arguments" targetname: "ada__strings__unbounded__to_unbounded_string" label: "/home/sogilis/XReq-Enhanced/src/xreqlib/x86_64/xreqlib-cli.adb:216:26" }
edge: { sourcename: "xreqlib__cli__parse_arguments" targetname: "gnat__command_line__parameter" label: "/home/sogilis/XReq-Enhanced/src/xreqlib/x86_64/xreqlib-cli.adb:216:47" }
edge: { sourcename: "xreqlib__cli__parse_arguments" targetname: "system__secondary_stack__ss_mark" label: "/home/sogilis/XReq-Enhanced/src/xreqlib/x86_64/xreqlib-cli.adb:216:23" }
edge: { sourcename: "xreqlib__cli__parse_arguments" targetname: "/home/sogilis/XReq-Enhanced/src/xreqlib/x86_64/xreqlib-cli.adb:xreqlib__cli__parse_arguments__getopt_loop__B161b___finalizer.5946" label: "/home/sogilis/XReq-Enhanced/src/xreqlib/x86_64/xreqlib-cli.adb:214:0" }
edge: { sourcename: "xreqlib__cli__parse_arguments" targetname: "__indirect_call" label: "/home/sogilis/XReq-Enhanced/src/xreqlib/x86_64/xreqlib-cli.adb:214:27" }
edge: { sourcename: "xreqlib__cli__parse_arguments" targetname: "gnat__command_line__parameter" label: "/home/sogilis/XReq-Enhanced/src/xreqlib/x86_64/xreqlib-cli.adb:214:40" }
edge: { sourcename: "xreqlib__cli__parse_arguments" targetname: "system__secondary_stack__ss_mark" label: "/home/sogilis/XReq-Enhanced/src/xreqlib/x86_64/xreqlib-cli.adb:214:27" }
edge: { sourcename: "xreqlib__cli__parse_arguments" targetname: "/home/sogilis/XReq-Enhanced/src/xreqlib/x86_64/xreqlib-cli.adb:xreqlib__cli__parse_arguments__getopt_loop__B156b___finalizer.5939" label: "/home/sogilis/XReq-Enhanced/src/xreqlib/x86_64/xreqlib-cli.adb:210:0" }
edge: { sourcename: "xreqlib__cli__parse_arguments" targetname: "memcmp" label: "/home/sogilis/XReq-Enhanced/src/xreqlib/x86_64/xreqlib-cli.adb:211:33" }
edge: { sourcename: "xreqlib__cli__parse_arguments" targetname: "gnat__command_line__full_switch" label: "/home/sogilis/XReq-Enhanced/src/xreqlib/x86_64/xreqlib-cli.adb:211:12" }
edge: { sourcename: "xreqlib__cli__parse_arguments" targetname: "gnat__command_line__full_switch" label: "/home/sogilis/XReq-Enhanced/src/xreqlib/x86_64/xreqlib-cli.adb:210:16" }
edge: { sourcename: "xreqlib__cli__parse_arguments" targetname: "system__secondary_stack__ss_mark" label: "/home/sogilis/XReq-Enhanced/src/xreqlib/x86_64/xreqlib-cli.adb:210:43" }
edge: { sourcename: "xreqlib__cli__parse_arguments" targetname: "/home/sogilis/XReq-Enhanced/src/xreqlib/x86_64/xreqlib-cli.adb:xreqlib__cli__parse_arguments__B_2___finalizer.5615" label: "/home/sogilis/XReq-Enhanced/src/xreqlib/x86_64/xreqlib-cli.adb:208:0" }
edge: { sourcename: "xreqlib__cli__parse_arguments" targetname: "__indirect_call" label: "/home/sogilis/XReq-Enhanced/src/xreqlib/x86_64/xreqlib-cli.adb:205:23" }
edge: { sourcename: "xreqlib__cli__parse_arguments" targetname: "ada__strings__unbounded__to_string" label: "/home/sogilis/XReq-Enhanced/src/xreqlib/x86_64/xreqlib-cli.adb:205:36" }
edge: { sourcename: "xreqlib__cli__parse_arguments" targetname: "__gnat_rcheck_CE_Access_Check_ext" label: "/home/sogilis/XReq-Enhanced/src/xreqlib/x86_64/xreqlib-cli.adb:205:22" }
edge: { sourcename: "xreqlib__cli__parse_arguments" targetname: "ada__strings__unbounded__Oeq" label: "/home/sogilis/XReq-Enhanced/src/xreqlib/x86_64/xreqlib-cli.adb:204:29" }
edge: { sourcename: "xreqlib__cli__parse_arguments" targetname: "__indirect_call" label: "/home/sogilis/XReq-Enhanced/src/xreqlib/x86_64/xreqlib-cli.adb:203:31" }
edge: { sourcename: "xreqlib__cli__parse_arguments" targetname: "__gnat_rcheck_CE_Access_Check_ext" label: "/home/sogilis/XReq-Enhanced/src/xreqlib/x86_64/xreqlib-cli.adb:203:19" }
edge: { sourcename: "xreqlib__cli__parse_arguments" targetname: "ada__text_io__put_line" label: "/home/sogilis/XReq-Enhanced/src/xreqlib/x86_64/xreqlib-cli.adb:198:19" }
edge: { sourcename: "xreqlib__cli__parse_arguments" targetname: "ada__text_io__current_error" label: "/home/sogilis/XReq-Enhanced/src/xreqlib/x86_64/xreqlib-cli.adb:199:22" }
edge: { sourcename: "xreqlib__cli__parse_arguments" targetname: "system__concat_2__str_concat_2" label: "/home/sogilis/XReq-Enhanced/src/xreqlib/x86_64/xreqlib-cli.adb:200:41" }
edge: { sourcename: "xreqlib__cli__parse_arguments" targetname: "gnat__command_line__parameter" label: "/home/sogilis/XReq-Enhanced/src/xreqlib/x86_64/xreqlib-cli.adb:200:43" }
edge: { sourcename: "xreqlib__cli__parse_arguments" targetname: "xreqlib__format__html__new_and_initialize" label: "/home/sogilis/XReq-Enhanced/src/xreqlib/x86_64/xreqlib-cli.adb:191:43" }
edge: { sourcename: "xreqlib__cli__parse_arguments" targetname: "/home/sogilis/XReq-Enhanced/src/xreqlib/x86_64/xreqlib-cli.adb:xreqlib__cli__parse_arguments__B_2__F139b.5774" label: "/home/sogilis/XReq-Enhanced/src/xreqlib/x86_64/xreqlib-cli.adb:192:37" }
edge: { sourcename: "xreqlib__cli__parse_arguments" targetname: "xreqlib__format__text__new_and_initialize" label: "/home/sogilis/XReq-Enhanced/src/xreqlib/x86_64/xreqlib-cli.adb:186:43" }
edge: { sourcename: "xreqlib__cli__parse_arguments" targetname: "/home/sogilis/XReq-Enhanced/src/xreqlib/x86_64/xreqlib-cli.adb:xreqlib__cli__parse_arguments__B_2__F134b.5669" label: "/home/sogilis/XReq-Enhanced/src/xreqlib/x86_64/xreqlib-cli.adb:187:37" }
edge: { sourcename: "xreqlib__cli__parse_arguments" targetname: "__gnat_rcheck_CE_Range_Check" label: "/home/sogilis/XReq-Enhanced/src/xreqlib/x86_64/xreqlib-cli.adb:180:18" }
edge: { sourcename: "xreqlib__cli__parse_arguments" targetname: "ada__strings__fixed__translate__2" label: "/home/sogilis/XReq-Enhanced/src/xreqlib/x86_64/xreqlib-cli.adb:180:18" }
edge: { sourcename: "xreqlib__cli__parse_arguments" targetname: "gnat__command_line__parameter" label: "/home/sogilis/XReq-Enhanced/src/xreqlib/x86_64/xreqlib-cli.adb:180:29" }
edge: { sourcename: "xreqlib__cli__parse_arguments" targetname: "system__secondary_stack__ss_mark" label: "/home/sogilis/XReq-Enhanced/src/xreqlib/x86_64/xreqlib-cli.adb:178:13" }
edge: { sourcename: "xreqlib__cli__parse_arguments" targetname: "/home/sogilis/XReq-Enhanced/src/xreqlib/x86_64/xreqlib-cli.adb:xreqlib__cli__parse_arguments__getopt_loop__B121b___finalizer.5608" label: "/home/sogilis/XReq-Enhanced/src/xreqlib/x86_64/xreqlib-cli.adb:175:0" }
edge: { sourcename: "xreqlib__cli__parse_arguments" targetname: "memcmp" label: "/home/sogilis/XReq-Enhanced/src/xreqlib/x86_64/xreqlib-cli.adb:176:33" }
edge: { sourcename: "xreqlib__cli__parse_arguments" targetname: "gnat__command_line__full_switch" label: "/home/sogilis/XReq-Enhanced/src/xreqlib/x86_64/xreqlib-cli.adb:176:12" }
edge: { sourcename: "xreqlib__cli__parse_arguments" targetname: "gnat__command_line__full_switch" label: "/home/sogilis/XReq-Enhanced/src/xreqlib/x86_64/xreqlib-cli.adb:175:16" }
edge: { sourcename: "xreqlib__cli__parse_arguments" targetname: "system__secondary_stack__ss_mark" label: "/home/sogilis/XReq-Enhanced/src/xreqlib/x86_64/xreqlib-cli.adb:175:43" }
edge: { sourcename: "xreqlib__cli__parse_arguments" targetname: "/home/sogilis/XReq-Enhanced/src/xreqlib/x86_64/xreqlib-cli.adb:xreqlib__cli__parse_arguments__getopt_loop__B102b___finalizer.5578" label: "/home/sogilis/XReq-Enhanced/src/xreqlib/x86_64/xreqlib-cli.adb:173:0" }
edge: { sourcename: "xreqlib__cli__parse_arguments" targetname: "__gnat_raise_from_controlled_operation" label: "/home/sogilis/XReq-Enhanced/src/xreqlib/x86_64/xreqlib-cli.adb:173:21" }
edge: { sourcename: "xreqlib__cli__parse_arguments" targetname: "__indirect_call" label: "/home/sogilis/XReq-Enhanced/src/xreqlib/x86_64/xreqlib-cli.adb:173:21" }
edge: { sourcename: "xreqlib__cli__parse_arguments" targetname: "xreqlib__format__conditional_typeDF" label: "/home/sogilis/XReq-Enhanced/src/xreqlib/x86_64/xreqlib-cli.adb:173:21" }
edge: { sourcename: "xreqlib__cli__parse_arguments" targetname: "__indirect_call" label: "/home/sogilis/XReq-Enhanced/src/xreqlib/x86_64/xreqlib-cli.adb:173:21" }
edge: { sourcename: "xreqlib__cli__parse_arguments" targetname: "ada__exceptions__triggered_by_abort" label: "/home/sogilis/XReq-Enhanced/src/xreqlib/x86_64/xreqlib-cli.adb:173:21" }
edge: { sourcename: "xreqlib__cli__parse_arguments" targetname: "system__standard_library__abort_undefer_direct" label: "/home/sogilis/XReq-Enhanced/src/xreqlib/x86_64/xreqlib-cli.adb:173:0" }
edge: { sourcename: "xreqlib__cli__parse_arguments" targetname: "xreqlib__format___assign" label: "/home/sogilis/XReq-Enhanced/src/xreqlib/x86_64/xreqlib-cli.adb:173:18" }
edge: { sourcename: "xreqlib__cli__parse_arguments" targetname: "__indirect_call" label: "/home/sogilis/XReq-Enhanced/src/xreqlib/x86_64/xreqlib-cli.adb:173:18" }
edge: { sourcename: "xreqlib__cli__parse_arguments" targetname: "xreqlib__format__create" label: "/home/sogilis/XReq-Enhanced/src/xreqlib/x86_64/xreqlib-cli.adb:173:21" }
edge: { sourcename: "xreqlib__cli__parse_arguments" targetname: "gnat__command_line__parameter" label: "/home/sogilis/XReq-Enhanced/src/xreqlib/x86_64/xreqlib-cli.adb:173:29" }
edge: { sourcename: "xreqlib__cli__parse_arguments" targetname: "system__secondary_stack__ss_mark" label: "/home/sogilis/XReq-Enhanced/src/xreqlib/x86_64/xreqlib-cli.adb:173:18" }
edge: { sourcename: "xreqlib__cli__parse_arguments" targetname: "/home/sogilis/XReq-Enhanced/src/xreqlib/x86_64/xreqlib-cli.adb:xreqlib__cli__parse_arguments__getopt_loop__B97b___finalizer.5569" label: "/home/sogilis/XReq-Enhanced/src/xreqlib/x86_64/xreqlib-cli.adb:170:0" }
edge: { sourcename: "xreqlib__cli__parse_arguments" targetname: "memcmp" label: "/home/sogilis/XReq-Enhanced/src/xreqlib/x86_64/xreqlib-cli.adb:171:33" }
edge: { sourcename: "xreqlib__cli__parse_arguments" targetname: "gnat__command_line__full_switch" label: "/home/sogilis/XReq-Enhanced/src/xreqlib/x86_64/xreqlib-cli.adb:171:12" }
edge: { sourcename: "xreqlib__cli__parse_arguments" targetname: "gnat__command_line__full_switch" label: "/home/sogilis/XReq-Enhanced/src/xreqlib/x86_64/xreqlib-cli.adb:170:16" }
edge: { sourcename: "xreqlib__cli__parse_arguments" targetname: "system__secondary_stack__ss_mark" label: "/home/sogilis/XReq-Enhanced/src/xreqlib/x86_64/xreqlib-cli.adb:170:43" }
edge: { sourcename: "xreqlib__cli__parse_arguments" targetname: "/home/sogilis/XReq-Enhanced/src/xreqlib/x86_64/xreqlib-cli.adb:xreqlib__cli__parse_arguments__getopt_loop__B93b___finalizer.5563" label: "/home/sogilis/XReq-Enhanced/src/xreqlib/x86_64/xreqlib-cli.adb:167:0" }
edge: { sourcename: "xreqlib__cli__parse_arguments" targetname: "memcmp" label: "/home/sogilis/XReq-Enhanced/src/xreqlib/x86_64/xreqlib-cli.adb:167:37" }
edge: { sourcename: "xreqlib__cli__parse_arguments" targetname: "gnat__command_line__full_switch" label: "/home/sogilis/XReq-Enhanced/src/xreqlib/x86_64/xreqlib-cli.adb:167:16" }
edge: { sourcename: "xreqlib__cli__parse_arguments" targetname: "system__secondary_stack__ss_mark" label: "/home/sogilis/XReq-Enhanced/src/xreqlib/x86_64/xreqlib-cli.adb:167:37" }
edge: { sourcename: "xreqlib__cli__parse_arguments" targetname: "/home/sogilis/XReq-Enhanced/src/xreqlib/x86_64/xreqlib-cli.adb:xreqlib__cli__parse_arguments__getopt_loop__B88b___finalizer.5555" label: "/home/sogilis/XReq-Enhanced/src/xreqlib/x86_64/xreqlib-cli.adb:162:0" }
edge: { sourcename: "xreqlib__cli__parse_arguments" targetname: "memcmp" label: "/home/sogilis/XReq-Enhanced/src/xreqlib/x86_64/xreqlib-cli.adb:163:33" }
edge: { sourcename: "xreqlib__cli__parse_arguments" targetname: "gnat__command_line__full_switch" label: "/home/sogilis/XReq-Enhanced/src/xreqlib/x86_64/xreqlib-cli.adb:163:12" }
edge: { sourcename: "xreqlib__cli__parse_arguments" targetname: "gnat__command_line__full_switch" label: "/home/sogilis/XReq-Enhanced/src/xreqlib/x86_64/xreqlib-cli.adb:162:16" }
edge: { sourcename: "xreqlib__cli__parse_arguments" targetname: "system__secondary_stack__ss_mark" label: "/home/sogilis/XReq-Enhanced/src/xreqlib/x86_64/xreqlib-cli.adb:162:43" }
edge: { sourcename: "xreqlib__cli__parse_arguments" targetname: "xreqlib__cli__help" label: "/home/sogilis/XReq-Enhanced/src/xreqlib/x86_64/xreqlib-cli.adb:158:13" }
edge: { sourcename: "xreqlib__cli__parse_arguments" targetname: "/home/sogilis/XReq-Enhanced/src/xreqlib/x86_64/xreqlib-cli.adb:xreqlib__cli__parse_arguments__getopt_loop__B82b___finalizer.5542" label: "/home/sogilis/XReq-Enhanced/src/xreqlib/x86_64/xreqlib-cli.adb:155:0" }
edge: { sourcename: "xreqlib__cli__parse_arguments" targetname: "memcmp" label: "/home/sogilis/XReq-Enhanced/src/xreqlib/x86_64/xreqlib-cli.adb:156:33" }
edge: { sourcename: "xreqlib__cli__parse_arguments" targetname: "gnat__command_line__full_switch" label: "/home/sogilis/XReq-Enhanced/src/xreqlib/x86_64/xreqlib-cli.adb:156:12" }
edge: { sourcename: "xreqlib__cli__parse_arguments" targetname: "gnat__command_line__full_switch" label: "/home/sogilis/XReq-Enhanced/src/xreqlib/x86_64/xreqlib-cli.adb:155:12" }
edge: { sourcename: "xreqlib__cli__parse_arguments" targetname: "gnat__command_line__full_switch" label: "/home/sogilis/XReq-Enhanced/src/xreqlib/x86_64/xreqlib-cli.adb:154:13" }
edge: { sourcename: "xreqlib__cli__parse_arguments" targetname: "system__secondary_stack__ss_mark" label: "/home/sogilis/XReq-Enhanced/src/xreqlib/x86_64/xreqlib-cli.adb:155:42" }
edge: { sourcename: "xreqlib__cli__parse_arguments" targetname: "gnat__command_line__getopt" label: "/home/sogilis/XReq-Enhanced/src/xreqlib/x86_64/xreqlib-cli.adb:152:13" }
edge: { sourcename: "xreqlib__cli__parse_arguments" targetname: "xreqlib__standard_io__t_standard_ioDI" label: "/home/sogilis/XReq-Enhanced/src/xreqlib/x86_64/xreqlib-cli.adb:149:23" }
edge: { sourcename: "xreqlib__cli__parse_arguments" targetname: "xreqlib__standard_io__t_standard_ioIP" label: "/home/sogilis/XReq-Enhanced/src/xreqlib/x86_64/xreqlib-cli.adb:149:23" }
edge: { sourcename: "xreqlib__cli__parse_arguments" targetname: "/home/sogilis/XReq-Enhanced/src/xreqlib/x86_64/xreqlib-cli.adb:xreqlib__cli__parse_arguments__P76b.5453" label: "/home/sogilis/XReq-Enhanced/src/xreqlib/x86_64/xreqlib-cli.adb:149:23" }
edge: { sourcename: "xreqlib__cli__parse_arguments" targetname: "/home/sogilis/XReq-Enhanced/src/xreqlib/x86_64/xreqlib-cli.adb:xreqlib__cli__parse_arguments__F69b.5429" label: "/home/sogilis/XReq-Enhanced/src/xreqlib/x86_64/xreqlib-cli.adb:147:23" }
edge: { sourcename: "xreqlib__cli__parse_arguments" targetname: "gnat__command_line__initialize_option_scan__2" label: "/home/sogilis/XReq-Enhanced/src/xreqlib/x86_64/xreqlib-cli.adb:145:7" }
edge: { sourcename: "xreqlib__cli__parse_arguments" targetname: "system__standard_library__abort_undefer_direct" label: "/home/sogilis/XReq-Enhanced/src/xreqlib/x86_64/xreqlib-cli.adb:144:0" }
edge: { sourcename: "xreqlib__cli__parse_arguments" targetname: "xreqlib__format___assign" label: "/home/sogilis/XReq-Enhanced/src/xreqlib/x86_64/xreqlib-cli.adb:144:17" }
edge: { sourcename: "xreqlib__cli__parse_arguments" targetname: "__indirect_call" label: "/home/sogilis/XReq-Enhanced/src/xreqlib/x86_64/xreqlib-cli.adb:144:17" }
edge: { sourcename: "xreqlib__cli__parse_arguments" targetname: "xreqlib__format__multi__new_multi_format" label: "/home/sogilis/XReq-Enhanced/src/xreqlib/x86_64/xreqlib-cli.adb:138:51" }
edge: { sourcename: "xreqlib__cli__parse_arguments" targetname: "system__standard_library__abort_undefer_direct" label: "/home/sogilis/XReq-Enhanced/src/xreqlib/x86_64/xreqlib-cli.adb:135:0" }
edge: { sourcename: "xreqlib__cli__parse_arguments" targetname: "ada__strings__unbounded__initialize__2" label: "/home/sogilis/XReq-Enhanced/src/xreqlib/x86_64/xreqlib-cli.adb:135:7" }
edge: { sourcename: "xreqlib__cli__parse_arguments" targetname: "ada__strings__unbounded__unbounded_stringIP" label: "/home/sogilis/XReq-Enhanced/src/xreqlib/x86_64/xreqlib-cli.adb:135:7" }
edge: { sourcename: "xreqlib__cli__parse_arguments" targetname: "__indirect_call" label: "/home/sogilis/XReq-Enhanced/src/xreqlib/x86_64/xreqlib-cli.adb:135:7" }
edge: { sourcename: "xreqlib__cli__parse_arguments" targetname: "ada__strings__unbounded__adjust__2" label: "/home/sogilis/XReq-Enhanced/src/xreqlib/x86_64/xreqlib-cli.adb:134:7" }
node: { title: "/home/sogilis/XReq-Enhanced/src/xreqlib/x86_64/xreqlib-cli.adb:xreqlib__cli__parse_arguments___finalizer.4976" label: "Parse_Arguments\n/home/sogilis/XReq-Enhanced/src/xreqlib/x86_64/xreqlib-cli.adb:117:4\n736 bytes (static)\n0 dynamic objects" }
edge: { sourcename: "/home/sogilis/XReq-Enhanced/src/xreqlib/x86_64/xreqlib-cli.adb:xreqlib__cli__parse_arguments___finalizer.4976" targetname: "_Unwind_Resume" }
edge: { sourcename: "/home/sogilis/XReq-Enhanced/src/xreqlib/x86_64/xreqlib-cli.adb:xreqlib__cli__parse_arguments___finalizer.4976" targetname: "__gnat_end_handler" label: "/home/sogilis/XReq-Enhanced/src/xreqlib/x86_64/xreqlib-cli.adb:117:0" }
edge: { sourcename: "/home/sogilis/XReq-Enhanced/src/xreqlib/x86_64/xreqlib-cli.adb:xreqlib__cli__parse_arguments___finalizer.4976" targetname: "ada__exceptions__save_occurrence" label: "/home/sogilis/XReq-Enhanced/src/xreqlib/x86_64/xreqlib-cli.adb:117:4" }
edge: { sourcename: "/home/sogilis/XReq-Enhanced/src/xreqlib/x86_64/xreqlib-cli.adb:xreqlib__cli__parse_arguments___finalizer.4976" targetname: "__indirect_call" label: "/home/sogilis/XReq-Enhanced/src/xreqlib/x86_64/xreqlib-cli.adb:117:4" }
edge: { sourcename: "/home/sogilis/XReq-Enhanced/src/xreqlib/x86_64/xreqlib-cli.adb:xreqlib__cli__parse_arguments___finalizer.4976" targetname: "__gnat_begin_handler" label: "/home/sogilis/XReq-Enhanced/src/xreqlib/x86_64/xreqlib-cli.adb:117:4" }
edge: { sourcename: "/home/sogilis/XReq-Enhanced/src/xreqlib/x86_64/xreqlib-cli.adb:xreqlib__cli__parse_arguments___finalizer.4976" targetname: "_Unwind_Resume" }
edge: { sourcename: "/home/sogilis/XReq-Enhanced/src/xreqlib/x86_64/xreqlib-cli.adb:xreqlib__cli__parse_arguments___finalizer.4976" targetname: "_Unwind_Resume" }
edge: { sourcename: "/home/sogilis/XReq-Enhanced/src/xreqlib/x86_64/xreqlib-cli.adb:xreqlib__cli__parse_arguments___finalizer.4976" targetname: "__gnat_end_handler" label: "/home/sogilis/XReq-Enhanced/src/xreqlib/x86_64/xreqlib-cli.adb:117:0" }
edge: { sourcename: "/home/sogilis/XReq-Enhanced/src/xreqlib/x86_64/xreqlib-cli.adb:xreqlib__cli__parse_arguments___finalizer.4976" targetname: "ada__exceptions__save_occurrence" label: "/home/sogilis/XReq-Enhanced/src/xreqlib/x86_64/xreqlib-cli.adb:117:4" }
edge: { sourcename: "/home/sogilis/XReq-Enhanced/src/xreqlib/x86_64/xreqlib-cli.adb:xreqlib__cli__parse_arguments___finalizer.4976" targetname: "__indirect_call" label: "/home/sogilis/XReq-Enhanced/src/xreqlib/x86_64/xreqlib-cli.adb:117:4" }
edge: { sourcename: "/home/sogilis/XReq-Enhanced/src/xreqlib/x86_64/xreqlib-cli.adb:xreqlib__cli__parse_arguments___finalizer.4976" targetname: "__gnat_begin_handler" label: "/home/sogilis/XReq-Enhanced/src/xreqlib/x86_64/xreqlib-cli.adb:117:4" }
edge: { sourcename: "/home/sogilis/XReq-Enhanced/src/xreqlib/x86_64/xreqlib-cli.adb:xreqlib__cli__parse_arguments___finalizer.4976" targetname: "_Unwind_Resume" }
edge: { sourcename: "/home/sogilis/XReq-Enhanced/src/xreqlib/x86_64/xreqlib-cli.adb:xreqlib__cli__parse_arguments___finalizer.4976" targetname: "__gnat_raise_from_controlled_operation" label: "/home/sogilis/XReq-Enhanced/src/xreqlib/x86_64/xreqlib-cli.adb:117:4" }
edge: { sourcename: "/home/sogilis/XReq-Enhanced/src/xreqlib/x86_64/xreqlib-cli.adb:xreqlib__cli__parse_arguments___finalizer.4976" targetname: "__indirect_call" label: "/home/sogilis/XReq-Enhanced/src/xreqlib/x86_64/xreqlib-cli.adb:117:4" }
edge: { sourcename: "/home/sogilis/XReq-Enhanced/src/xreqlib/x86_64/xreqlib-cli.adb:xreqlib__cli__parse_arguments___finalizer.4976" targetname: "ada__strings__unbounded__finalize__2" label: "/home/sogilis/XReq-Enhanced/src/xreqlib/x86_64/xreqlib-cli.adb:134:7" }
edge: { sourcename: "/home/sogilis/XReq-Enhanced/src/xreqlib/x86_64/xreqlib-cli.adb:xreqlib__cli__parse_arguments___finalizer.4976" targetname: "ada__strings__unbounded__finalize__2" label: "/home/sogilis/XReq-Enhanced/src/xreqlib/x86_64/xreqlib-cli.adb:135:7" }
edge: { sourcename: "/home/sogilis/XReq-Enhanced/src/xreqlib/x86_64/xreqlib-cli.adb:xreqlib__cli__parse_arguments___finalizer.4976" targetname: "__indirect_call" label: "/home/sogilis/XReq-Enhanced/src/xreqlib/x86_64/xreqlib-cli.adb:117:4" }
edge: { sourcename: "/home/sogilis/XReq-Enhanced/src/xreqlib/x86_64/xreqlib-cli.adb:xreqlib__cli__parse_arguments___finalizer.4976" targetname: "ada__exceptions__triggered_by_abort" label: "/home/sogilis/XReq-Enhanced/src/xreqlib/x86_64/xreqlib-cli.adb:117:4" }
node: { title: "xreqlib__cli__get_arguments" label: "Get_Arguments\n/home/sogilis/XReq-Enhanced/src/xreqlib/x86_64/xreqlib-cli.adb:108:4\n144 bytes (static)\n0 dynamic objects" }
edge: { sourcename: "xreqlib__cli__get_arguments" targetname: "_Unwind_Resume" }
edge: { sourcename: "xreqlib__cli__get_arguments" targetname: "/home/sogilis/XReq-Enhanced/src/xreqlib/x86_64/xreqlib-cli.adb:xreqlib__cli__get_arguments__L_1__B61b___finalizer.4951" label: "/home/sogilis/XReq-Enhanced/src/xreqlib/x86_64/xreqlib-cli.adb:113:0" }
edge: { sourcename: "xreqlib__cli__get_arguments" targetname: "memcpy" }
edge: { sourcename: "xreqlib__cli__get_arguments" targetname: "/home/sogilis/XReq-Enhanced/src/xreqlib/x86_64/xreqlib-cli.adb:_GLOBAL__SZ1_xreqlib__cli" label: "/home/sogilis/XReq-Enhanced/src/xreqlib/x86_64/xreqlib-cli.adb:113:19" }
edge: { sourcename: "xreqlib__cli__get_arguments" targetname: "__gnat_malloc" label: "/home/sogilis/XReq-Enhanced/src/xreqlib/x86_64/xreqlib-cli.adb:113:19" }
edge: { sourcename: "xreqlib__cli__get_arguments" targetname: "/home/sogilis/XReq-Enhanced/src/xreqlib/x86_64/xreqlib-cli.adb:_GLOBAL__SZ1_xreqlib__cli" label: "/home/sogilis/XReq-Enhanced/src/xreqlib/x86_64/xreqlib-cli.adb:113:19" }
edge: { sourcename: "xreqlib__cli__get_arguments" targetname: "ada__command_line__argument" label: "/home/sogilis/XReq-Enhanced/src/xreqlib/x86_64/xreqlib-cli.adb:113:34" }
edge: { sourcename: "xreqlib__cli__get_arguments" targetname: "system__secondary_stack__ss_mark" label: "/home/sogilis/XReq-Enhanced/src/xreqlib/x86_64/xreqlib-cli.adb:113:19" }
edge: { sourcename: "xreqlib__cli__get_arguments" targetname: "__gnat_rcheck_CE_Index_Check_ext" label: "/home/sogilis/XReq-Enhanced/src/xreqlib/x86_64/xreqlib-cli.adb:113:10" }
edge: { sourcename: "xreqlib__cli__get_arguments" targetname: "__gnat_rcheck_CE_Access_Check_ext" label: "/home/sogilis/XReq-Enhanced/src/xreqlib/x86_64/xreqlib-cli.adb:113:10" }
edge: { sourcename: "xreqlib__cli__get_arguments" targetname: "system__strings__string_listIP" label: "/home/sogilis/XReq-Enhanced/src/xreqlib/x86_64/xreqlib-cli.adb:111:15" }
edge: { sourcename: "xreqlib__cli__get_arguments" targetname: "__gnat_malloc" label: "/home/sogilis/XReq-Enhanced/src/xreqlib/x86_64/xreqlib-cli.adb:111:15" }
edge: { sourcename: "xreqlib__cli__get_arguments" targetname: "ada__command_line__argument_count" label: "/home/sogilis/XReq-Enhanced/src/xreqlib/x86_64/xreqlib-cli.adb:109:35" }
node: { title: "/home/sogilis/XReq-Enhanced/src/xreqlib/x86_64/xreqlib-cli.adb:xreqlib__cli__get_arguments__L_1__B61b___finalizer.4951" label: "B61b\n/home/sogilis/XReq-Enhanced/src/xreqlib/x86_64/xreqlib-cli.adb:113:19\n32 bytes (static)\n0 dynamic objects" }
edge: { sourcename: "/home/sogilis/XReq-Enhanced/src/xreqlib/x86_64/xreqlib-cli.adb:xreqlib__cli__get_arguments__L_1__B61b___finalizer.4951" targetname: "system__secondary_stack__ss_release" label: "/home/sogilis/XReq-Enhanced/src/xreqlib/x86_64/xreqlib-cli.adb:113:19" }
node: { title: "xreqlib__cli__help" label: "Help\n/home/sogilis/XReq-Enhanced/src/xreqlib/x86_64/xreqlib-cli.adb:46:4\n896 bytes (dynamic)\n2 dynamic objects\n S7b /home/sogilis/XReq-Enhanced/src/xreqlib/x86_64/xreqlib-cli.adb:54:22\n S17b /home/sogilis/XReq-Enhanced/src/xreqlib/x86_64/xreqlib-cli.adb:58:31" }
edge: { sourcename: "xreqlib__cli__help" targetname: "ada__text_io__put_line__2" label: "/home/sogilis/XReq-Enhanced/src/xreqlib/x86_64/xreqlib-cli.adb:99:7" }
edge: { sourcename: "xreqlib__cli__help" targetname: "ada__text_io__put_line__2" label: "/home/sogilis/XReq-Enhanced/src/xreqlib/x86_64/xreqlib-cli.adb:98:7" }
edge: { sourcename: "xreqlib__cli__help" targetname: "ada__text_io__put_line__2" label: "/home/sogilis/XReq-Enhanced/src/xreqlib/x86_64/xreqlib-cli.adb:97:7" }
edge: { sourcename: "xreqlib__cli__help" targetname: "ada__text_io__put_line__2" label: "/home/sogilis/XReq-Enhanced/src/xreqlib/x86_64/xreqlib-cli.adb:96:7" }
edge: { sourcename: "xreqlib__cli__help" targetname: "ada__text_io__put_line__2" label: "/home/sogilis/XReq-Enhanced/src/xreqlib/x86_64/xreqlib-cli.adb:95:7" }
edge: { sourcename: "xreqlib__cli__help" targetname: "ada__text_io__put_line__2" label: "/home/sogilis/XReq-Enhanced/src/xreqlib/x86_64/xreqlib-cli.adb:94:7" }
edge: { sourcename: "xreqlib__cli__help" targetname: "ada__text_io__put_line__2" label: "/home/sogilis/XReq-Enhanced/src/xreqlib/x86_64/xreqlib-cli.adb:93:7" }
edge: { sourcename: "xreqlib__cli__help" targetname: "ada__text_io__put_line__2" label: "/home/sogilis/XReq-Enhanced/src/xreqlib/x86_64/xreqlib-cli.adb:91:7" }
edge: { sourcename: "xreqlib__cli__help" targetname: "ada__text_io__put_line__2" label: "/home/sogilis/XReq-Enhanced/src/xreqlib/x86_64/xreqlib-cli.adb:90:7" }
edge: { sourcename: "xreqlib__cli__help" targetname: "ada__text_io__put_line__2" label: "/home/sogilis/XReq-Enhanced/src/xreqlib/x86_64/xreqlib-cli.adb:89:7" }
edge: { sourcename: "xreqlib__cli__help" targetname: "ada__text_io__put_line__2" label: "/home/sogilis/XReq-Enhanced/src/xreqlib/x86_64/xreqlib-cli.adb:87:7" }
edge: { sourcename: "xreqlib__cli__help" targetname: "ada__text_io__put_line__2" label: "/home/sogilis/XReq-Enhanced/src/xreqlib/x86_64/xreqlib-cli.adb:86:7" }
edge: { sourcename: "xreqlib__cli__help" targetname: "ada__text_io__put_line__2" label: "/home/sogilis/XReq-Enhanced/src/xreqlib/x86_64/xreqlib-cli.adb:85:7" }
edge: { sourcename: "xreqlib__cli__help" targetname: "ada__text_io__put_line__2" label: "/home/sogilis/XReq-Enhanced/src/xreqlib/x86_64/xreqlib-cli.adb:83:7" }
edge: { sourcename: "xreqlib__cli__help" targetname: "ada__text_io__put_line__2" label: "/home/sogilis/XReq-Enhanced/src/xreqlib/x86_64/xreqlib-cli.adb:81:7" }
edge: { sourcename: "xreqlib__cli__help" targetname: "ada__text_io__put_line__2" label: "/home/sogilis/XReq-Enhanced/src/xreqlib/x86_64/xreqlib-cli.adb:80:7" }
edge: { sourcename: "xreqlib__cli__help" targetname: "ada__text_io__put_line__2" label: "/home/sogilis/XReq-Enhanced/src/xreqlib/x86_64/xreqlib-cli.adb:79:7" }
edge: { sourcename: "xreqlib__cli__help" targetname: "ada__text_io__put_line__2" label: "/home/sogilis/XReq-Enhanced/src/xreqlib/x86_64/xreqlib-cli.adb:78:7" }
edge: { sourcename: "xreqlib__cli__help" targetname: "ada__text_io__put_line__2" label: "/home/sogilis/XReq-Enhanced/src/xreqlib/x86_64/xreqlib-cli.adb:77:7" }
edge: { sourcename: "xreqlib__cli__help" targetname: "ada__text_io__put_line__2" label: "/home/sogilis/XReq-Enhanced/src/xreqlib/x86_64/xreqlib-cli.adb:76:7" }
edge: { sourcename: "xreqlib__cli__help" targetname: "ada__text_io__put_line__2" label: "/home/sogilis/XReq-Enhanced/src/xreqlib/x86_64/xreqlib-cli.adb:75:7" }
edge: { sourcename: "xreqlib__cli__help" targetname: "ada__text_io__put_line__2" label: "/home/sogilis/XReq-Enhanced/src/xreqlib/x86_64/xreqlib-cli.adb:73:7" }
edge: { sourcename: "xreqlib__cli__help" targetname: "ada__text_io__put_line__2" label: "/home/sogilis/XReq-Enhanced/src/xreqlib/x86_64/xreqlib-cli.adb:72:7" }
edge: { sourcename: "xreqlib__cli__help" targetname: "ada__text_io__put_line__2" label: "/home/sogilis/XReq-Enhanced/src/xreqlib/x86_64/xreqlib-cli.adb:71:7" }
edge: { sourcename: "xreqlib__cli__help" targetname: "ada__text_io__put_line__2" label: "/home/sogilis/XReq-Enhanced/src/xreqlib/x86_64/xreqlib-cli.adb:70:7" }
edge: { sourcename: "xreqlib__cli__help" targetname: "ada__text_io__put_line__2" label: "/home/sogilis/XReq-Enhanced/src/xreqlib/x86_64/xreqlib-cli.adb:69:7" }
edge: { sourcename: "xreqlib__cli__help" targetname: "ada__text_io__put_line__2" label: "/home/sogilis/XReq-Enhanced/src/xreqlib/x86_64/xreqlib-cli.adb:68:7" }
edge: { sourcename: "xreqlib__cli__help" targetname: "ada__text_io__put_line__2" label: "/home/sogilis/XReq-Enhanced/src/xreqlib/x86_64/xreqlib-cli.adb:67:7" }
edge: { sourcename: "xreqlib__cli__help" targetname: "ada__text_io__put_line__2" label: "/home/sogilis/XReq-Enhanced/src/xreqlib/x86_64/xreqlib-cli.adb:66:7" }
edge: { sourcename: "xreqlib__cli__help" targetname: "ada__text_io__put_line__2" label: "/home/sogilis/XReq-Enhanced/src/xreqlib/x86_64/xreqlib-cli.adb:65:7" }
edge: { sourcename: "xreqlib__cli__help" targetname: "ada__text_io__put_line__2" label: "/home/sogilis/XReq-Enhanced/src/xreqlib/x86_64/xreqlib-cli.adb:64:7" }
edge: { sourcename: "xreqlib__cli__help" targetname: "ada__text_io__put_line__2" label: "/home/sogilis/XReq-Enhanced/src/xreqlib/x86_64/xreqlib-cli.adb:63:7" }
edge: { sourcename: "xreqlib__cli__help" targetname: "ada__text_io__put_line__2" label: "/home/sogilis/XReq-Enhanced/src/xreqlib/x86_64/xreqlib-cli.adb:62:7" }
edge: { sourcename: "xreqlib__cli__help" targetname: "ada__text_io__put_line__2" label: "/home/sogilis/XReq-Enhanced/src/xreqlib/x86_64/xreqlib-cli.adb:61:7" }
edge: { sourcename: "xreqlib__cli__help" targetname: "ada__text_io__put_line__2" label: "/home/sogilis/XReq-Enhanced/src/xreqlib/x86_64/xreqlib-cli.adb:60:7" }
edge: { sourcename: "xreqlib__cli__help" targetname: "ada__text_io__put_line__2" label: "/home/sogilis/XReq-Enhanced/src/xreqlib/x86_64/xreqlib-cli.adb:59:7" }
edge: { sourcename: "xreqlib__cli__help" targetname: "ada__text_io__put_line__2" label: "/home/sogilis/XReq-Enhanced/src/xreqlib/x86_64/xreqlib-cli.adb:58:7" }
edge: { sourcename: "xreqlib__cli__help" targetname: "system__concat_3__str_concat_3" label: "/home/sogilis/XReq-Enhanced/src/xreqlib/x86_64/xreqlib-cli.adb:58:31" }
edge: { sourcename: "xreqlib__cli__help" targetname: "ada__text_io__put_line__2" label: "/home/sogilis/XReq-Enhanced/src/xreqlib/x86_64/xreqlib-cli.adb:57:7" }
edge: { sourcename: "xreqlib__cli__help" targetname: "ada__text_io__put_line__2" label: "/home/sogilis/XReq-Enhanced/src/xreqlib/x86_64/xreqlib-cli.adb:56:7" }
edge: { sourcename: "xreqlib__cli__help" targetname: "ada__text_io__put_line__2" label: "/home/sogilis/XReq-Enhanced/src/xreqlib/x86_64/xreqlib-cli.adb:55:7" }
edge: { sourcename: "xreqlib__cli__help" targetname: "ada__text_io__put_line__2" label: "/home/sogilis/XReq-Enhanced/src/xreqlib/x86_64/xreqlib-cli.adb:54:7" }
edge: { sourcename: "xreqlib__cli__help" targetname: "system__concat_2__str_concat_2" label: "/home/sogilis/XReq-Enhanced/src/xreqlib/x86_64/xreqlib-cli.adb:54:22" }
}
