graph: { title: "/home/sogilis/XReq-Enhanced/src/xreqlib/common/xreqlib-comparisons-tolerance_detection.adb"
node: { title: "__gnat_rcheck_CE_Index_Check" label: "gnat_rcheck_CE_Index_Check\n<built-in>" shape : ellipse }
node: { title: "ada__strings__fixed__index__3" label: "Index\n/home/sogilis/opt/GNAT/2019/lib/gcc/x86_64-pc-linux-gnu/8.3.1/adainclude/a-strfix.ads:143:13" shape : ellipse }
node: { title: "xreqlib__comparisons__tolerance_detection__match_includes_strictly_lower" label: "Match_Includes_Strictly_Lower\n/home/sogilis/XReq-Enhanced/src/xreqlib/common/xreqlib-comparisons-tolerance_detection.adb:78:4\n48 bytes (static)\n0 dynamic objects" }
edge: { sourcename: "xreqlib__comparisons__tolerance_detection__match_includes_strictly_lower" targetname: "ada__strings__fixed__index__3" label: "/home/sogilis/XReq-Enhanced/src/xreqlib/common/xreqlib-comparisons-tolerance_detection.adb:80:31" }
node: { title: "xreqlib__comparisons__tolerance_detection__match_includes_lower" label: "Match_Includes_Lower\n/home/sogilis/XReq-Enhanced/src/xreqlib/common/xreqlib-comparisons-tolerance_detection.adb:73:4\n48 bytes (static)\n0 dynamic objects" }
edge: { sourcename: "xreqlib__comparisons__tolerance_detection__match_includes_lower" targetname: "ada__strings__fixed__index__3" label: "/home/sogilis/XReq-Enhanced/src/xreqlib/common/xreqlib-comparisons-tolerance_detection.adb:75:31" }
node: { title: "xreqlib__comparisons__tolerance_detection__match_includes_strictly_greater" label: "Match_Includes_Strictly_Greater\n/home/sogilis/XReq-Enhanced/src/xreqlib/common/xreqlib-comparisons-tolerance_detection.adb:68:4\n48 bytes (static)\n0 dynamic objects" }
edge: { sourcename: "xreqlib__comparisons__tolerance_detection__match_includes_strictly_greater" targetname: "ada__strings__fixed__index__3" label: "/home/sogilis/XReq-Enhanced/src/xreqlib/common/xreqlib-comparisons-tolerance_detection.adb:70:31" }
node: { title: "xreqlib__comparisons__tolerance_detection__match_includes_greater" label: "Match_Includes_Greater\n/home/sogilis/XReq-Enhanced/src/xreqlib/common/xreqlib-comparisons-tolerance_detection.adb:63:4\n48 bytes (static)\n0 dynamic objects" }
edge: { sourcename: "xreqlib__comparisons__tolerance_detection__match_includes_greater" targetname: "ada__strings__fixed__index__3" label: "/home/sogilis/XReq-Enhanced/src/xreqlib/common/xreqlib-comparisons-tolerance_detection.adb:65:31" }
node: { title: "xreqlib__comparisons__tolerance_detection__match_includes_relative_tolerance" label: "Match_Includes_Relative_Tolerance\n/home/sogilis/XReq-Enhanced/src/xreqlib/common/xreqlib-comparisons-tolerance_detection.adb:55:4\n64 bytes (static)\n0 dynamic objects" }
edge: { sourcename: "xreqlib__comparisons__tolerance_detection__match_includes_relative_tolerance" targetname: "__gnat_rcheck_CE_Index_Check" label: "/home/sogilis/XReq-Enhanced/src/xreqlib/common/xreqlib-comparisons-tolerance_detection.adb:60:20" }
edge: { sourcename: "xreqlib__comparisons__tolerance_detection__match_includes_relative_tolerance" targetname: "xreqlib__comparisons__tolerance_detection__tild_index_in_match" label: "/home/sogilis/XReq-Enhanced/src/xreqlib/common/xreqlib-comparisons-tolerance_detection.adb:59:14" }
node: { title: "xreqlib__comparisons__tolerance_detection__match_includes_absolute_tolerance" label: "Match_Includes_Absolute_Tolerance\n/home/sogilis/XReq-Enhanced/src/xreqlib/common/xreqlib-comparisons-tolerance_detection.adb:47:4\n32 bytes (static)\n0 dynamic objects" }
edge: { sourcename: "xreqlib__comparisons__tolerance_detection__match_includes_absolute_tolerance" targetname: "xreqlib__comparisons__tolerance_detection__match_includes_relative_tolerance" label: "/home/sogilis/XReq-Enhanced/src/xreqlib/common/xreqlib-comparisons-tolerance_detection.adb:52:22" }
edge: { sourcename: "xreqlib__comparisons__tolerance_detection__match_includes_absolute_tolerance" targetname: "xreqlib__comparisons__tolerance_detection__tild_index_in_match" label: "/home/sogilis/XReq-Enhanced/src/xreqlib/common/xreqlib-comparisons-tolerance_detection.adb:51:14" }
node: { title: "xreqlib__comparisons__tolerance_detection__tild_index_in_match" label: "Tild_Index_In_Match\n/home/sogilis/XReq-Enhanced/src/xreqlib/common/xreqlib-comparisons-tolerance_detection.adb:42:4\n48 bytes (static)\n0 dynamic objects" }
edge: { sourcename: "xreqlib__comparisons__tolerance_detection__tild_index_in_match" targetname: "ada__strings__fixed__index__3" label: "/home/sogilis/XReq-Enhanced/src/xreqlib/common/xreqlib-comparisons-tolerance_detection.adb:44:31" }
node: { title: "xreqlib__comparisons__tolerance_detection__get_match_type" label: "Get_Match_Type\n/home/sogilis/XReq-Enhanced/src/xreqlib/common/xreqlib-comparisons-tolerance_detection.adb:23:4\n48 bytes (static)\n0 dynamic objects" }
edge: { sourcename: "xreqlib__comparisons__tolerance_detection__get_match_type" targetname: "xreqlib__comparisons__tolerance_detection__match_includes_strictly_lower" label: "/home/sogilis/XReq-Enhanced/src/xreqlib/common/xreqlib-comparisons-tolerance_detection.adb:36:13" }
edge: { sourcename: "xreqlib__comparisons__tolerance_detection__get_match_type" targetname: "xreqlib__comparisons__tolerance_detection__match_includes_lower" label: "/home/sogilis/XReq-Enhanced/src/xreqlib/common/xreqlib-comparisons-tolerance_detection.adb:34:13" }
edge: { sourcename: "xreqlib__comparisons__tolerance_detection__get_match_type" targetname: "xreqlib__comparisons__tolerance_detection__match_includes_strictly_greater" label: "/home/sogilis/XReq-Enhanced/src/xreqlib/common/xreqlib-comparisons-tolerance_detection.adb:32:13" }
edge: { sourcename: "xreqlib__comparisons__tolerance_detection__get_match_type" targetname: "xreqlib__comparisons__tolerance_detection__match_includes_greater" label: "/home/sogilis/XReq-Enhanced/src/xreqlib/common/xreqlib-comparisons-tolerance_detection.adb:30:13" }
edge: { sourcename: "xreqlib__comparisons__tolerance_detection__get_match_type" targetname: "xreqlib__comparisons__tolerance_detection__match_includes_relative_tolerance" label: "/home/sogilis/XReq-Enhanced/src/xreqlib/common/xreqlib-comparisons-tolerance_detection.adb:28:13" }
edge: { sourcename: "xreqlib__comparisons__tolerance_detection__get_match_type" targetname: "xreqlib__comparisons__tolerance_detection__match_includes_absolute_tolerance" label: "/home/sogilis/XReq-Enhanced/src/xreqlib/common/xreqlib-comparisons-tolerance_detection.adb:26:10" }
}
